<html>
<body>
<pre>
<h1>礦ision Build Log</h1>
<h2>Tool Versions:</h2>
IDE-Version: μVision V5.18.0.0
Copyright (C) 2016 ARM Ltd and ARM Germany GmbH. All rights reserved.
License Information: hlkhjk kjlh, khjk, LIC=Z3CQD-8MML3-BUX4K-Z9JGU-Z4PU4-XKSS1
 
Tool Versions:
Toolchain:       MDK-ARM Professional  Version: 5.18
Toolchain Path:  G:\Program Files\keil5\ARM\ARMCC\Bin
C Compiler:      Armcc.exe V5.06 update 1 (build 61)
Assembler:       Armasm.exe V5.06 update 1 (build 61)
Linker/Locator:  ArmLink.exe V5.06 update 1 (build 61)
Library Manager: ArmAr.exe V5.06 update 1 (build 61)
Hex Converter:   FromElf.exe V5.06 update 1 (build 61)
CPU DLL:         SARMCM3.DLL V5.18
Dialog DLL:      DCM.DLL V1.13.6.0
Target DLL:      UL2CM3.DLL V1.157.5.0
Dialog DLL:      TCM.DLL V1.14.8.0
 
<h2>Project:</h2>
H:\电器开发部\STM32\工程练习\motor\USER\Template.uvprojx
Project File Date:  08/01/2019

<h2>Output:</h2>
*** Using Compiler 'V5.06 update 1 (build 61)', folder: 'G:\Program Files\keil5\ARM\ARMCC\Bin'
Rebuild target 'Template'
assembling startup_stm32f10x_hd.s...
compiling stm32f10x_crc.c...
compiling stm32f10x_it.c...
compiling stm32f10x_adc.c...
compiling misc.c...
compiling stm32f10x_bkp.c...
compiling stm32f10x_cec.c...
compiling core_cm3.c...
compiling stm32f10x_can.c...
compiling system_stm32f10x.c...
compiling main.c...
compiling stm32f10x_dac.c...
compiling stm32f10x_dbgmcu.c...
compiling stm32f10x_dma.c...
compiling stm32f10x_exti.c...
compiling stm32f10x_iwdg.c...
compiling stm32f10x_pwr.c...
compiling stm32f10x_i2c.c...
compiling stm32f10x_flash.c...
compiling stm32f10x_rtc.c...
compiling stm32f10x_gpio.c...
compiling stm32f10x_fsmc.c...
compiling stm32f10x_rcc.c...
compiling stm32f10x_sdio.c...
compiling stm32f10x_spi.c...
compiling usart.c...
compiling stm32f10x_wwdg.c...
compiling encoder_tim5.c...
compiling motor_time1.c...
compiling delay.c...
compiling stm32f10x_usart.c...
compiling base_tim6.c...
compiling stm32f10x_tim.c...
compiling pid.c...
compiling sys.c...
compiling key.c...
compiling exti.c...
compiling lcd.c...
linking...
Program Size: Code=21602 RO-data=6634 RW-data=732 ZI-data=1860  
FromELF: creating hex file...
"..\OBJ\Template.axf" - 0 Error(s), 0 Warning(s).

<h2>Collection of Component include folders:</h2>
  H:\电器开发部\STM32\工程练习\motor\USER\RTE
  G:\Program Files\keil5\ARM\PACK\Keil\STM32F1xx_DFP\1.0.5\Device\Include

<h2>Collection of Component Files used:</h2>
Build Time Elapsed:  00:00:07
</pre>
</body>
</html>
