Component: ARM Compiler 5.06 update 1 (build 61) Tool: armlink [4d35a8]

==============================================================================

Section Cross References

    main.o(i.main) refers to usart.o(i.uart_init) for uart_init
    main.o(i.main) refers to misc.o(i.NVIC_PriorityGroupConfig) for NVIC_PriorityGroupConfig
    main.o(i.main) refers to delay.o(i.delay_init) for delay_init
    main.o(i.main) refers to motor_time1.o(i.time1_motor_init) for time1_motor_init
    main.o(i.main) refers to encoder_tim5.o(i.encoder_init) for encoder_init
    main.o(i.main) refers to base_tim6.o(i.tim6_base_init) for tim6_base_init
    main.o(i.main) refers to pid.o(i.PID_init) for PID_init
    main.o(i.main) refers to motor_time1.o(i.tim4_motor_init) for tim4_motor_init
    main.o(i.main) refers to exti.o(i.exti_key16_init) for exti_key16_init
    main.o(i.main) refers to key.o(i.key16_init) for key16_init
    main.o(i.main) refers to lcd.o(i.TFTLCD_Init) for TFTLCD_Init
    main.o(i.main) refers to lcd.o(i.LCD_Fill) for LCD_Fill
    main.o(i.main) refers to pid.o(i.lcd_show_PID) for lcd_show_PID
    main.o(i.main) refers to base_tim6.o(i.lcd_show_Speed_angle) for lcd_show_Speed_angle
    main.o(i.main) refers to fflt_clz.o(x$fpl$fflt) for __aeabi_i2f
    main.o(i.main) refers to pid.o(i.pid_rectify) for pid_rectify
    main.o(i.main) refers to ffix.o(x$fpl$ffix) for __aeabi_f2iz
    main.o(i.main) refers to stm32f10x_tim.o(i.TIM_SetCompare1) for TIM_SetCompare1
    main.o(i.main) refers to lcd.o(i.LCD_DrawLine) for LCD_DrawLine
    main.o(i.main) refers to lcd.o(i.LCD_ShowNum) for LCD_ShowNum
    main.o(i.main) refers to lcd.o(i.LCD_DrawRectangle) for LCD_DrawRectangle
    main.o(i.main) refers to main.o(.data) for really_speed_angle
    system_stm32f10x.o(i.SetSysClock) refers to system_stm32f10x.o(i.SetSysClockTo72) for SetSysClockTo72
    system_stm32f10x.o(i.SystemCoreClockUpdate) refers to system_stm32f10x.o(.data) for SystemCoreClock
    system_stm32f10x.o(i.SystemInit) refers to system_stm32f10x.o(i.SetSysClock) for SetSysClock
    startup_stm32f10x_hd.o(STACK) refers (Special) to heapauxi.o(.text) for __use_two_region_memory
    startup_stm32f10x_hd.o(HEAP) refers (Special) to heapauxi.o(.text) for __use_two_region_memory
    startup_stm32f10x_hd.o(RESET) refers (Special) to heapauxi.o(.text) for __use_two_region_memory
    startup_stm32f10x_hd.o(RESET) refers to startup_stm32f10x_hd.o(STACK) for __initial_sp
    startup_stm32f10x_hd.o(RESET) refers to startup_stm32f10x_hd.o(.text) for Reset_Handler
    startup_stm32f10x_hd.o(RESET) refers to stm32f10x_it.o(i.NMI_Handler) for NMI_Handler
    startup_stm32f10x_hd.o(RESET) refers to stm32f10x_it.o(i.HardFault_Handler) for HardFault_Handler
    startup_stm32f10x_hd.o(RESET) refers to stm32f10x_it.o(i.MemManage_Handler) for MemManage_Handler
    startup_stm32f10x_hd.o(RESET) refers to stm32f10x_it.o(i.BusFault_Handler) for BusFault_Handler
    startup_stm32f10x_hd.o(RESET) refers to stm32f10x_it.o(i.UsageFault_Handler) for UsageFault_Handler
    startup_stm32f10x_hd.o(RESET) refers to stm32f10x_it.o(i.SVC_Handler) for SVC_Handler
    startup_stm32f10x_hd.o(RESET) refers to stm32f10x_it.o(i.DebugMon_Handler) for DebugMon_Handler
    startup_stm32f10x_hd.o(RESET) refers to stm32f10x_it.o(i.PendSV_Handler) for PendSV_Handler
    startup_stm32f10x_hd.o(RESET) refers to stm32f10x_it.o(i.SysTick_Handler) for SysTick_Handler
    startup_stm32f10x_hd.o(RESET) refers to exti.o(i.EXTI0_IRQHandler) for EXTI0_IRQHandler
    startup_stm32f10x_hd.o(RESET) refers to exti.o(i.EXTI1_IRQHandler) for EXTI1_IRQHandler
    startup_stm32f10x_hd.o(RESET) refers to exti.o(i.EXTI2_IRQHandler) for EXTI2_IRQHandler
    startup_stm32f10x_hd.o(RESET) refers to exti.o(i.EXTI3_IRQHandler) for EXTI3_IRQHandler
    startup_stm32f10x_hd.o(RESET) refers to exti.o(i.EXTI4_IRQHandler) for EXTI4_IRQHandler
    startup_stm32f10x_hd.o(RESET) refers to exti.o(i.EXTI9_5_IRQHandler) for EXTI9_5_IRQHandler
    startup_stm32f10x_hd.o(RESET) refers to usart.o(i.USART1_IRQHandler) for USART1_IRQHandler
    startup_stm32f10x_hd.o(RESET) refers to exti.o(i.EXTI15_10_IRQHandler) for EXTI15_10_IRQHandler
    startup_stm32f10x_hd.o(RESET) refers to encoder_tim5.o(i.TIM5_IRQHandler) for TIM5_IRQHandler
    startup_stm32f10x_hd.o(RESET) refers to base_tim6.o(i.TIM6_IRQHandler) for TIM6_IRQHandler
    startup_stm32f10x_hd.o(.text) refers (Special) to heapauxi.o(.text) for __use_two_region_memory
    startup_stm32f10x_hd.o(.text) refers to system_stm32f10x.o(i.SystemInit) for SystemInit
    startup_stm32f10x_hd.o(.text) refers to __main.o(!!!main) for __main
    startup_stm32f10x_hd.o(.text) refers to startup_stm32f10x_hd.o(HEAP) for Heap_Mem
    startup_stm32f10x_hd.o(.text) refers to startup_stm32f10x_hd.o(STACK) for Stack_Mem
    stm32f10x_adc.o(i.ADC_DeInit) refers to stm32f10x_rcc.o(i.RCC_APB2PeriphResetCmd) for RCC_APB2PeriphResetCmd
[...]
    .ARM.Collect$$rtexit$$00000003           0x08000220   Section        4  rtexit2.o(.ARM.Collect$$rtexit$$00000003)
    .ARM.Collect$$rtexit$$00000004           0x08000224   Section        6  rtexit2.o(.ARM.Collect$$rtexit$$00000004)
    .text                                    0x0800022c   Section       64  startup_stm32f10x_hd.o(.text)
    .text                                    0x0800026c   Section        2  use_no_semi_2.o(.text)
    .text                                    0x08000270   Section        0  noretval__2printf.o(.text)
    .text                                    0x08000288   Section        0  _printf_hex_int.o(.text)
    .text                                    0x080002e0   Section        0  __printf_wp.o(.text)
    .text                                    0x080003ee   Section        0  heapauxi.o(.text)
    .text                                    0x080003f4   Section        2  use_no_semi.o(.text)
    .text                                    0x080003f6   Section        0  _printf_intcommon.o(.text)
    .text                                    0x080004a8   Section        0  _printf_fp_dec.o(.text)
    _fp_digits                               0x080004ab   Thumb Code   428  _printf_fp_dec.o(.text)
    .text                                    0x080008c4   Section        0  _printf_char_file.o(.text)
    .text                                    0x080008e8   Section        8  rt_locale_intlibspace.o(.text)
    .text                                    0x080008f0   Section      138  lludiv10.o(.text)
    .text                                    0x0800097c   Section        0  _printf_char_common.o(.text)
    _printf_input_char                       0x0800097d   Thumb Code    10  _printf_char_common.o(.text)
    .text                                    0x080009ac   Section        0  _printf_fp_infnan.o(.text)
    .text                                    0x08000a2c   Section        0  bigflt0.o(.text)
    .text                                    0x08000b08   Section        0  ferror.o(.text)
    .text                                    0x08000b10   Section        8  libspace.o(.text)
    .text                                    0x08000b18   Section       74  sys_stackheap_outer.o(.text)
    .text                                    0x08000b62   Section        0  exit.o(.text)
    .text                                    0x08000b74   Section      128  strcmpv7m.o(.text)
    CL$$btod_d2e                             0x08000bf4   Section       62  btod.o(CL$$btod_d2e)
    CL$$btod_d2e_denorm_low                  0x08000c32   Section       70  btod.o(CL$$btod_d2e_denorm_low)
    CL$$btod_d2e_norm_op1                    0x08000c78   Section       96  btod.o(CL$$btod_d2e_norm_op1)
    CL$$btod_div_common                      0x08000cd8   Section      824  btod.o(CL$$btod_div_common)
    CL$$btod_e2e                             0x08001010   Section      198  btod.o(CL$$btod_e2e)
    CL$$btod_ediv                            0x080010d6   Section       40  btod.o(CL$$btod_ediv)
    CL$$btod_emul                            0x080010fe   Section       40  btod.o(CL$$btod_emul)
    CL$$btod_mult_common                     0x08001126   Section      580  btod.o(CL$$btod_mult_common)
    i.Angle_Change                           0x0800136c   Section        0  pid.o(i.Angle_Change)
    i.BusFault_Handler                       0x08001380   Section        0  stm32f10x_it.o(i.BusFault_Handler)
    i.DebugMon_Handler                       0x08001384   Section        0  stm32f10x_it.o(i.DebugMon_Handler)
    i.EXTI0_IRQHandler                       0x08001388   Section        0  exti.o(i.EXTI0_IRQHandler)
    i.EXTI15_10_IRQHandler                   0x080013ac   Section        0  exti.o(i.EXTI15_10_IRQHandler)
    i.EXTI1_IRQHandler                       0x0800144c   Section        0  exti.o(i.EXTI1_IRQHandler)
    i.EXTI2_IRQHandler                       0x08001470   Section        0  exti.o(i.EXTI2_IRQHandler)
    i.EXTI3_IRQHandler                       0x08001494   Section        0  exti.o(i.EXTI3_IRQHandler)
    i.EXTI4_IRQHandler                       0x080014b8   Section        0  exti.o(i.EXTI4_IRQHandler)
    i.EXTI9_5_IRQHandler                     0x080014dc   Section        0  exti.o(i.EXTI9_5_IRQHandler)
    i.EXTI_ClearITPendingBit                 0x08001558   Section        0  stm32f10x_exti.o(i.EXTI_ClearITPendingBit)
    i.EXTI_Init                              0x08001564   Section        0  stm32f10x_exti.o(i.EXTI_Init)
    i.FSMC_NORSRAMCmd                        0x080015f8   Section        0  stm32f10x_fsmc.o(i.FSMC_NORSRAMCmd)
    i.FSMC_NORSRAMInit                       0x0800162c   Section        0  stm32f10x_fsmc.o(i.FSMC_NORSRAMInit)
    i.GPIO_EXTILineConfig                    0x08001714   Section        0  stm32f10x_gpio.o(i.GPIO_EXTILineConfig)
    i.GPIO_Init                              0x08001754   Section        0  stm32f10x_gpio.o(i.GPIO_Init)
    i.GPIO_PinRemapConfig                    0x0800186c   Section        0  stm32f10x_gpio.o(i.GPIO_PinRemapConfig)
    i.GPIO_ReadInputDataBit                  0x080018fc   Section        0  stm32f10x_gpio.o(i.GPIO_ReadInputDataBit)
    i.HardFault_Handler                      0x0800190e   Section        0  stm32f10x_it.o(i.HardFault_Handler)
    i.KD_Change                              0x08001914   Section        0  pid.o(i.KD_Change)
    i.KI_Change                              0x08001928   Section        0  pid.o(i.KI_Change)
    i.KP_Change                              0x0800193c   Section        0  pid.o(i.KP_Change)
    i.LCD_Clear                              0x08001950   Section        0  lcd.o(i.LCD_Clear)
    i.LCD_Display_Dir                        0x08001998   Section        0  lcd.o(i.LCD_Display_Dir)
    i.LCD_DrawFRONT_COLOR                    0x080019e4   Section        0  lcd.o(i.LCD_DrawFRONT_COLOR)
    i.LCD_DrawLine                           0x08001a00   Section        0  lcd.o(i.LCD_DrawLine)
    i.LCD_DrawPoint                          0x08001ab0   Section        0  lcd.o(i.LCD_DrawPoint)
    i.LCD_DrawRectangle                      0x08001ad0   Section        0  lcd.o(i.LCD_DrawRectangle)
    i.LCD_Fill                               0x08001b0c   Section        0  lcd.o(i.LCD_Fill)
    i.LCD_Pow                                0x08001b68   Section        0  lcd.o(i.LCD_Pow)
    i.LCD_Set_Window                         0x08001b7e   Section        0  lcd.o(i.LCD_Set_Window)
    i.LCD_ShowChar                           0x08001c24   Section        0  lcd.o(i.LCD_ShowChar)
    i.LCD_ShowNum                            0x08001d4c   Section        0  lcd.o(i.LCD_ShowNum)
    i.LCD_ShowString                         0x08001de0   Section        0  lcd.o(i.LCD_ShowString)
    i.LCD_WriteCmd                           0x08001e48   Section        0  lcd.o(i.LCD_WriteCmd)
    i.LCD_WriteData                          0x08001e54   Section        0  lcd.o(i.LCD_WriteData)
    i.LCD_WriteData_Color                    0x08001e60   Section        0  lcd.o(i.LCD_WriteData_Color)
    i.MemManage_Handler                      0x08001e6c   Section        0  stm32f10x_it.o(i.MemManage_Handler)
    i.NMI_Handler                            0x08001e70   Section        0  stm32f10x_it.o(i.NMI_Handler)
    i.NVIC_Init                              0x08001e74   Section        0  misc.o(i.NVIC_Init)
    i.NVIC_PriorityGroupConfig               0x08001ee4   Section        0  misc.o(i.NVIC_PriorityGroupConfig)
    i.PID_init                               0x08001ef8   Section        0  pid.o(i.PID_init)
    i.PendSV_Handler                         0x08001f24   Section        0  stm32f10x_it.o(i.PendSV_Handler)
    i.RCC_AHBPeriphClockCmd                  0x08001f28   Section        0  stm32f10x_rcc.o(i.RCC_AHBPeriphClockCmd)
    i.RCC_APB1PeriphClockCmd                 0x08001f48   Section        0  stm32f10x_rcc.o(i.RCC_APB1PeriphClockCmd)
    i.RCC_APB2PeriphClockCmd                 0x08001f68   Section        0  stm32f10x_rcc.o(i.RCC_APB2PeriphClockCmd)
    i.RCC_GetClocksFreq                      0x08001f88   Section        0  stm32f10x_rcc.o(i.RCC_GetClocksFreq)
    i.SVC_Handler                            0x0800205c   Section        0  stm32f10x_it.o(i.SVC_Handler)
    i.SetSysClock                            0x0800205e   Section        0  system_stm32f10x.o(i.SetSysClock)
    SetSysClock                              0x0800205f   Thumb Code     8  system_stm32f10x.o(i.SetSysClock)
    i.SetSysClockTo72                        0x08002068   Section        0  system_stm32f10x.o(i.SetSysClockTo72)
    SetSysClockTo72                          0x08002069   Thumb Code   214  system_stm32f10x.o(i.SetSysClockTo72)
    i.Speed_Change                           0x08002148   Section        0  pid.o(i.Speed_Change)
    i.SysTick_CLKSourceConfig                0x0800215c   Section        0  misc.o(i.SysTick_CLKSourceConfig)
    i.SysTick_Handler                        0x08002184   Section        0  stm32f10x_it.o(i.SysTick_Handler)
    i.SystemInit                             0x08002188   Section        0  system_stm32f10x.o(i.SystemInit)
    i.TFTLCD_FSMC_Init                       0x080021e8   Section        0  lcd.o(i.TFTLCD_FSMC_Init)
    i.TFTLCD_GPIO_Init                       0x08002268   Section        0  lcd.o(i.TFTLCD_GPIO_Init)
    i.TFTLCD_Init                            0x080022d8   Section        0  lcd.o(i.TFTLCD_Init)
    i.TI1_Config                             0x08002540   Section        0  stm32f10x_tim.o(i.TI1_Config)
    TI1_Config                               0x08002541   Thumb Code   108  stm32f10x_tim.o(i.TI1_Config)
    i.TI2_Config                             0x080025c0   Section        0  stm32f10x_tim.o(i.TI2_Config)
    TI2_Config                               0x080025c1   Thumb Code   130  stm32f10x_tim.o(i.TI2_Config)
    i.TI3_Config                             0x08002658   Section        0  stm32f10x_tim.o(i.TI3_Config)
    TI3_Config                               0x08002659   Thumb Code   122  stm32f10x_tim.o(i.TI3_Config)
    i.TI4_Config                             0x080026e8   Section        0  stm32f10x_tim.o(i.TI4_Config)
    TI4_Config                               0x080026e9   Thumb Code   130  stm32f10x_tim.o(i.TI4_Config)
    i.TIM5_IRQHandler                        0x08002780   Section        0  encoder_tim5.o(i.TIM5_IRQHandler)
    i.TIM6_IRQHandler                        0x080027ac   Section        0  base_tim6.o(i.TIM6_IRQHandler)
    i.TIM_ARRPreloadConfig                   0x08002878   Section        0  stm32f10x_tim.o(i.TIM_ARRPreloadConfig)
    i.TIM_ClearFlag                          0x08002890   Section        0  stm32f10x_tim.o(i.TIM_ClearFlag)
    i.TIM_ClearITPendingBit                  0x08002896   Section        0  stm32f10x_tim.o(i.TIM_ClearITPendingBit)
    i.TIM_Cmd                                0x0800289c   Section        0  stm32f10x_tim.o(i.TIM_Cmd)
    i.TIM_CtrlPWMOutputs                     0x080028b4   Section        0  stm32f10x_tim.o(i.TIM_CtrlPWMOutputs)
    i.TIM_GetITStatus                        0x080028d2   Section        0  stm32f10x_tim.o(i.TIM_GetITStatus)
    i.TIM_ICInit                             0x080028f4   Section        0  stm32f10x_tim.o(i.TIM_ICInit)
    i.TIM_ITConfig                           0x080029a0   Section        0  stm32f10x_tim.o(i.TIM_ITConfig)
    i.TIM_OC1Init                            0x080029b4   Section        0  stm32f10x_tim.o(i.TIM_OC1Init)
    i.TIM_OC1PreloadConfig                   0x08002a4c   Section        0  stm32f10x_tim.o(i.TIM_OC1PreloadConfig)
    i.TIM_SetCompare1                        0x08002a5e   Section        0  stm32f10x_tim.o(i.TIM_SetCompare1)
    i.TIM_SetIC1Prescaler                    0x08002a62   Section        0  stm32f10x_tim.o(i.TIM_SetIC1Prescaler)
    i.TIM_SetIC2Prescaler                    0x08002a74   Section        0  stm32f10x_tim.o(i.TIM_SetIC2Prescaler)
    i.TIM_SetIC3Prescaler                    0x08002a8e   Section        0  stm32f10x_tim.o(i.TIM_SetIC3Prescaler)
    i.TIM_SetIC4Prescaler                    0x08002aa0   Section        0  stm32f10x_tim.o(i.TIM_SetIC4Prescaler)
    i.TIM_TimeBaseInit                       0x08002abc   Section        0  stm32f10x_tim.o(i.TIM_TimeBaseInit)
    i.USART1_IRQHandler                      0x08002b60   Section        0  usart.o(i.USART1_IRQHandler)
    i.USART_Cmd                              0x08002be8   Section        0  stm32f10x_usart.o(i.USART_Cmd)
    i.USART_GetITStatus                      0x08002c00   Section        0  stm32f10x_usart.o(i.USART_GetITStatus)
    i.USART_ITConfig                         0x08002c54   Section        0  stm32f10x_usart.o(i.USART_ITConfig)
    i.USART_Init                             0x08002ca0   Section        0  stm32f10x_usart.o(i.USART_Init)
    i.USART_ReceiveData                      0x08002d78   Section        0  stm32f10x_usart.o(i.USART_ReceiveData)
    i.UsageFault_Handler                     0x08002d82   Section        0  stm32f10x_it.o(i.UsageFault_Handler)
    i.__ARM_fpclassify                       0x08002d86   Section        0  fpclassify.o(i.__ARM_fpclassify)
    i._is_digit                              0x08002dae   Section        0  __printf_wp.o(i._is_digit)
    i._sys_exit                              0x08002dbc   Section        0  usart.o(i._sys_exit)
    i.delay_init                             0x08002dc4   Section        0  delay.o(i.delay_init)
    i.delay_ms                               0x08002e08   Section        0  delay.o(i.delay_ms)
    i.encoder_init                           0x08002e54   Section        0  encoder_tim5.o(i.encoder_init)
    i.exti_key16_init                        0x08002f04   Section        0  exti.o(i.exti_key16_init)
    i.fputc                                  0x08003304   Section        0  usart.o(i.fputc)
    i.key0_number_zero                       0x08003320   Section        0  key.o(i.key0_number_zero)
    i.key10_Kp_change                        0x080033c4   Section        0  key.o(i.key10_Kp_change)
    i.key11_Ki_change                        0x080034dc   Section        0  key.o(i.key11_Ki_change)
    i.key12_Kd_change                        0x080035f4   Section        0  key.o(i.key12_Kd_change)
    i.key13_speed_set                        0x0800370c   Section        0  key.o(i.key13_speed_set)
    i.key14_angle_set                        0x080037c0   Section        0  key.o(i.key14_angle_set)
    i.key15_decimal_point                    0x08003874   Section        0  key.o(i.key15_decimal_point)
    i.key16_init                             0x080038c8   Section        0  key.o(i.key16_init)
    i.key1_number_one                        0x080038f0   Section        0  key.o(i.key1_number_one)
    i.key2_number_two                        0x08003994   Section        0  key.o(i.key2_number_two)
    i.key3_number_three                      0x08003a38   Section        0  key.o(i.key3_number_three)
    i.key4_number_four                       0x08003adc   Section        0  key.o(i.key4_number_four)
    i.key5_number_five                       0x08003b80   Section        0  key.o(i.key5_number_five)
    i.key6_number_six                        0x08003c20   Section        0  key.o(i.key6_number_six)
    i.key7_number_seven                      0x08003cc4   Section        0  key.o(i.key7_number_seven)
    i.key8_number_eight                      0x08003d68   Section        0  key.o(i.key8_number_eight)
    i.key9_number_nine                       0x08003e0c   Section        0  key.o(i.key9_number_nine)
    i.lcd_show_PID                           0x08003eb0   Section        0  pid.o(i.lcd_show_PID)
    i.lcd_show_Speed_angle                   0x080040a0   Section        0  base_tim6.o(i.lcd_show_Speed_angle)
    i.lcd_show_really_speed                  0x080041b0   Section        0  pid.o(i.lcd_show_really_speed)
    i.lcd_show_set_speed                     0x0800422c   Section        0  pid.o(i.lcd_show_set_speed)
    i.main                                   0x08004258   Section        0  main.o(i.main)
    i.out_scan                               0x08004384   Section        0  pid.o(i.out_scan)
    i.pid_rectify                            0x080043ec   Section        0  pid.o(i.pid_rectify)
    i.tim4_motor_init                        0x080044d0   Section        0  motor_time1.o(i.tim4_motor_init)
    i.tim6_base_init                         0x08004560   Section        0  base_tim6.o(i.tim6_base_init)
    i.time1_motor_init                       0x080045bc   Section        0  motor_time1.o(i.time1_motor_init)
    i.uart_init                              0x08004688   Section        0  usart.o(i.uart_init)
    locale$$code                             0x08004728   Section       44  lc_numeric_c.o(locale$$code)
    x$fpl$d2f                                0x08004754   Section       98  d2f.o(x$fpl$d2f)
    x$fpl$dadd                               0x080047b8   Section      336  daddsub_clz.o(x$fpl$dadd)
    _dadd1                                   0x080047c9   Thumb Code     0  daddsub_clz.o(x$fpl$dadd)
    x$fpl$ddiv                               0x08004908   Section      688  ddiv.o(x$fpl$ddiv)
    ddiv_entry                               0x0800490f   Thumb Code     0  ddiv.o(x$fpl$ddiv)
    x$fpl$dmul                               0x08004bb8   Section      340  dmul.o(x$fpl$dmul)
    x$fpl$dnaninf                            0x08004d0c   Section      156  dnaninf.o(x$fpl$dnaninf)
    x$fpl$dretinf                            0x08004da8   Section       12  dretinf.o(x$fpl$dretinf)
    x$fpl$dsub                               0x08004db4   Section      468  daddsub_clz.o(x$fpl$dsub)
    _dsub1                                   0x08004dc5   Thumb Code     0  daddsub_clz.o(x$fpl$dsub)
    x$fpl$f2d                                0x08004f88   Section       86  f2d.o(x$fpl$f2d)
    x$fpl$fadd                               0x08004fe0   Section      196  faddsub_clz.o(x$fpl$fadd)
    _fadd1                                   0x08004fef   Thumb Code     0  faddsub_clz.o(x$fpl$fadd)
    x$fpl$fdiv                               0x080050a4   Section      388  fdiv.o(x$fpl$fdiv)
    _fdiv1                                   0x080050a5   Thumb Code     0  fdiv.o(x$fpl$fdiv)
    x$fpl$ffix                               0x08005228   Section       54  ffix.o(x$fpl$ffix)
    x$fpl$ffixu                              0x08005260   Section       62  ffixu.o(x$fpl$ffixu)
    x$fpl$fflt                               0x080052a0   Section       48  fflt_clz.o(x$fpl$fflt)
    x$fpl$ffltu                              0x080052d0   Section       38  fflt_clz.o(x$fpl$ffltu)
    x$fpl$fmul                               0x080052f8   Section      258  fmul.o(x$fpl$fmul)
    x$fpl$fnaninf                            0x080053fa   Section      140  fnaninf.o(x$fpl$fnaninf)
    x$fpl$fretinf                            0x08005486   Section       10  fretinf.o(x$fpl$fretinf)
    x$fpl$frsb                               0x08005490   Section       20  faddsub_clz.o(x$fpl$frsb)
    x$fpl$fsub                               0x080054a4   Section      234  faddsub_clz.o(x$fpl$fsub)
    _fsub1                                   0x080054b3   Thumb Code     0  faddsub_clz.o(x$fpl$fsub)
    x$fpl$printf1                            0x0800558e   Section        4  printf1.o(x$fpl$printf1)
    .constdata                               0x08005592   Section     6080  lcd.o(.constdata)
    x$fpl$usenofp                            0x08005592   Section        0  usenofp.o(x$fpl$usenofp)
    .constdata                               0x08006d52   Section       40  _printf_hex_int.o(.constdata)
    uc_hextab                                0x08006d52   Data          20  _printf_hex_int.o(.constdata)
    lc_hextab                                0x08006d66   Data          20  _printf_hex_int.o(.constdata)
    .constdata                               0x08006d7c   Section      148  bigflt0.o(.constdata)
    tenpwrs_x                                0x08006d7c   Data          60  bigflt0.o(.constdata)
    tenpwrs_i                                0x08006db8   Data          64  bigflt0.o(.constdata)
    locale$$data                             0x08006e30   Section       28  lc_numeric_c.o(locale$$data)
    __lcnum_c_name                           0x08006e34   Data           2  lc_numeric_c.o(locale$$data)
    __lcnum_c_start                          0x08006e3c   Data           0  lc_numeric_c.o(locale$$data)
    __lcnum_c_point                          0x08006e48   Data           0  lc_numeric_c.o(locale$$data)
    __lcnum_c_thousands                      0x08006e4a   Data           0  lc_numeric_c.o(locale$$data)
    __lcnum_c_grouping                       0x08006e4b   Data           0  lc_numeric_c.o(locale$$data)
    __lcnum_c_end                            0x08006e4c   Data           0  lc_numeric_c.o(locale$$data)
    .data                                    0x20000000   Section        8  main.o(.data)
    .data                                    0x20000008   Section       20  system_stm32f10x.o(.data)
    .data                                    0x2000001c   Section       20  stm32f10x_rcc.o(.data)
    APBAHBPrescTable                         0x2000001c   Data          16  stm32f10x_rcc.o(.data)
    ADCPrescTable                            0x2000002c   Data           4  stm32f10x_rcc.o(.data)
    .data                                    0x20000030   Section        4  delay.o(.data)
    fac_us                                   0x20000030   Data           1  delay.o(.data)
    fac_ms                                   0x20000032   Data           2  delay.o(.data)
    .data                                    0x20000034   Section        6  usart.o(.data)
    .data                                    0x2000003c   Section       57  base_tim6.o(.data)
    time_1s_flag                             0x2000006c   Data           4  base_tim6.o(.data)
    time_250ms_flag                          0x20000070   Data           4  base_tim6.o(.data)
    tim_10ms_flag                            0x20000074   Data           1  base_tim6.o(.data)
    .data                                    0x20000078   Section       52  pid.o(.data)
    i                                        0x200000a0   Data           4  pid.o(.data)
    j                                        0x200000a4   Data           4  pid.o(.data)
    z                                        0x200000a8   Data           4  pid.o(.data)
    .data                                    0x200000ac   Section      547  key.o(.data)
    .data                                    0x200002d0   Section       12  lcd.o(.data)
    .bss                                     0x200002dc   Section      200  usart.o(.bss)
    .bss                                     0x200003a4   Section       28  pid.o(.bss)
    .bss                                     0x200003c0   Section       96  libspace.o(.bss)
    HEAP                                     0x20000420   Section      512  startup_stm32f10x_hd.o(HEAP)
    Heap_Mem                                 0x20000420   Data         512  startup_stm32f10x_hd.o(HEAP)
    STACK                                    0x20000620   Section     1024  startup_stm32f10x_hd.o(STACK)
    Stack_Mem                                0x20000620   Data        1024  startup_stm32f10x_hd.o(STACK)
    __initial_sp                             0x20000a20   Data           0  startup_stm32f10x_hd.o(STACK)

    Global Symbols

    Symbol Name                              Value     Ov Type        Size  Object(Section)

    BuildAttributes$$THM_ISAv4$P$D$K$B$S$PE$A:L22UL41UL21$X:L11$S22US41US21$IEEE1$IW$USESV6$~STKCKD$USESV7$~SHL$OTIME$ROPI$IEEEJ$EBA8$UX$STANDARDLIB$REQ8$PRES8$EABIv2 0x00000000   Number         0  anon$$obj.o ABSOLUTE
    __ARM_use_no_argv                        0x00000000   Number         0  main.o ABSOLUTE
    _printf_flags                            0x00000000   Number         0  printf_stubs.o ABSOLUTE
    _printf_return_value                     0x00000000   Number         0  printf_stubs.o ABSOLUTE
    _printf_sizespec                         0x00000000   Number         0  printf_stubs.o ABSOLUTE
    _printf_widthprec                        0x00000000   Number         0  printf_stubs.o ABSOLUTE
    __ARM_exceptions_init                     - Undefined Weak Reference
    __alloca_initialize                       - Undefined Weak Reference
    __arm_preinit_                            - Undefined Weak Reference
    __cpp_initialize__aeabi_                  - Undefined Weak Reference
    __cxa_finalize                            - Undefined Weak Reference
    __sigvec_lookup                           - Undefined Weak Reference
    _atexit_init                              - Undefined Weak Reference
    _call_atexit_fns                          - Undefined Weak Reference
    _clock_init                               - Undefined Weak Reference
    _fp_trap_init                             - Undefined Weak Reference
    _fp_trap_shutdown                         - Undefined Weak Reference
    _get_lc_collate                           - Undefined Weak Reference
    _get_lc_ctype                             - Undefined Weak Reference
    _get_lc_monetary                          - Undefined Weak Reference
    _get_lc_time                              - Undefined Weak Reference
    _getenv_init                              - Undefined Weak Reference
    _handle_redirection                       - Undefined Weak Reference
    _init_alloc                               - Undefined Weak Reference
    _init_user_alloc                          - Undefined Weak Reference
    _initio                                   - Undefined Weak Reference
    _mutex_acquire                            - Undefined Weak Reference
    _mutex_release                            - Undefined Weak Reference
    _printf_post_padding                      - Undefined Weak Reference
    _printf_pre_padding                       - Undefined Weak Reference
    _printf_truncate_unsigned                 - Undefined Weak Reference
    _rand_init                                - Undefined Weak Reference
    _signal_finish                            - Undefined Weak Reference
    _signal_init                              - Undefined Weak Reference
    _terminate_alloc                          - Undefined Weak Reference
    _terminate_user_alloc                     - Undefined Weak Reference
    _terminateio                              - Undefined Weak Reference
    __Vectors_Size                           0x00000130   Number         0  startup_stm32f10x_hd.o ABSOLUTE
    __Vectors                                0x08000000   Data           4  startup_stm32f10x_hd.o(RESET)
    __Vectors_End                            0x08000130   Data           0  startup_stm32f10x_hd.o(RESET)
    __main                                   0x08000131   Thumb Code     8  __main.o(!!!main)
    __scatterload                            0x08000139   Thumb Code     0  __scatter.o(!!!scatter)
    __scatterload_rt2                        0x08000139   Thumb Code    44  __scatter.o(!!!scatter)
    __scatterload_rt2_thumb_only             0x08000139   Thumb Code     0  __scatter.o(!!!scatter)
    __scatterload_null                       0x08000147   Thumb Code     0  __scatter.o(!!!scatter)
    __decompress                             0x0800016d   Thumb Code    90  __dczerorl2.o(!!dczerorl2)
    __decompress1                            0x0800016d   Thumb Code     0  __dczerorl2.o(!!dczerorl2)
    __scatterload_zeroinit                   0x080001c9   Thumb Code    28  __scatter_zi.o(!!handler_zi)
    _printf_f                                0x080001e5   Thumb Code     0  _printf_f.o(.ARM.Collect$$_printf_percent$$00000003)
    _printf_percent                          0x080001e5   Thumb Code     0  _printf_percent.o(.ARM.Collect$$_printf_percent$$00000000)
    _printf_x                                0x080001eb   Thumb Code     0  _printf_x.o(.ARM.Collect$$_printf_percent$$0000000C)
    _printf_percent_end                      0x080001f1   Thumb Code     0  _printf_percent_end.o(.ARM.Collect$$_printf_percent$$00000017)
    __rt_lib_init                            0x080001f5   Thumb Code     0  libinit.o(.ARM.Collect$$libinit$$00000000)
    __rt_lib_init_fp_1                       0x080001f7   Thumb Code     0  libinit2.o(.ARM.Collect$$libinit$$00000002)
    __rt_lib_init_heap_1                     0x080001f7   Thumb Code     0  libinit2.o(.ARM.Collect$$libinit$$0000000A)
    __rt_lib_init_lc_common                  0x080001f7   Thumb Code     0  libinit2.o(.ARM.Collect$$libinit$$0000000F)
    __rt_lib_init_preinit_1                  0x080001f7   Thumb Code     0  libinit2.o(.ARM.Collect$$libinit$$00000004)
    __rt_lib_init_rand_1                     0x080001f7   Thumb Code     0  libinit2.o(.ARM.Collect$$libinit$$0000000E)
    __rt_lib_init_user_alloc_1               0x080001f7   Thumb Code     0  libinit2.o(.ARM.Collect$$libinit$$0000000C)
    __rt_lib_init_lc_collate_1               0x080001fd   Thumb Code     0  libinit2.o(.ARM.Collect$$libinit$$00000011)
    __rt_lib_init_lc_ctype_1                 0x080001fd   Thumb Code     0  libinit2.o(.ARM.Collect$$libinit$$00000013)
    __rt_lib_init_lc_monetary_1              0x080001fd   Thumb Code     0  libinit2.o(.ARM.Collect$$libinit$$00000015)
    __rt_lib_init_lc_numeric_2               0x080001fd   Thumb Code     0  libinit2.o(.ARM.Collect$$libinit$$00000016)
    __rt_lib_init_alloca_1                   0x08000207   Thumb Code     0  libinit2.o(.ARM.Collect$$libinit$$0000002E)
    __rt_lib_init_argv_1                     0x08000207   Thumb Code     0  libinit2.o(.ARM.Collect$$libinit$$0000002C)
    __rt_lib_init_atexit_1                   0x08000207   Thumb Code     0  libinit2.o(.ARM.Collect$$libinit$$0000001B)
    __rt_lib_init_clock_1                    0x08000207   Thumb Code     0  libinit2.o(.ARM.Collect$$libinit$$00000021)
    __rt_lib_init_cpp_1                      0x08000207   Thumb Code     0  libinit2.o(.ARM.Collect$$libinit$$00000032)
    __rt_lib_init_exceptions_1               0x08000207   Thumb Code     0  libinit2.o(.ARM.Collect$$libinit$$00000030)
    __rt_lib_init_fp_trap_1                  0x08000207   Thumb Code     0  libinit2.o(.ARM.Collect$$libinit$$0000001F)
    __rt_lib_init_getenv_1                   0x08000207   Thumb Code     0  libinit2.o(.ARM.Collect$$libinit$$00000023)
    __rt_lib_init_lc_numeric_1               0x08000207   Thumb Code     0  libinit2.o(.ARM.Collect$$libinit$$00000017)
    __rt_lib_init_lc_time_1                  0x08000207   Thumb Code     0  libinit2.o(.ARM.Collect$$libinit$$00000019)
    __rt_lib_init_return                     0x08000207   Thumb Code     0  libinit2.o(.ARM.Collect$$libinit$$00000033)
    __rt_lib_init_signal_1                   0x08000207   Thumb Code     0  libinit2.o(.ARM.Collect$$libinit$$0000001D)
    __rt_lib_init_stdio_1                    0x08000207   Thumb Code     0  libinit2.o(.ARM.Collect$$libinit$$00000025)
    __rt_lib_shutdown                        0x08000209   Thumb Code     0  libshutdown.o(.ARM.Collect$$libshutdown$$00000000)
    __rt_lib_shutdown_cpp_1                  0x0800020b   Thumb Code     0  libshutdown2.o(.ARM.Collect$$libshutdown$$00000002)
    __rt_lib_shutdown_fp_trap_1              0x0800020b   Thumb Code     0  libshutdown2.o(.ARM.Collect$$libshutdown$$00000007)
    __rt_lib_shutdown_heap_1                 0x0800020b   Thumb Code     0  libshutdown2.o(.ARM.Collect$$libshutdown$$0000000F)
    __rt_lib_shutdown_return                 0x0800020b   Thumb Code     0  libshutdown2.o(.ARM.Collect$$libshutdown$$00000010)
    __rt_lib_shutdown_signal_1               0x0800020b   Thumb Code     0  libshutdown2.o(.ARM.Collect$$libshutdown$$0000000A)
    __rt_lib_shutdown_stdio_1                0x0800020b   Thumb Code     0  libshutdown2.o(.ARM.Collect$$libshutdown$$00000004)
    __rt_lib_shutdown_user_alloc_1           0x0800020b   Thumb Code     0  libshutdown2.o(.ARM.Collect$$libshutdown$$0000000C)
    __rt_entry                               0x0800020d   Thumb Code     0  __rtentry.o(.ARM.Collect$$rtentry$$00000000)
    __rt_entry_presh_1                       0x0800020d   Thumb Code     0  __rtentry2.o(.ARM.Collect$$rtentry$$00000002)
    __rt_entry_sh                            0x0800020d   Thumb Code     0  __rtentry4.o(.ARM.Collect$$rtentry$$00000004)
    __rt_entry_li                            0x08000213   Thumb Code     0  __rtentry2.o(.ARM.Collect$$rtentry$$0000000A)
    __rt_entry_postsh_1                      0x08000213   Thumb Code     0  __rtentry2.o(.ARM.Collect$$rtentry$$00000009)
    __rt_entry_main                          0x08000217   Thumb Code     0  __rtentry2.o(.ARM.Collect$$rtentry$$0000000D)
    __rt_entry_postli_1                      0x08000217   Thumb Code     0  __rtentry2.o(.ARM.Collect$$rtentry$$0000000C)
    __rt_exit                                0x0800021f   Thumb Code     0  rtexit.o(.ARM.Collect$$rtexit$$00000000)
    __rt_exit_ls                             0x08000221   Thumb Code     0  rtexit2.o(.ARM.Collect$$rtexit$$00000003)
    __rt_exit_prels_1                        0x08000221   Thumb Code     0  rtexit2.o(.ARM.Collect$$rtexit$$00000002)
    __rt_exit_exit                           0x08000225   Thumb Code     0  rtexit2.o(.ARM.Collect$$rtexit$$00000004)
    Reset_Handler                            0x0800022d   Thumb Code     8  startup_stm32f10x_hd.o(.text)
    ADC1_2_IRQHandler                        0x08000247   Thumb Code     0  startup_stm32f10x_hd.o(.text)
    ADC3_IRQHandler                          0x08000247   Thumb Code     0  startup_stm32f10x_hd.o(.text)
    CAN1_RX1_IRQHandler                      0x08000247   Thumb Code     0  startup_stm32f10x_hd.o(.text)
    CAN1_SCE_IRQHandler                      0x08000247   Thumb Code     0  startup_stm32f10x_hd.o(.text)
    DMA1_Channel1_IRQHandler                 0x08000247   Thumb Code     0  startup_stm32f10x_hd.o(.text)
    DMA1_Channel2_IRQHandler                 0x08000247   Thumb Code     0  startup_stm32f10x_hd.o(.text)
    DMA1_Channel3_IRQHandler                 0x08000247   Thumb Code     0  startup_stm32f10x_hd.o(.text)
    DMA1_Channel4_IRQHandler                 0x08000247   Thumb Code     0  startup_stm32f10x_hd.o(.text)
    DMA1_Channel5_IRQHandler                 0x08000247   Thumb Code     0  startup_stm32f10x_hd.o(.text)
    DMA1_Channel6_IRQHandler                 0x08000247   Thumb Code     0  startup_stm32f10x_hd.o(.text)
    DMA1_Channel7_IRQHandler                 0x08000247   Thumb Code     0  startup_stm32f10x_hd.o(.text)
    DMA2_Channel1_IRQHandler                 0x08000247   Thumb Code     0  startup_stm32f10x_hd.o(.text)
    DMA2_Channel2_IRQHandler                 0x08000247   Thumb Code     0  startup_stm32f10x_hd.o(.text)
    DMA2_Channel3_IRQHandler                 0x08000247   Thumb Code     0  startup_stm32f10x_hd.o(.text)
    DMA2_Channel4_5_IRQHandler               0x08000247   Thumb Code     0  startup_stm32f10x_hd.o(.text)
    FLASH_IRQHandler                         0x08000247   Thumb Code     0  startup_stm32f10x_hd.o(.text)
    FSMC_IRQHandler                          0x08000247   Thumb Code     0  startup_stm32f10x_hd.o(.text)
    I2C1_ER_IRQHandler                       0x08000247   Thumb Code     0  startup_stm32f10x_hd.o(.text)
    I2C1_EV_IRQHandler                       0x08000247   Thumb Code     0  startup_stm32f10x_hd.o(.text)
    I2C2_ER_IRQHandler                       0x08000247   Thumb Code     0  startup_stm32f10x_hd.o(.text)
    I2C2_EV_IRQHandler                       0x08000247   Thumb Code     0  startup_stm32f10x_hd.o(.text)
    PVD_IRQHandler                           0x08000247   Thumb Code     0  startup_stm32f10x_hd.o(.text)
    RCC_IRQHandler                           0x08000247   Thumb Code     0  startup_stm32f10x_hd.o(.text)
    RTCAlarm_IRQHandler                      0x08000247   Thumb Code     0  startup_stm32f10x_hd.o(.text)
    RTC_IRQHandler                           0x08000247   Thumb Code     0  startup_stm32f10x_hd.o(.text)
    SDIO_IRQHandler                          0x08000247   Thumb Code     0  startup_stm32f10x_hd.o(.text)
    SPI1_IRQHandler                          0x08000247   Thumb Code     0  startup_stm32f10x_hd.o(.text)
    SPI2_IRQHandler                          0x08000247   Thumb Code     0  startup_stm32f10x_hd.o(.text)
    SPI3_IRQHandler                          0x08000247   Thumb Code     0  startup_stm32f10x_hd.o(.text)
    TAMPER_IRQHandler                        0x08000247   Thumb Code     0  startup_stm32f10x_hd.o(.text)
    TIM1_BRK_IRQHandler                      0x08000247   Thumb Code     0  startup_stm32f10x_hd.o(.text)
    TIM1_CC_IRQHandler                       0x08000247   Thumb Code     0  startup_stm32f10x_hd.o(.text)
    TIM1_TRG_COM_IRQHandler                  0x08000247   Thumb Code     0  startup_stm32f10x_hd.o(.text)
    TIM1_UP_IRQHandler                       0x08000247   Thumb Code     0  startup_stm32f10x_hd.o(.text)
    TIM2_IRQHandler                          0x08000247   Thumb Code     0  startup_stm32f10x_hd.o(.text)
    TIM3_IRQHandler                          0x08000247   Thumb Code     0  startup_stm32f10x_hd.o(.text)
    TIM4_IRQHandler                          0x08000247   Thumb Code     0  startup_stm32f10x_hd.o(.text)
    TIM7_IRQHandler                          0x08000247   Thumb Code     0  startup_stm32f10x_hd.o(.text)
    TIM8_BRK_IRQHandler                      0x08000247   Thumb Code     0  startup_stm32f10x_hd.o(.text)
    TIM8_CC_IRQHandler                       0x08000247   Thumb Code     0  startup_stm32f10x_hd.o(.text)
    TIM8_TRG_COM_IRQHandler                  0x08000247   Thumb Code     0  startup_stm32f10x_hd.o(.text)
    TIM8_UP_IRQHandler                       0x08000247   Thumb Code     0  startup_stm32f10x_hd.o(.text)
    UART4_IRQHandler                         0x08000247   Thumb Code     0  startup_stm32f10x_hd.o(.text)
    UART5_IRQHandler                         0x08000247   Thumb Code     0  startup_stm32f10x_hd.o(.text)
    USART2_IRQHandler                        0x08000247   Thumb Code     0  startup_stm32f10x_hd.o(.text)
    USART3_IRQHandler                        0x08000247   Thumb Code     0  startup_stm32f10x_hd.o(.text)
    USBWakeUp_IRQHandler                     0x08000247   Thumb Code     0  startup_stm32f10x_hd.o(.text)
    USB_HP_CAN1_TX_IRQHandler                0x08000247   Thumb Code     0  startup_stm32f10x_hd.o(.text)
    USB_LP_CAN1_RX0_IRQHandler               0x08000247   Thumb Code     0  startup_stm32f10x_hd.o(.text)
    WWDG_IRQHandler                          0x08000247   Thumb Code     0  startup_stm32f10x_hd.o(.text)
    __user_initial_stackheap                 0x08000249   Thumb Code     0  startup_stm32f10x_hd.o(.text)
    __use_no_semihosting                     0x0800026d   Thumb Code     2  use_no_semi_2.o(.text)
    __2printf                                0x08000271   Thumb Code    20  noretval__2printf.o(.text)
    _printf_int_hex                          0x08000289   Thumb Code    84  _printf_hex_int.o(.text)
    _printf_longlong_hex                     0x08000289   Thumb Code     0  _printf_hex_int.o(.text)
    __printf                                 0x080002e1   Thumb Code   270  __printf_wp.o(.text)
    __use_two_region_memory                  0x080003ef   Thumb Code     2  heapauxi.o(.text)
    __rt_heap_escrow$2region                 0x080003f1   Thumb Code     2  heapauxi.o(.text)
    __rt_heap_expand$2region                 0x080003f3   Thumb Code     2  heapauxi.o(.text)
    __I$use$semihosting                      0x080003f5   Thumb Code     0  use_no_semi.o(.text)
    __use_no_semihosting_swi                 0x080003f5   Thumb Code     2  use_no_semi.o(.text)
    _printf_int_common                       0x080003f7   Thumb Code   178  _printf_intcommon.o(.text)
    __lib_sel_fp_printf                      0x080004a9   Thumb Code     2  _printf_fp_dec.o(.text)
    _printf_fp_dec_real                      0x08000657   Thumb Code   620  _printf_fp_dec.o(.text)
    _printf_char_file                        0x080008c5   Thumb Code    32  _printf_char_file.o(.text)
    __rt_locale                              0x080008e9   Thumb Code     8  rt_locale_intlibspace.o(.text)
    _ll_udiv10                               0x080008f1   Thumb Code   138  lludiv10.o(.text)
    _printf_char_common                      0x08000987   Thumb Code    32  _printf_char_common.o(.text)
    _printf_fp_infnan                        0x080009ad   Thumb Code   112  _printf_fp_infnan.o(.text)
    _btod_etento                             0x08000a2d   Thumb Code   216  bigflt0.o(.text)
    ferror                                   0x08000b09   Thumb Code     8  ferror.o(.text)
    __user_libspace                          0x08000b11   Thumb Code     8  libspace.o(.text)
    __user_perproc_libspace                  0x08000b11   Thumb Code     0  libspace.o(.text)
    __user_perthread_libspace                0x08000b11   Thumb Code     0  libspace.o(.text)
    __user_setup_stackheap                   0x08000b19   Thumb Code    74  sys_stackheap_outer.o(.text)
    exit                                     0x08000b63   Thumb Code    18  exit.o(.text)
    strcmp                                   0x08000b75   Thumb Code   128  strcmpv7m.o(.text)
    _btod_d2e                                0x08000bf5   Thumb Code    62  btod.o(CL$$btod_d2e)
    _d2e_denorm_low                          0x08000c33   Thumb Code    70  btod.o(CL$$btod_d2e_denorm_low)
    _d2e_norm_op1                            0x08000c79   Thumb Code    96  btod.o(CL$$btod_d2e_norm_op1)
    __btod_div_common                        0x08000cd9   Thumb Code   696  btod.o(CL$$btod_div_common)
    _e2e                                     0x08001011   Thumb Code   198  btod.o(CL$$btod_e2e)
    _btod_ediv                               0x080010d7   Thumb Code    40  btod.o(CL$$btod_ediv)
    _btod_emul                               0x080010ff   Thumb Code    40  btod.o(CL$$btod_emul)
    __btod_mult_common                       0x08001127   Thumb Code   580  btod.o(CL$$btod_mult_common)
    Angle_Change                             0x0800136d   Thumb Code    10  pid.o(i.Angle_Change)
    BusFault_Handler                         0x08001381   Thumb Code     4  stm32f10x_it.o(i.BusFault_Handler)
    DebugMon_Handler                         0x08001385   Thumb Code     2  stm32f10x_it.o(i.DebugMon_Handler)
    EXTI0_IRQHandler                         0x08001389   Thumb Code    30  exti.o(i.EXTI0_IRQHandler)
    EXTI15_10_IRQHandler                     0x080013ad   Thumb Code   154  exti.o(i.EXTI15_10_IRQHandler)
    EXTI1_IRQHandler                         0x0800144d   Thumb Code    30  exti.o(i.EXTI1_IRQHandler)
    EXTI2_IRQHandler                         0x08001471   Thumb Code    30  exti.o(i.EXTI2_IRQHandler)
    EXTI3_IRQHandler                         0x08001495   Thumb Code    30  exti.o(i.EXTI3_IRQHandler)
    EXTI4_IRQHandler                         0x080014b9   Thumb Code    30  exti.o(i.EXTI4_IRQHandler)
    EXTI9_5_IRQHandler                       0x080014dd   Thumb Code   118  exti.o(i.EXTI9_5_IRQHandler)
    EXTI_ClearITPendingBit                   0x08001559   Thumb Code     6  stm32f10x_exti.o(i.EXTI_ClearITPendingBit)
    EXTI_Init                                0x08001565   Thumb Code   142  stm32f10x_exti.o(i.EXTI_Init)
    FSMC_NORSRAMCmd                          0x080015f9   Thumb Code    46  stm32f10x_fsmc.o(i.FSMC_NORSRAMCmd)
    FSMC_NORSRAMInit                         0x0800162d   Thumb Code   230  stm32f10x_fsmc.o(i.FSMC_NORSRAMInit)
    GPIO_EXTILineConfig                      0x08001715   Thumb Code    60  stm32f10x_gpio.o(i.GPIO_EXTILineConfig)
    GPIO_Init                                0x08001755   Thumb Code   278  stm32f10x_gpio.o(i.GPIO_Init)
    GPIO_PinRemapConfig                      0x0800186d   Thumb Code   138  stm32f10x_gpio.o(i.GPIO_PinRemapConfig)
    GPIO_ReadInputDataBit                    0x080018fd   Thumb Code    18  stm32f10x_gpio.o(i.GPIO_ReadInputDataBit)
    HardFault_Handler                        0x0800190f   Thumb Code     4  stm32f10x_it.o(i.HardFault_Handler)
    KD_Change                                0x08001915   Thumb Code    10  pid.o(i.KD_Change)
    KI_Change                                0x08001929   Thumb Code    10  pid.o(i.KI_Change)
    KP_Change                                0x0800193d   Thumb Code    10  pid.o(i.KP_Change)
    LCD_Clear                                0x08001951   Thumb Code    68  lcd.o(i.LCD_Clear)
    LCD_Display_Dir                          0x08001999   Thumb Code    70  lcd.o(i.LCD_Display_Dir)
    LCD_DrawFRONT_COLOR                      0x080019e5   Thumb Code    28  lcd.o(i.LCD_DrawFRONT_COLOR)
    LCD_DrawLine                             0x08001a01   Thumb Code   176  lcd.o(i.LCD_DrawLine)
    LCD_DrawPoint                            0x08001ab1   Thumb Code    28  lcd.o(i.LCD_DrawPoint)
    LCD_DrawRectangle                        0x08001ad1   Thumb Code    60  lcd.o(i.LCD_DrawRectangle)
    LCD_Fill                                 0x08001b0d   Thumb Code    92  lcd.o(i.LCD_Fill)
    LCD_Pow                                  0x08001b69   Thumb Code    22  lcd.o(i.LCD_Pow)
    LCD_Set_Window                           0x08001b7f   Thumb Code   166  lcd.o(i.LCD_Set_Window)
    LCD_ShowChar                             0x08001c25   Thumb Code   272  lcd.o(i.LCD_ShowChar)
    LCD_ShowNum                              0x08001d4d   Thumb Code   148  lcd.o(i.LCD_ShowNum)
    LCD_ShowString                           0x08001de1   Thumb Code   102  lcd.o(i.LCD_ShowString)
    LCD_WriteCmd                             0x08001e49   Thumb Code     6  lcd.o(i.LCD_WriteCmd)
    LCD_WriteData                            0x08001e55   Thumb Code     6  lcd.o(i.LCD_WriteData)
    LCD_WriteData_Color                      0x08001e61   Thumb Code     6  lcd.o(i.LCD_WriteData_Color)
    MemManage_Handler                        0x08001e6d   Thumb Code     4  stm32f10x_it.o(i.MemManage_Handler)
    NMI_Handler                              0x08001e71   Thumb Code     2  stm32f10x_it.o(i.NMI_Handler)
    NVIC_Init                                0x08001e75   Thumb Code   100  misc.o(i.NVIC_Init)
    NVIC_PriorityGroupConfig                 0x08001ee5   Thumb Code    10  misc.o(i.NVIC_PriorityGroupConfig)
    PID_init                                 0x08001ef9   Thumb Code    26  pid.o(i.PID_init)
    PendSV_Handler                           0x08001f25   Thumb Code     2  stm32f10x_it.o(i.PendSV_Handler)
    RCC_AHBPeriphClockCmd                    0x08001f29   Thumb Code    26  stm32f10x_rcc.o(i.RCC_AHBPeriphClockCmd)
    RCC_APB1PeriphClockCmd                   0x08001f49   Thumb Code    26  stm32f10x_rcc.o(i.RCC_APB1PeriphClockCmd)
    RCC_APB2PeriphClockCmd                   0x08001f69   Thumb Code    26  stm32f10x_rcc.o(i.RCC_APB2PeriphClockCmd)
    RCC_GetClocksFreq                        0x08001f89   Thumb Code   192  stm32f10x_rcc.o(i.RCC_GetClocksFreq)
    SVC_Handler                              0x0800205d   Thumb Code     2  stm32f10x_it.o(i.SVC_Handler)
    Speed_Change                             0x08002149   Thumb Code    10  pid.o(i.Speed_Change)
    SysTick_CLKSourceConfig                  0x0800215d   Thumb Code    40  misc.o(i.SysTick_CLKSourceConfig)
    SysTick_Handler                          0x08002185   Thumb Code     2  stm32f10x_it.o(i.SysTick_Handler)
    SystemInit                               0x08002189   Thumb Code    78  system_stm32f10x.o(i.SystemInit)
    TFTLCD_FSMC_Init                         0x080021e9   Thumb Code   126  lcd.o(i.TFTLCD_FSMC_Init)
    TFTLCD_GPIO_Init                         0x08002269   Thumb Code    98  lcd.o(i.TFTLCD_GPIO_Init)
    TFTLCD_Init                              0x080022d9   Thumb Code   590  lcd.o(i.TFTLCD_Init)
    TIM5_IRQHandler                          0x08002781   Thumb Code    34  encoder_tim5.o(i.TIM5_IRQHandler)
    TIM6_IRQHandler                          0x080027ad   Thumb Code   168  base_tim6.o(i.TIM6_IRQHandler)
    TIM_ARRPreloadConfig                     0x08002879   Thumb Code    24  stm32f10x_tim.o(i.TIM_ARRPreloadConfig)
    TIM_ClearFlag                            0x08002891   Thumb Code     6  stm32f10x_tim.o(i.TIM_ClearFlag)
    TIM_ClearITPendingBit                    0x08002897   Thumb Code     6  stm32f10x_tim.o(i.TIM_ClearITPendingBit)
    TIM_Cmd                                  0x0800289d   Thumb Code    24  stm32f10x_tim.o(i.TIM_Cmd)
    TIM_CtrlPWMOutputs                       0x080028b5   Thumb Code    30  stm32f10x_tim.o(i.TIM_CtrlPWMOutputs)
    TIM_GetITStatus                          0x080028d3   Thumb Code    34  stm32f10x_tim.o(i.TIM_GetITStatus)
    TIM_ICInit                               0x080028f5   Thumb Code   150  stm32f10x_tim.o(i.TIM_ICInit)
    TIM_ITConfig                             0x080029a1   Thumb Code    18  stm32f10x_tim.o(i.TIM_ITConfig)
    TIM_OC1Init                              0x080029b5   Thumb Code   132  stm32f10x_tim.o(i.TIM_OC1Init)
    TIM_OC1PreloadConfig                     0x08002a4d   Thumb Code    18  stm32f10x_tim.o(i.TIM_OC1PreloadConfig)
    TIM_SetCompare1                          0x08002a5f   Thumb Code     4  stm32f10x_tim.o(i.TIM_SetCompare1)
    TIM_SetIC1Prescaler                      0x08002a63   Thumb Code    18  stm32f10x_tim.o(i.TIM_SetIC1Prescaler)
    TIM_SetIC2Prescaler                      0x08002a75   Thumb Code    26  stm32f10x_tim.o(i.TIM_SetIC2Prescaler)
    TIM_SetIC3Prescaler                      0x08002a8f   Thumb Code    18  stm32f10x_tim.o(i.TIM_SetIC3Prescaler)
    TIM_SetIC4Prescaler                      0x08002aa1   Thumb Code    26  stm32f10x_tim.o(i.TIM_SetIC4Prescaler)
    TIM_TimeBaseInit                         0x08002abd   Thumb Code   122  stm32f10x_tim.o(i.TIM_TimeBaseInit)
    USART1_IRQHandler                        0x08002b61   Thumb Code   122  usart.o(i.USART1_IRQHandler)
    USART_Cmd                                0x08002be9   Thumb Code    24  stm32f10x_usart.o(i.USART_Cmd)
    USART_GetITStatus                        0x08002c01   Thumb Code    84  stm32f10x_usart.o(i.USART_GetITStatus)
    USART_ITConfig                           0x08002c55   Thumb Code    74  stm32f10x_usart.o(i.USART_ITConfig)
    USART_Init                               0x08002ca1   Thumb Code   210  stm32f10x_usart.o(i.USART_Init)
    USART_ReceiveData                        0x08002d79   Thumb Code    10  stm32f10x_usart.o(i.USART_ReceiveData)
    UsageFault_Handler                       0x08002d83   Thumb Code     4  stm32f10x_it.o(i.UsageFault_Handler)
    __ARM_fpclassify                         0x08002d87   Thumb Code    40  fpclassify.o(i.__ARM_fpclassify)
    _is_digit                                0x08002daf   Thumb Code    14  __printf_wp.o(i._is_digit)
    _sys_exit                                0x08002dbd   Thumb Code     6  usart.o(i._sys_exit)
    delay_init                               0x08002dc5   Thumb Code    50  delay.o(i.delay_init)
    delay_ms                                 0x08002e09   Thumb Code    72  delay.o(i.delay_ms)
    encoder_init                             0x08002e55   Thumb Code   164  encoder_tim5.o(i.encoder_init)
    exti_key16_init                          0x08002f05   Thumb Code  1022  exti.o(i.exti_key16_init)
    fputc                                    0x08003305   Thumb Code    24  usart.o(i.fputc)
    key0_number_zero                         0x08003321   Thumb Code   134  key.o(i.key0_number_zero)
    key10_Kp_change                          0x080033c5   Thumb Code   230  key.o(i.key10_Kp_change)
    key11_Ki_change                          0x080034dd   Thumb Code   230  key.o(i.key11_Ki_change)
    key12_Kd_change                          0x080035f5   Thumb Code   230  key.o(i.key12_Kd_change)
    key13_speed_set                          0x0800370d   Thumb Code   148  key.o(i.key13_speed_set)
    key14_angle_set                          0x080037c1   Thumb Code   148  key.o(i.key14_angle_set)
    key15_decimal_point                      0x08003875   Thumb Code    70  key.o(i.key15_decimal_point)
    key16_init                               0x080038c9   Thumb Code    34  key.o(i.key16_init)
    key1_number_one                          0x080038f1   Thumb Code   134  key.o(i.key1_number_one)
    key2_number_two                          0x08003995   Thumb Code   134  key.o(i.key2_number_two)
    key3_number_three                        0x08003a39   Thumb Code   134  key.o(i.key3_number_three)
    key4_number_four                         0x08003add   Thumb Code   134  key.o(i.key4_number_four)
    key5_number_five                         0x08003b81   Thumb Code   132  key.o(i.key5_number_five)
    key6_number_six                          0x08003c21   Thumb Code   134  key.o(i.key6_number_six)
    key7_number_seven                        0x08003cc5   Thumb Code   134  key.o(i.key7_number_seven)
    key8_number_eight                        0x08003d69   Thumb Code   134  key.o(i.key8_number_eight)
    key9_number_nine                         0x08003e0d   Thumb Code   134  key.o(i.key9_number_nine)
    lcd_show_PID                             0x08003eb1   Thumb Code   470  pid.o(i.lcd_show_PID)
    lcd_show_Speed_angle                     0x080040a1   Thumb Code   250  base_tim6.o(i.lcd_show_Speed_angle)
    lcd_show_really_speed                    0x080041b1   Thumb Code   110  pid.o(i.lcd_show_really_speed)
    lcd_show_set_speed                       0x0800422d   Thumb Code    44  pid.o(i.lcd_show_set_speed)
    main                                     0x08004259   Thumb Code   286  main.o(i.main)
    out_scan                                 0x08004385   Thumb Code    60  pid.o(i.out_scan)
    pid_rectify                              0x080043ed   Thumb Code   212  pid.o(i.pid_rectify)
    tim4_motor_init                          0x080044d1   Thumb Code   134  motor_time1.o(i.tim4_motor_init)
    tim6_base_init                           0x08004561   Thumb Code    88  base_tim6.o(i.tim6_base_init)
    time1_motor_init                         0x080045bd   Thumb Code   190  motor_time1.o(i.time1_motor_init)
    uart_init                                0x08004689   Thumb Code   152  usart.o(i.uart_init)
    _get_lc_numeric                          0x08004729   Thumb Code    44  lc_numeric_c.o(locale$$code)
    __aeabi_d2f                              0x08004755   Thumb Code     0  d2f.o(x$fpl$d2f)
    _d2f                                     0x08004755   Thumb Code    98  d2f.o(x$fpl$d2f)
    __aeabi_dadd                             0x080047b9   Thumb Code     0  daddsub_clz.o(x$fpl$dadd)
    _dadd                                    0x080047b9   Thumb Code   332  daddsub_clz.o(x$fpl$dadd)
    __aeabi_ddiv                             0x08004909   Thumb Code     0  ddiv.o(x$fpl$ddiv)
    _ddiv                                    0x08004909   Thumb Code   552  ddiv.o(x$fpl$ddiv)
    __aeabi_dmul                             0x08004bb9   Thumb Code     0  dmul.o(x$fpl$dmul)
    _dmul                                    0x08004bb9   Thumb Code   332  dmul.o(x$fpl$dmul)
    __fpl_dnaninf                            0x08004d0d   Thumb Code   156  dnaninf.o(x$fpl$dnaninf)
    __fpl_dretinf                            0x08004da9   Thumb Code    12  dretinf.o(x$fpl$dretinf)
    __aeabi_dsub                             0x08004db5   Thumb Code     0  daddsub_clz.o(x$fpl$dsub)
    _dsub                                    0x08004db5   Thumb Code   464  daddsub_clz.o(x$fpl$dsub)
    __aeabi_f2d                              0x08004f89   Thumb Code     0  f2d.o(x$fpl$f2d)
    _f2d                                     0x08004f89   Thumb Code    86  f2d.o(x$fpl$f2d)
    __aeabi_fadd                             0x08004fe1   Thumb Code     0  faddsub_clz.o(x$fpl$fadd)
    _fadd                                    0x08004fe1   Thumb Code   196  faddsub_clz.o(x$fpl$fadd)
    __aeabi_fdiv                             0x080050a5   Thumb Code     0  fdiv.o(x$fpl$fdiv)
    _fdiv                                    0x080050a5   Thumb Code   384  fdiv.o(x$fpl$fdiv)
    __aeabi_f2iz                             0x08005229   Thumb Code     0  ffix.o(x$fpl$ffix)
    _ffix                                    0x08005229   Thumb Code    54  ffix.o(x$fpl$ffix)
    __aeabi_f2uiz                            0x08005261   Thumb Code     0  ffixu.o(x$fpl$ffixu)
    _ffixu                                   0x08005261   Thumb Code    62  ffixu.o(x$fpl$ffixu)
    __aeabi_i2f                              0x080052a1   Thumb Code     0  fflt_clz.o(x$fpl$fflt)
    _fflt                                    0x080052a1   Thumb Code    48  fflt_clz.o(x$fpl$fflt)
    __aeabi_ui2f                             0x080052d1   Thumb Code     0  fflt_clz.o(x$fpl$ffltu)
    _ffltu                                   0x080052d1   Thumb Code    38  fflt_clz.o(x$fpl$ffltu)
    __aeabi_fmul                             0x080052f9   Thumb Code     0  fmul.o(x$fpl$fmul)
    _fmul                                    0x080052f9   Thumb Code   258  fmul.o(x$fpl$fmul)
    __fpl_fnaninf                            0x080053fb   Thumb Code   140  fnaninf.o(x$fpl$fnaninf)
    __fpl_fretinf                            0x08005487   Thumb Code    10  fretinf.o(x$fpl$fretinf)
    __aeabi_frsub                            0x08005491   Thumb Code     0  faddsub_clz.o(x$fpl$frsb)
    _frsb                                    0x08005491   Thumb Code    20  faddsub_clz.o(x$fpl$frsb)
    __aeabi_fsub                             0x080054a5   Thumb Code     0  faddsub_clz.o(x$fpl$fsub)
    _fsub                                    0x080054a5   Thumb Code   234  faddsub_clz.o(x$fpl$fsub)
    _printf_fp_dec                           0x0800558f   Thumb Code     4  printf1.o(x$fpl$printf1)
    __I$use$fp                               0x08005592   Number         0  usenofp.o(x$fpl$usenofp)
    ascii_1206                               0x08005592   Data        1140  lcd.o(.constdata)
    ascii_1608                               0x08005a06   Data        1520  lcd.o(.constdata)
    ascii_2412                               0x08005ff6   Data        3420  lcd.o(.constdata)
    Region$$Table$$Base                      0x08006e10   Number         0  anon$$obj.o(Region$$Table)
    Region$$Table$$Limit                     0x08006e30   Number         0  anon$$obj.o(Region$$Table)
    count                                    0x20000000   Data           4  main.o(.data)
    really_speed_angle                       0x20000004   Data           4  main.o(.data)
    SystemCoreClock                          0x20000008   Data           4  system_stm32f10x.o(.data)
    AHBPrescTable                            0x2000000c   Data          16  system_stm32f10x.o(.data)
    __stdout                                 0x20000034   Data           4  usart.o(.data)
    USART_RX_STA                             0x20000038   Data           2  usart.o(.data)
    encoder_number                           0x2000003c   Data           4  base_tim6.o(.data)
    speed_show_lcd                           0x20000040   Data           4  base_tim6.o(.data)
    Speed_String                             0x20000044   Data          20  base_tim6.o(.data)
    angle_String                             0x20000058   Data          20  base_tim6.o(.data)
    pid_change_value_numbeer                 0x20000078   Data           4  pid.o(.data)
    speed_angle_change_value_number          0x2000007c   Data           4  pid.o(.data)
    Kp_String                                0x20000080   Data          10  pid.o(.data)
    Ki_String                                0x2000008a   Data          10  pid.o(.data)
    Kd_String                                0x20000094   Data          10  pid.o(.data)
    numbeer_acccumulation                    0x200000ac   Data           4  key.o(.data)
    Kp_flag                                  0x200000b0   Data           1  key.o(.data)
    Ki_flag                                  0x200000b1   Data           1  key.o(.data)
    Kd_flag                                  0x200000b2   Data           1  key.o(.data)
    speed_flag                               0x200000b3   Data           1  key.o(.data)
    angle_flag                               0x200000b4   Data           1  key.o(.data)
    pid_result                               0x200000b8   Data           4  key.o(.data)
    point_sunm                               0x200000bc   Data           1  key.o(.data)
    point_flag                               0x200000bd   Data           1  key.o(.data)
    point_digit                              0x200000be   Data           1  key.o(.data)
    wait_change_String                       0x200000bf   Data          20  key.o(.data)
    clan_waiting_lcd                         0x200000d3   Data         500  key.o(.data)
    Digit                                    0x200002c8   Data           4  key.o(.data)
    point_lcd_show_String                    0x200002cc   Data           3  key.o(.data)
    FRONT_COLOR                              0x200002d0   Data           2  lcd.o(.data)
    BACK_COLOR                               0x200002d2   Data           2  lcd.o(.data)
    tftlcd_data                              0x200002d4   Data           8  lcd.o(.data)
    USART_RX_BUF                             0x200002dc   Data         200  usart.o(.bss)
    PidParameterString                       0x200003a4   Data          28  pid.o(.bss)
    __libspace_start                         0x200003c0   Data          96  libspace.o(.bss)
    __temporary_stack_top$libspace           0x20000420   Data           0  libspace.o(.bss)



==============================================================================

Memory Map of the image

  Image Entry point : 0x08000131

  Load Region LR_IROM1 (Base: 0x08000000, Size: 0x00007128, Max: 0x00080000, ABSOLUTE, COMPRESSED[0x00006e9c])

    Execution Region ER_IROM1 (Base: 0x08000000, Size: 0x00006e4c, Max: 0x00080000, ABSOLUTE)

    Base Addr    Size         Type   Attr      Idx    E Section Name        Object

    0x08000000   0x00000130   Data   RO          250    RESET               startup_stm32f10x_hd.o
    0x08000130   0x00000008   Code   RO         3887  * !!!main             c_w.l(__main.o)
    0x08000138   0x00000034   Code   RO         4155    !!!scatter          c_w.l(__scatter.o)
    0x0800016c   0x0000005a   Code   RO         4153    !!dczerorl2         c_w.l(__dczerorl2.o)
    0x080001c6   0x00000002   PAD
    0x080001c8   0x0000001c   Code   RO         4157    !!handler_zi        c_w.l(__scatter_zi.o)
    0x080001e4   0x00000000   Code   RO         3884    .ARM.Collect$$_printf_percent$$00000000  c_w.l(_printf_percent.o)
    0x080001e4   0x00000006   Code   RO         3883    .ARM.Collect$$_printf_percent$$00000003  c_w.l(_printf_f.o)
    0x080001ea   0x00000006   Code   RO         3882    .ARM.Collect$$_printf_percent$$0000000C  c_w.l(_printf_x.o)
    0x080001f0   0x00000004   Code   RO         3942    .ARM.Collect$$_printf_percent$$00000017  c_w.l(_printf_percent_end.o)
    0x080001f4   0x00000002   Code   RO         4030    .ARM.Collect$$libinit$$00000000  c_w.l(libinit.o)
    0x080001f6   0x00000000   Code   RO         4032    .ARM.Collect$$libinit$$00000002  c_w.l(libinit2.o)
    0x080001f6   0x00000000   Code   RO         4034    .ARM.Collect$$libinit$$00000004  c_w.l(libinit2.o)
    0x080001f6   0x00000000   Code   RO         4037    .ARM.Collect$$libinit$$0000000A  c_w.l(libinit2.o)
    0x080001f6   0x00000000   Code   RO         4039    .ARM.Collect$$libinit$$0000000C  c_w.l(libinit2.o)
    0x080001f6   0x00000000   Code   RO         4041    .ARM.Collect$$libinit$$0000000E  c_w.l(libinit2.o)
    0x080001f6   0x00000006   Code   RO         4042    .ARM.Collect$$libinit$$0000000F  c_w.l(libinit2.o)
    0x080001fc   0x00000000   Code   RO         4044    .ARM.Collect$$libinit$$00000011  c_w.l(libinit2.o)
    0x080001fc   0x00000000   Code   RO         4046    .ARM.Collect$$libinit$$00000013  c_w.l(libinit2.o)
    0x080001fc   0x00000000   Code   RO         4048    .ARM.Collect$$libinit$$00000015  c_w.l(libinit2.o)
    0x080001fc   0x0000000a   Code   RO         4049    .ARM.Collect$$libinit$$00000016  c_w.l(libinit2.o)
    0x08000206   0x00000000   Code   RO         4050    .ARM.Collect$$libinit$$00000017  c_w.l(libinit2.o)
    0x08000206   0x00000000   Code   RO         4052    .ARM.Collect$$libinit$$00000019  c_w.l(libinit2.o)
    0x08000206   0x00000000   Code   RO         4054    .ARM.Collect$$libinit$$0000001B  c_w.l(libinit2.o)
    0x08000206   0x00000000   Code   RO         4056    .ARM.Collect$$libinit$$0000001D  c_w.l(libinit2.o)
    0x08000206   0x00000000   Code   RO         4058    .ARM.Collect$$libinit$$0000001F  c_w.l(libinit2.o)
    0x08000206   0x00000000   Code   RO         4060    .ARM.Collect$$libinit$$00000021  c_w.l(libinit2.o)
    0x08000206   0x00000000   Code   RO         4062    .ARM.Collect$$libinit$$00000023  c_w.l(libinit2.o)
    0x08000206   0x00000000   Code   RO         4064    .ARM.Collect$$libinit$$00000025  c_w.l(libinit2.o)
    0x08000206   0x00000000   Code   RO         4068    .ARM.Collect$$libinit$$0000002C  c_w.l(libinit2.o)
    0x08000206   0x00000000   Code   RO         4070    .ARM.Collect$$libinit$$0000002E  c_w.l(libinit2.o)
    0x08000206   0x00000000   Code   RO         4072    .ARM.Collect$$libinit$$00000030  c_w.l(libinit2.o)
    0x08000206   0x00000000   Code   RO         4074    .ARM.Collect$$libinit$$00000032  c_w.l(libinit2.o)
    0x08000206   0x00000002   Code   RO         4075    .ARM.Collect$$libinit$$00000033  c_w.l(libinit2.o)
    0x08000208   0x00000002   Code   RO         4103    .ARM.Collect$$libshutdown$$00000000  c_w.l(libshutdown.o)
    0x0800020a   0x00000000   Code   RO         4112    .ARM.Collect$$libshutdown$$00000002  c_w.l(libshutdown2.o)
    0x0800020a   0x00000000   Code   RO         4114    .ARM.Collect$$libshutdown$$00000004  c_w.l(libshutdown2.o)
    0x0800020a   0x00000000   Code   RO         4117    .ARM.Collect$$libshutdown$$00000007  c_w.l(libshutdown2.o)
    0x0800020a   0x00000000   Code   RO         4120    .ARM.Collect$$libshutdown$$0000000A  c_w.l(libshutdown2.o)
    0x0800020a   0x00000000   Code   RO         4122    .ARM.Collect$$libshutdown$$0000000C  c_w.l(libshutdown2.o)
    0x0800020a   0x00000000   Code   RO         4125    .ARM.Collect$$libshutdown$$0000000F  c_w.l(libshutdown2.o)
    0x0800020a   0x00000002   Code   RO         4126    .ARM.Collect$$libshutdown$$00000010  c_w.l(libshutdown2.o)
    0x0800020c   0x00000000   Code   RO         3935    .ARM.Collect$$rtentry$$00000000  c_w.l(__rtentry.o)
    0x0800020c   0x00000000   Code   RO         3953    .ARM.Collect$$rtentry$$00000002  c_w.l(__rtentry2.o)
    0x0800020c   0x00000006   Code   RO         3965    .ARM.Collect$$rtentry$$00000004  c_w.l(__rtentry4.o)
    0x08000212   0x00000000   Code   RO         3955    .ARM.Collect$$rtentry$$00000009  c_w.l(__rtentry2.o)
    0x08000212   0x00000004   Code   RO         3956    .ARM.Collect$$rtentry$$0000000A  c_w.l(__rtentry2.o)
    0x08000216   0x00000000   Code   RO         3958    .ARM.Collect$$rtentry$$0000000C  c_w.l(__rtentry2.o)
    0x08000216   0x00000008   Code   RO         3959    .ARM.Collect$$rtentry$$0000000D  c_w.l(__rtentry2.o)
    0x0800021e   0x00000002   Code   RO         4076    .ARM.Collect$$rtexit$$00000000  c_w.l(rtexit.o)
    0x08000220   0x00000000   Code   RO         4083    .ARM.Collect$$rtexit$$00000002  c_w.l(rtexit2.o)
    0x08000220   0x00000004   Code   RO         4084    .ARM.Collect$$rtexit$$00000003  c_w.l(rtexit2.o)
    0x08000224   0x00000006   Code   RO         4085    .ARM.Collect$$rtexit$$00000004  c_w.l(rtexit2.o)
    0x0800022a   0x00000002   PAD
    0x0800022c   0x00000040   Code   RO          251    .text               startup_stm32f10x_hd.o
    0x0800026c   0x00000002   Code   RO         3833    .text               c_w.l(use_no_semi_2.o)
    0x0800026e   0x00000002   PAD
    0x08000270   0x00000018   Code   RO         3837    .text               c_w.l(noretval__2printf.o)
    0x08000288   0x00000058   Code   RO         3844    .text               c_w.l(_printf_hex_int.o)
    0x080002e0   0x0000010e   Code   RO         3870    .text               c_w.l(__printf_wp.o)
    0x080003ee   0x00000006   Code   RO         3885    .text               c_w.l(heapauxi.o)
    0x080003f4   0x00000002   Code   RO         3933    .text               c_w.l(use_no_semi.o)
    0x080003f6   0x000000b2   Code   RO         3936    .text               c_w.l(_printf_intcommon.o)
    0x080004a8   0x0000041a   Code   RO         3938    .text               c_w.l(_printf_fp_dec.o)
    0x080008c2   0x00000002   PAD
    0x080008c4   0x00000024   Code   RO         3940    .text               c_w.l(_printf_char_file.o)
    0x080008e8   0x00000008   Code   RO         3970    .text               c_w.l(rt_locale_intlibspace.o)
    0x080008f0   0x0000008a   Code   RO         3972    .text               c_w.l(lludiv10.o)
    0x0800097a   0x00000002   PAD
    0x0800097c   0x00000030   Code   RO         3974    .text               c_w.l(_printf_char_common.o)
    0x080009ac   0x00000080   Code   RO         3976    .text               c_w.l(_printf_fp_infnan.o)
    0x08000a2c   0x000000dc   Code   RO         3978    .text               c_w.l(bigflt0.o)
    0x08000b08   0x00000008   Code   RO         4003    .text               c_w.l(ferror.o)
    0x08000b10   0x00000008   Code   RO         4014    .text               c_w.l(libspace.o)
    0x08000b18   0x0000004a   Code   RO         4017    .text               c_w.l(sys_stackheap_outer.o)
    0x08000b62   0x00000012   Code   RO         4021    .text               c_w.l(exit.o)
    0x08000b74   0x00000080   Code   RO         4023    .text               c_w.l(strcmpv7m.o)
    0x08000bf4   0x0000003e   Code   RO         3981    CL$$btod_d2e        c_w.l(btod.o)
    0x08000c32   0x00000046   Code   RO         3983    CL$$btod_d2e_denorm_low  c_w.l(btod.o)
    0x08000c78   0x00000060   Code   RO         3982    CL$$btod_d2e_norm_op1  c_w.l(btod.o)
    0x08000cd8   0x00000338   Code   RO         3991    CL$$btod_div_common  c_w.l(btod.o)
    0x08001010   0x000000c6   Code   RO         3988    CL$$btod_e2e        c_w.l(btod.o)
    0x080010d6   0x00000028   Code   RO         3985    CL$$btod_ediv       c_w.l(btod.o)
    0x080010fe   0x00000028   Code   RO         3984    CL$$btod_emul       c_w.l(btod.o)
    0x08001126   0x00000244   Code   RO         3990    CL$$btod_mult_common  c_w.l(btod.o)
    0x0800136a   0x00000002   PAD
    0x0800136c   0x00000014   Code   RO         3416    i.Angle_Change      pid.o
    0x08001380   0x00000004   Code   RO          140    i.BusFault_Handler  stm32f10x_it.o
    0x08001384   0x00000002   Code   RO          141    i.DebugMon_Handler  stm32f10x_it.o
    0x08001386   0x00000002   PAD
    0x08001388   0x00000024   Code   RO         3605    i.EXTI0_IRQHandler  exti.o
    0x080013ac   0x000000a0   Code   RO         3606    i.EXTI15_10_IRQHandler  exti.o
    0x0800144c   0x00000024   Code   RO         3607    i.EXTI1_IRQHandler  exti.o
    0x08001470   0x00000024   Code   RO         3608    i.EXTI2_IRQHandler  exti.o
    0x08001494   0x00000024   Code   RO         3609    i.EXTI3_IRQHandler  exti.o
    0x080014b8   0x00000024   Code   RO         3610    i.EXTI4_IRQHandler  exti.o
    0x080014dc   0x0000007c   Code   RO         3611    i.EXTI9_5_IRQHandler  exti.o
    0x08001558   0x0000000c   Code   RO         1079    i.EXTI_ClearITPendingBit  stm32f10x_exti.o
    0x08001564   0x00000094   Code   RO         1084    i.EXTI_Init         stm32f10x_exti.o
    0x080015f8   0x00000034   Code   RO         1317    i.FSMC_NORSRAMCmd   stm32f10x_fsmc.o
    0x0800162c   0x000000e6   Code   RO         1319    i.FSMC_NORSRAMInit  stm32f10x_fsmc.o
    0x08001712   0x00000002   PAD
    0x08001714   0x00000040   Code   RO         1429    i.GPIO_EXTILineConfig  stm32f10x_gpio.o
    0x08001754   0x00000116   Code   RO         1432    i.GPIO_Init         stm32f10x_gpio.o
    0x0800186a   0x00000002   PAD
    0x0800186c   0x00000090   Code   RO         1434    i.GPIO_PinRemapConfig  stm32f10x_gpio.o
    0x080018fc   0x00000012   Code   RO         1436    i.GPIO_ReadInputDataBit  stm32f10x_gpio.o
    0x0800190e   0x00000004   Code   RO          142    i.HardFault_Handler  stm32f10x_it.o
    0x08001912   0x00000002   PAD
    0x08001914   0x00000014   Code   RO         3417    i.KD_Change         pid.o
    0x08001928   0x00000014   Code   RO         3418    i.KI_Change         pid.o
    0x0800193c   0x00000014   Code   RO         3419    i.KP_Change         pid.o
    0x08001950   0x00000048   Code   RO         3659    i.LCD_Clear         lcd.o
    0x08001998   0x0000004c   Code   RO         3660    i.LCD_Display_Dir   lcd.o
    0x080019e4   0x0000001c   Code   RO         3661    i.LCD_DrawFRONT_COLOR  lcd.o
    0x08001a00   0x000000b0   Code   RO         3662    i.LCD_DrawLine      lcd.o
    0x08001ab0   0x00000020   Code   RO         3664    i.LCD_DrawPoint     lcd.o
    0x08001ad0   0x0000003c   Code   RO         3665    i.LCD_DrawRectangle  lcd.o
    0x08001b0c   0x0000005c   Code   RO         3668    i.LCD_Fill          lcd.o
    0x08001b68   0x00000016   Code   RO         3669    i.LCD_Pow           lcd.o
    0x08001b7e   0x000000a6   Code   RO         3673    i.LCD_Set_Window    lcd.o
    0x08001c24   0x00000128   Code   RO         3674    i.LCD_ShowChar      lcd.o
    0x08001d4c   0x00000094   Code   RO         3675    i.LCD_ShowNum       lcd.o
    0x08001de0   0x00000066   Code   RO         3676    i.LCD_ShowString    lcd.o
    0x08001e46   0x00000002   PAD
    0x08001e48   0x0000000c   Code   RO         3678    i.LCD_WriteCmd      lcd.o
    0x08001e54   0x0000000c   Code   RO         3680    i.LCD_WriteData     lcd.o
    0x08001e60   0x0000000c   Code   RO         3681    i.LCD_WriteData_Color  lcd.o
    0x08001e6c   0x00000004   Code   RO          143    i.MemManage_Handler  stm32f10x_it.o
    0x08001e70   0x00000002   Code   RO          144    i.NMI_Handler       stm32f10x_it.o
    0x08001e72   0x00000002   PAD
    0x08001e74   0x00000070   Code   RO          255    i.NVIC_Init         misc.o
    0x08001ee4   0x00000014   Code   RO          256    i.NVIC_PriorityGroupConfig  misc.o
    0x08001ef8   0x0000002c   Code   RO         3420    i.PID_init          pid.o
    0x08001f24   0x00000002   Code   RO          145    i.PendSV_Handler    stm32f10x_it.o
    0x08001f26   0x00000002   PAD
    0x08001f28   0x00000020   Code   RO         1847    i.RCC_AHBPeriphClockCmd  stm32f10x_rcc.o
    0x08001f48   0x00000020   Code   RO         1848    i.RCC_APB1PeriphClockCmd  stm32f10x_rcc.o
    0x08001f68   0x00000020   Code   RO         1850    i.RCC_APB2PeriphClockCmd  stm32f10x_rcc.o
    0x08001f88   0x000000d4   Code   RO         1858    i.RCC_GetClocksFreq  stm32f10x_rcc.o
    0x0800205c   0x00000002   Code   RO          146    i.SVC_Handler       stm32f10x_it.o
    0x0800205e   0x00000008   Code   RO          203    i.SetSysClock       system_stm32f10x.o
    0x08002066   0x00000002   PAD
    0x08002068   0x000000e0   Code   RO          204    i.SetSysClockTo72   system_stm32f10x.o
    0x08002148   0x00000014   Code   RO         3421    i.Speed_Change      pid.o
    0x0800215c   0x00000028   Code   RO          259    i.SysTick_CLKSourceConfig  misc.o
    0x08002184   0x00000002   Code   RO          147    i.SysTick_Handler   stm32f10x_it.o
    0x08002186   0x00000002   PAD
    0x08002188   0x00000060   Code   RO          206    i.SystemInit        system_stm32f10x.o
    0x080021e8   0x0000007e   Code   RO         3682    i.TFTLCD_FSMC_Init  lcd.o
    0x08002266   0x00000002   PAD
    0x08002268   0x00000070   Code   RO         3683    i.TFTLCD_GPIO_Init  lcd.o
    0x080022d8   0x00000268   Code   RO         3684    i.TFTLCD_Init       lcd.o
    0x08002540   0x00000080   Code   RO         2466    i.TI1_Config        stm32f10x_tim.o
    0x080025c0   0x00000098   Code   RO         2467    i.TI2_Config        stm32f10x_tim.o
    0x08002658   0x00000090   Code   RO         2468    i.TI3_Config        stm32f10x_tim.o
    0x080026e8   0x00000098   Code   RO         2469    i.TI4_Config        stm32f10x_tim.o
    0x08002780   0x0000002c   Code   RO         3361    i.TIM5_IRQHandler   encoder_tim5.o
    0x080027ac   0x000000cc   Code   RO         3380    i.TIM6_IRQHandler   base_tim6.o
    0x08002878   0x00000018   Code   RO         2470    i.TIM_ARRPreloadConfig  stm32f10x_tim.o
    0x08002890   0x00000006   Code   RO         2476    i.TIM_ClearFlag     stm32f10x_tim.o
    0x08002896   0x00000006   Code   RO         2477    i.TIM_ClearITPendingBit  stm32f10x_tim.o
    0x0800289c   0x00000018   Code   RO         2482    i.TIM_Cmd           stm32f10x_tim.o
    0x080028b4   0x0000001e   Code   RO         2484    i.TIM_CtrlPWMOutputs  stm32f10x_tim.o
    0x080028d2   0x00000022   Code   RO         2503    i.TIM_GetITStatus   stm32f10x_tim.o
    0x080028f4   0x000000ac   Code   RO         2505    i.TIM_ICInit        stm32f10x_tim.o
    0x080029a0   0x00000012   Code   RO         2507    i.TIM_ITConfig      stm32f10x_tim.o
    0x080029b2   0x00000002   PAD
    0x080029b4   0x00000098   Code   RO         2511    i.TIM_OC1Init       stm32f10x_tim.o
    0x08002a4c   0x00000012   Code   RO         2514    i.TIM_OC1PreloadConfig  stm32f10x_tim.o
    0x08002a5e   0x00000004   Code   RO         2543    i.TIM_SetCompare1   stm32f10x_tim.o
    0x08002a62   0x00000012   Code   RO         2548    i.TIM_SetIC1Prescaler  stm32f10x_tim.o
    0x08002a74   0x0000001a   Code   RO         2549    i.TIM_SetIC2Prescaler  stm32f10x_tim.o
    0x08002a8e   0x00000012   Code   RO         2550    i.TIM_SetIC3Prescaler  stm32f10x_tim.o
    0x08002aa0   0x0000001a   Code   RO         2551    i.TIM_SetIC4Prescaler  stm32f10x_tim.o
    0x08002aba   0x00000002   PAD
    0x08002abc   0x000000a4   Code   RO         2553    i.TIM_TimeBaseInit  stm32f10x_tim.o
    0x08002b60   0x00000088   Code   RO         3302    i.USART1_IRQHandler  usart.o
    0x08002be8   0x00000018   Code   RO         3018    i.USART_Cmd         stm32f10x_usart.o
    0x08002c00   0x00000054   Code   RO         3022    i.USART_GetITStatus  stm32f10x_usart.o
    0x08002c54   0x0000004a   Code   RO         3024    i.USART_ITConfig    stm32f10x_usart.o
    0x08002c9e   0x00000002   PAD
    0x08002ca0   0x000000d8   Code   RO         3025    i.USART_Init        stm32f10x_usart.o
    0x08002d78   0x0000000a   Code   RO         3032    i.USART_ReceiveData  stm32f10x_usart.o
    0x08002d82   0x00000004   Code   RO          148    i.UsageFault_Handler  stm32f10x_it.o
    0x08002d86   0x00000028   Code   RO         4012    i.__ARM_fpclassify  m_ws.l(fpclassify.o)
    0x08002dae   0x0000000e   Code   RO         3872    i._is_digit         c_w.l(__printf_wp.o)
    0x08002dbc   0x00000006   Code   RO         3303    i._sys_exit         usart.o
    0x08002dc2   0x00000002   PAD
    0x08002dc4   0x00000044   Code   RO         3248    i.delay_init        delay.o
    0x08002e08   0x0000004c   Code   RO         3249    i.delay_ms          delay.o
    0x08002e54   0x000000b0   Code   RO         3362    i.encoder_init      encoder_tim5.o
    0x08002f04   0x000003fe   Code   RO         3612    i.exti_key16_init   exti.o
    0x08003302   0x00000002   PAD
    0x08003304   0x0000001c   Code   RO         3304    i.fputc             usart.o
    0x08003320   0x000000a4   Code   RO         3493    i.key0_number_zero  key.o
    0x080033c4   0x00000118   Code   RO         3494    i.key10_Kp_change   key.o
    0x080034dc   0x00000118   Code   RO         3495    i.key11_Ki_change   key.o
    0x080035f4   0x00000118   Code   RO         3496    i.key12_Kd_change   key.o
    0x0800370c   0x000000b4   Code   RO         3497    i.key13_speed_set   key.o
    0x080037c0   0x000000b4   Code   RO         3498    i.key14_angle_set   key.o
    0x08003874   0x00000054   Code   RO         3499    i.key15_decimal_point  key.o
    0x080038c8   0x00000028   Code   RO         3500    i.key16_init        key.o
    0x080038f0   0x000000a4   Code   RO         3501    i.key1_number_one   key.o
    0x08003994   0x000000a4   Code   RO         3502    i.key2_number_two   key.o
    0x08003a38   0x000000a4   Code   RO         3503    i.key3_number_three  key.o
    0x08003adc   0x000000a4   Code   RO         3504    i.key4_number_four  key.o
    0x08003b80   0x000000a0   Code   RO         3505    i.key5_number_five  key.o
    0x08003c20   0x000000a4   Code   RO         3506    i.key6_number_six   key.o
    0x08003cc4   0x000000a4   Code   RO         3507    i.key7_number_seven  key.o
    0x08003d68   0x000000a4   Code   RO         3508    i.key8_number_eight  key.o
    0x08003e0c   0x000000a4   Code   RO         3509    i.key9_number_nine  key.o
    0x08003eb0   0x000001f0   Code   RO         3422    i.lcd_show_PID      pid.o
    0x080040a0   0x00000110   Code   RO         3381    i.lcd_show_Speed_angle  base_tim6.o
    0x080041b0   0x0000007c   Code   RO         3423    i.lcd_show_really_speed  pid.o
    0x0800422c   0x0000002c   Code   RO         3424    i.lcd_show_set_speed  pid.o
    0x08004258   0x0000012c   Code   RO            1    i.main              main.o
    0x08004384   0x00000068   Code   RO         3425    i.out_scan          pid.o
    0x080043ec   0x000000e4   Code   RO         3426    i.pid_rectify       pid.o
    0x080044d0   0x00000090   Code   RO         3343    i.tim4_motor_init   motor_time1.o
    0x08004560   0x0000005c   Code   RO         3382    i.tim6_base_init    base_tim6.o
    0x080045bc   0x000000cc   Code   RO         3344    i.time1_motor_init  motor_time1.o
    0x08004688   0x000000a0   Code   RO         3305    i.uart_init         usart.o
    0x08004728   0x0000002c   Code   RO         4008    locale$$code        c_w.l(lc_numeric_c.o)
    0x08004754   0x00000062   Code   RO         3889    x$fpl$d2f           fz_ws.l(d2f.o)
    0x080047b6   0x00000002   PAD
    0x080047b8   0x00000150   Code   RO         3891    x$fpl$dadd          fz_ws.l(daddsub_clz.o)
    0x08004908   0x000002b0   Code   RO         3898    x$fpl$ddiv          fz_ws.l(ddiv.o)
    0x08004bb8   0x00000154   Code   RO         3901    x$fpl$dmul          fz_ws.l(dmul.o)
    0x08004d0c   0x0000009c   Code   RO         3943    x$fpl$dnaninf       fz_ws.l(dnaninf.o)
    0x08004da8   0x0000000c   Code   RO         3945    x$fpl$dretinf       fz_ws.l(dretinf.o)
    0x08004db4   0x000001d4   Code   RO         3893    x$fpl$dsub          fz_ws.l(daddsub_clz.o)
    0x08004f88   0x00000056   Code   RO         3903    x$fpl$f2d           fz_ws.l(f2d.o)
    0x08004fde   0x00000002   PAD
    0x08004fe0   0x000000c4   Code   RO         3905    x$fpl$fadd          fz_ws.l(faddsub_clz.o)
    0x080050a4   0x00000184   Code   RO         3912    x$fpl$fdiv          fz_ws.l(fdiv.o)
    0x08005228   0x00000036   Code   RO         3915    x$fpl$ffix          fz_ws.l(ffix.o)
    0x0800525e   0x00000002   PAD
    0x08005260   0x0000003e   Code   RO         3919    x$fpl$ffixu         fz_ws.l(ffixu.o)
    0x0800529e   0x00000002   PAD
    0x080052a0   0x00000030   Code   RO         3924    x$fpl$fflt          fz_ws.l(fflt_clz.o)
    0x080052d0   0x00000026   Code   RO         3923    x$fpl$ffltu         fz_ws.l(fflt_clz.o)
    0x080052f6   0x00000002   PAD
    0x080052f8   0x00000102   Code   RO         3929    x$fpl$fmul          fz_ws.l(fmul.o)
    0x080053fa   0x0000008c   Code   RO         3947    x$fpl$fnaninf       fz_ws.l(fnaninf.o)
    0x08005486   0x0000000a   Code   RO         3949    x$fpl$fretinf       fz_ws.l(fretinf.o)
    0x08005490   0x00000014   Code   RO         3906    x$fpl$frsb          fz_ws.l(faddsub_clz.o)
    0x080054a4   0x000000ea   Code   RO         3907    x$fpl$fsub          fz_ws.l(faddsub_clz.o)
    0x0800558e   0x00000004   Code   RO         3931    x$fpl$printf1       fz_ws.l(printf1.o)
    0x08005592   0x00000000   Code   RO         3951    x$fpl$usenofp       fz_ws.l(usenofp.o)
    0x08005592   0x000017c0   Data   RO         3685    .constdata          lcd.o
    0x08006d52   0x00000028   Data   RO         3845    .constdata          c_w.l(_printf_hex_int.o)
    0x08006d7a   0x00000002   PAD
    0x08006d7c   0x00000094   Data   RO         3979    .constdata          c_w.l(bigflt0.o)
    0x08006e10   0x00000020   Data   RO         4151    Region$$Table       anon$$obj.o
    0x08006e30   0x0000001c   Data   RO         4007    locale$$data        c_w.l(lc_numeric_c.o)


    Execution Region RW_IRAM1 (Base: 0x20000000, Size: 0x00000a20, Max: 0x00010000, ABSOLUTE, COMPRESSED[0x00000050])

    Base Addr    Size         Type   Attr      Idx    E Section Name        Object

    0x20000000   0x00000008   Data   RW            2    .data               main.o
    0x20000008   0x00000014   Data   RW          207    .data               system_stm32f10x.o
    0x2000001c   0x00000014   Data   RW         1878    .data               stm32f10x_rcc.o
    0x20000030   0x00000004   Data   RW         3251    .data               delay.o
    0x20000034   0x00000006   Data   RW         3307    .data               usart.o
    0x2000003a   0x00000002   PAD
    0x2000003c   0x00000039   Data   RW         3383    .data               base_tim6.o
    0x20000075   0x00000003   PAD
    0x20000078   0x00000034   Data   RW         3428    .data               pid.o
    0x200000ac   0x00000223   Data   RW         3510    .data               key.o
    0x200002cf   0x00000001   PAD
    0x200002d0   0x0000000c   Data   RW         3686    .data               lcd.o
    0x200002dc   0x000000c8   Zero   RW         3306    .bss                usart.o
    0x200003a4   0x0000001c   Zero   RW         3427    .bss                pid.o
    0x200003c0   0x00000060   Zero   RW         4015    .bss                c_w.l(libspace.o)
    0x20000420   0x00000200   Zero   RW          249    HEAP                startup_stm32f10x_hd.o
    0x20000620   0x00000400   Zero   RW          248    STACK               startup_stm32f10x_hd.o


==============================================================================

Image component sizes


      Code (inc. data)   RO Data    RW Data    ZI Data      Debug   Object Name

       568         62          0         57          0       2519   base_tim6.o
         0          0          0          0          0         32   core_cm3.o
       144         22          0          4          0       1148   delay.o
       220         22          0          0          0       1145   encoder_tim5.o
      1486         42          0          0          0       4533   exti.o
      2960        532          0        547          0       9853   key.o
      2160         96       6080         12          0      13254   lcd.o
       300         14          0          8          0      56650   main.o
       172         22          0          0          0     208901   misc.o
       348         24          0          0          0       1305   motor_time1.o
      1140        168          0         52         28       6183   pid.o
        64         26        304          0       1536        780   startup_stm32f10x_hd.o
       160         12          0          0          0       1449   stm32f10x_exti.o
       282          6          0          0          0       1761   stm32f10x_fsmc.o
       504         10          0          0          0       3948   stm32f10x_gpio.o
        26          0          0          0          0       3554   stm32f10x_it.o
       308         38          0         20          0       4898   stm32f10x_rcc.o
      1316        170          0          0          0      12650   stm32f10x_tim.o
       408          6          0          0          0       4886   stm32f10x_usart.o
       328         28          0         20          0       1997   system_stm32f10x.o
       330         26          0          6        200       4064   usart.o

    ----------------------------------------------------------------------
     13254       1326       6416        732       1764     345510   Object Totals
         0          0         32          0          0          0   (incl. Generated)
        30          0          0          6          0          0   (incl. Padding)

    ----------------------------------------------------------------------

      Code (inc. data)   RO Data    RW Data    ZI Data      Debug   Library Member Name

        90          0          0          0          0          0   __dczerorl2.o
         8          0          0          0          0         68   __main.o
       284          0          0          0          0        156   __printf_wp.o
         0          0          0          0          0          0   __rtentry.o
        12          0          0          0          0          0   __rtentry2.o
         6          0          0          0          0          0   __rtentry4.o
        52          8          0          0          0          0   __scatter.o
        28          0          0          0          0          0   __scatter_zi.o
        48          6          0          0          0         96   _printf_char_common.o
        36          4          0          0          0         80   _printf_char_file.o
         6          0          0          0          0          0   _printf_f.o
      1050          0          0          0          0        216   _printf_fp_dec.o
       128         16          0          0          0         84   _printf_fp_infnan.o
        88          4         40          0          0         88   _printf_hex_int.o
       178          0          0          0          0         88   _printf_intcommon.o
         0          0          0          0          0          0   _printf_percent.o
         4          0          0          0          0          0   _printf_percent_end.o
         6          0          0          0          0          0   _printf_x.o
       220          4        148          0          0         96   bigflt0.o
      1910        128          0          0          0        672   btod.o
        18          0          0          0          0         80   exit.o
         8          0          0          0          0         68   ferror.o
         6          0          0          0          0        152   heapauxi.o
        44         10         28          0          0         76   lc_numeric_c.o
         2          0          0          0          0          0   libinit.o
        18          0          0          0          0          0   libinit2.o
         2          0          0          0          0          0   libshutdown.o
         2          0          0          0          0          0   libshutdown2.o
         8          4          0          0         96         68   libspace.o
       138          0          0          0          0         80   lludiv10.o
        24          4          0          0          0         84   noretval__2printf.o
         8          4          0          0          0         68   rt_locale_intlibspace.o
         2          0          0          0          0          0   rtexit.o
        10          0          0          0          0          0   rtexit2.o
       128          0          0          0          0         68   strcmpv7m.o
        74          0          0          0          0         80   sys_stackheap_outer.o
         2          0          0          0          0         68   use_no_semi.o
         2          0          0          0          0         68   use_no_semi_2.o
        98          4          0          0          0         92   d2f.o
       804         16          0          0          0        272   daddsub_clz.o
       688        140          0          0          0        208   ddiv.o
       340         12          0          0          0        104   dmul.o
       156          4          0          0          0         92   dnaninf.o
        12          0          0          0          0         68   dretinf.o
        86          4          0          0          0         84   f2d.o
       450          8          0          0          0        236   faddsub_clz.o
       388         76          0          0          0         96   fdiv.o
        54          4          0          0          0         84   ffix.o
        62          4          0          0          0         84   ffixu.o
        86          0          0          0          0        136   fflt_clz.o
       258          4          0          0          0         84   fmul.o
       140          4          0          0          0         84   fnaninf.o
        10          0          0          0          0         68   fretinf.o
         4          0          0          0          0         68   printf1.o
         0          0          0          0          0          0   usenofp.o
        40          0          0          0          0         68   fpclassify.o

    ----------------------------------------------------------------------
      8348        472        218          0         96       4532   Library Totals
        22          0          2          0          0          0   (incl. Padding)

    ----------------------------------------------------------------------

      Code (inc. data)   RO Data    RW Data    ZI Data      Debug   Library Name

      4650        192        216          0         96       2604   c_w.l
      3636        280          0          0          0       1860   fz_ws.l
        40          0          0          0          0         68   m_ws.l

    ----------------------------------------------------------------------
      8348        472        218          0         96       4532   Library Totals

    ----------------------------------------------------------------------

==============================================================================


      Code (inc. data)   RO Data    RW Data    ZI Data      Debug   

     21602       1798       6634        732       1860     341510   Grand Totals
     21602       1798       6634         80       1860     341510   ELF Image Totals (compressed)
     21602       1798       6634         80          0          0   ROM Totals

==============================================================================

    Total RO  Size (Code + RO Data)                28236 (  27.57kB)
    Total RW  Size (RW Data + ZI Data)              2592 (   2.53kB)
    Total ROM Size (Code + RO Data + RW Data)      28316 (  27.65kB)

==============================================================================

