Component: ARM Compiler 5.06 update 1 (build 61) Tool: armlink [4d35a8]

==============================================================================

Section Cross References

    main.o(i.main) refers to usart.o(i.uart_init) for uart_init
    main.o(i.main) refers to misc.o(i.NVIC_PriorityGroupConfig) for NVIC_PriorityGroupConfig
    main.o(i.main) refers to delay.o(i.delay_init) for delay_init
    main.o(i.main) refers to motor_time1.o(i.time1_motor_init) for time1_motor_init
    main.o(i.main) refers to encoder_tim5.o(i.encoder_init) for encoder_init
    main.o(i.main) refers to base_tim6.o(i.tim6_base_init) for tim6_base_init
    main.o(i.main) refers to pid.o(i.PID_init) for PID_init
    main.o(i.main) refers to motor_time1.o(i.tim4_motor_init) for tim4_motor_init
    main.o(i.main) refers to exti.o(i.exti_key16_init) for exti_key16_init
    main.o(i.main) refers to key.o(i.key16_init) for key16_init
    main.o(i.main) refers to lcd.o(i.TFTLCD_Init) for TFTLCD_Init
    main.o(i.main) refers to lcd.o(i.LCD_Fill) for LCD_Fill
    main.o(i.main) refers to usart_one.o(i.usart_order_execute) for usart_order_execute
    main.o(i.main) refers to pid.o(i.lcd_show_PID) for lcd_show_PID
    main.o(i.main) refers to base_tim6.o(i.lcd_show_Speed_angle) for lcd_show_Speed_angle
    main.o(i.main) refers to fflt_clz.o(x$fpl$fflt) for __aeabi_i2f
    main.o(i.main) refers to pid.o(i.pid_rectify) for pid_rectify
    main.o(i.main) refers to ffix.o(x$fpl$ffix) for __aeabi_f2iz
    main.o(i.main) refers to stm32f10x_tim.o(i.TIM_SetCompare1) for TIM_SetCompare1
    main.o(i.main) refers to lcd.o(i.LCD_DrawLine) for LCD_DrawLine
    main.o(i.main) refers to lcd.o(i.LCD_ShowNum) for LCD_ShowNum
    main.o(i.main) refers to lcd.o(i.LCD_DrawRectangle) for LCD_DrawRectangle
    main.o(i.main) refers to main.o(.data) for really_speed_angle
    system_stm32f10x.o(i.SetSysClock) refers to system_stm32f10x.o(i.SetSysClockTo72) for SetSysClockTo72
    system_stm32f10x.o(i.SystemCoreClockUpdate) refers to system_stm32f10x.o(.data) for SystemCoreClock
    system_stm32f10x.o(i.SystemInit) refers to system_stm32f10x.o(i.SetSysClock) for SetSysClock
    startup_stm32f10x_hd.o(STACK) refers (Special) to heapauxi.o(.text) for __use_two_region_memory
    startup_stm32f10x_hd.o(HEAP) refers (Special) to heapauxi.o(.text) for __use_two_region_memory
    startup_stm32f10x_hd.o(RESET) refers (Special) to heapauxi.o(.text) for __use_two_region_memory
    startup_stm32f10x_hd.o(RESET) refers to startup_stm32f10x_hd.o(STACK) for __initial_sp
    startup_stm32f10x_hd.o(RESET) refers to startup_stm32f10x_hd.o(.text) for Reset_Handler
    startup_stm32f10x_hd.o(RESET) refers to stm32f10x_it.o(i.NMI_Handler) for NMI_Handler
    startup_stm32f10x_hd.o(RESET) refers to stm32f10x_it.o(i.HardFault_Handler) for HardFault_Handler
    startup_stm32f10x_hd.o(RESET) refers to stm32f10x_it.o(i.MemManage_Handler) for MemManage_Handler
    startup_stm32f10x_hd.o(RESET) refers to stm32f10x_it.o(i.BusFault_Handler) for BusFault_Handler
    startup_stm32f10x_hd.o(RESET) refers to stm32f10x_it.o(i.UsageFault_Handler) for UsageFault_Handler
    startup_stm32f10x_hd.o(RESET) refers to stm32f10x_it.o(i.SVC_Handler) for SVC_Handler
    startup_stm32f10x_hd.o(RESET) refers to stm32f10x_it.o(i.DebugMon_Handler) for DebugMon_Handler
    startup_stm32f10x_hd.o(RESET) refers to stm32f10x_it.o(i.PendSV_Handler) for PendSV_Handler
    startup_stm32f10x_hd.o(RESET) refers to stm32f10x_it.o(i.SysTick_Handler) for SysTick_Handler
    startup_stm32f10x_hd.o(RESET) refers to exti.o(i.EXTI0_IRQHandler) for EXTI0_IRQHandler
    startup_stm32f10x_hd.o(RESET) refers to exti.o(i.EXTI1_IRQHandler) for EXTI1_IRQHandler
    startup_stm32f10x_hd.o(RESET) refers to exti.o(i.EXTI2_IRQHandler) for EXTI2_IRQHandler
    startup_stm32f10x_hd.o(RESET) refers to exti.o(i.EXTI3_IRQHandler) for EXTI3_IRQHandler
    startup_stm32f10x_hd.o(RESET) refers to exti.o(i.EXTI4_IRQHandler) for EXTI4_IRQHandler
    startup_stm32f10x_hd.o(RESET) refers to exti.o(i.EXTI9_5_IRQHandler) for EXTI9_5_IRQHandler
    startup_stm32f10x_hd.o(RESET) refers to usart.o(i.USART1_IRQHandler) for USART1_IRQHandler
    startup_stm32f10x_hd.o(RESET) refers to exti.o(i.EXTI15_10_IRQHandler) for EXTI15_10_IRQHandler
    startup_stm32f10x_hd.o(RESET) refers to encoder_tim5.o(i.TIM5_IRQHandler) for TIM5_IRQHandler
    startup_stm32f10x_hd.o(RESET) refers to base_tim6.o(i.TIM6_IRQHandler) for TIM6_IRQHandler
    startup_stm32f10x_hd.o(.text) refers (Special) to heapauxi.o(.text) for __use_two_region_memory
    startup_stm32f10x_hd.o(.text) refers to system_stm32f10x.o(i.SystemInit) for SystemInit
    startup_stm32f10x_hd.o(.text) refers to __main.o(!!!main) for __main
    startup_stm32f10x_hd.o(.text) refers to startup_stm32f10x_hd.o(HEAP) for Heap_Mem
    startup_stm32f10x_hd.o(.text) refers to startup_stm32f10x_hd.o(STACK) for Stack_Mem
[...]
    .ARM.Collect$$libinit$$00000004          0x080001f0   Section        0  libinit2.o(.ARM.Collect$$libinit$$00000004)
    .ARM.Collect$$libinit$$0000000A          0x080001f0   Section        0  libinit2.o(.ARM.Collect$$libinit$$0000000A)
    .ARM.Collect$$libinit$$0000000C          0x080001f0   Section        0  libinit2.o(.ARM.Collect$$libinit$$0000000C)
    .ARM.Collect$$libinit$$0000000E          0x080001f0   Section        0  libinit2.o(.ARM.Collect$$libinit$$0000000E)
    .ARM.Collect$$libinit$$00000011          0x080001f0   Section        0  libinit2.o(.ARM.Collect$$libinit$$00000011)
    .ARM.Collect$$libinit$$00000013          0x080001f0   Section        0  libinit2.o(.ARM.Collect$$libinit$$00000013)
    .ARM.Collect$$libinit$$00000015          0x080001f0   Section        0  libinit2.o(.ARM.Collect$$libinit$$00000015)
    .ARM.Collect$$libinit$$00000017          0x080001f0   Section        0  libinit2.o(.ARM.Collect$$libinit$$00000017)
    .ARM.Collect$$libinit$$00000019          0x080001f0   Section        0  libinit2.o(.ARM.Collect$$libinit$$00000019)
    .ARM.Collect$$libinit$$0000001B          0x080001f0   Section        0  libinit2.o(.ARM.Collect$$libinit$$0000001B)
    .ARM.Collect$$libinit$$0000001D          0x080001f0   Section        0  libinit2.o(.ARM.Collect$$libinit$$0000001D)
    .ARM.Collect$$libinit$$0000001F          0x080001f0   Section        0  libinit2.o(.ARM.Collect$$libinit$$0000001F)
    .ARM.Collect$$libinit$$00000021          0x080001f0   Section        0  libinit2.o(.ARM.Collect$$libinit$$00000021)
    .ARM.Collect$$libinit$$00000023          0x080001f0   Section        0  libinit2.o(.ARM.Collect$$libinit$$00000023)
    .ARM.Collect$$libinit$$00000025          0x080001f0   Section        0  libinit2.o(.ARM.Collect$$libinit$$00000025)
    .ARM.Collect$$libinit$$0000002C          0x080001f0   Section        0  libinit2.o(.ARM.Collect$$libinit$$0000002C)
    .ARM.Collect$$libinit$$0000002E          0x080001f0   Section        0  libinit2.o(.ARM.Collect$$libinit$$0000002E)
    .ARM.Collect$$libinit$$00000030          0x080001f0   Section        0  libinit2.o(.ARM.Collect$$libinit$$00000030)
    .ARM.Collect$$libinit$$00000032          0x080001f0   Section        0  libinit2.o(.ARM.Collect$$libinit$$00000032)
    .ARM.Collect$$libinit$$00000033          0x080001f0   Section        2  libinit2.o(.ARM.Collect$$libinit$$00000033)
    .ARM.Collect$$libshutdown$$00000000      0x080001f2   Section        2  libshutdown.o(.ARM.Collect$$libshutdown$$00000000)
    .ARM.Collect$$libshutdown$$00000002      0x080001f4   Section        0  libshutdown2.o(.ARM.Collect$$libshutdown$$00000002)
    .ARM.Collect$$libshutdown$$00000004      0x080001f4   Section        0  libshutdown2.o(.ARM.Collect$$libshutdown$$00000004)
    .ARM.Collect$$libshutdown$$00000007      0x080001f4   Section        0  libshutdown2.o(.ARM.Collect$$libshutdown$$00000007)
    .ARM.Collect$$libshutdown$$0000000A      0x080001f4   Section        0  libshutdown2.o(.ARM.Collect$$libshutdown$$0000000A)
    .ARM.Collect$$libshutdown$$0000000C      0x080001f4   Section        0  libshutdown2.o(.ARM.Collect$$libshutdown$$0000000C)
    .ARM.Collect$$libshutdown$$0000000F      0x080001f4   Section        0  libshutdown2.o(.ARM.Collect$$libshutdown$$0000000F)
    .ARM.Collect$$libshutdown$$00000010      0x080001f4   Section        2  libshutdown2.o(.ARM.Collect$$libshutdown$$00000010)
    .ARM.Collect$$rtentry$$00000000          0x080001f6   Section        0  __rtentry.o(.ARM.Collect$$rtentry$$00000000)
    .ARM.Collect$$rtentry$$00000002          0x080001f6   Section        0  __rtentry2.o(.ARM.Collect$$rtentry$$00000002)
    .ARM.Collect$$rtentry$$00000004          0x080001f6   Section        6  __rtentry4.o(.ARM.Collect$$rtentry$$00000004)
    .ARM.Collect$$rtentry$$00000009          0x080001fc   Section        0  __rtentry2.o(.ARM.Collect$$rtentry$$00000009)
    .ARM.Collect$$rtentry$$0000000A          0x080001fc   Section        4  __rtentry2.o(.ARM.Collect$$rtentry$$0000000A)
    .ARM.Collect$$rtentry$$0000000C          0x08000200   Section        0  __rtentry2.o(.ARM.Collect$$rtentry$$0000000C)
    .ARM.Collect$$rtentry$$0000000D          0x08000200   Section        8  __rtentry2.o(.ARM.Collect$$rtentry$$0000000D)
    .ARM.Collect$$rtexit$$00000000           0x08000208   Section        2  rtexit.o(.ARM.Collect$$rtexit$$00000000)
    .ARM.Collect$$rtexit$$00000002           0x0800020a   Section        0  rtexit2.o(.ARM.Collect$$rtexit$$00000002)
    .ARM.Collect$$rtexit$$00000003           0x0800020a   Section        4  rtexit2.o(.ARM.Collect$$rtexit$$00000003)
    .ARM.Collect$$rtexit$$00000004           0x0800020e   Section        6  rtexit2.o(.ARM.Collect$$rtexit$$00000004)
    .text                                    0x08000214   Section       64  startup_stm32f10x_hd.o(.text)
    .text                                    0x08000254   Section        2  use_no_semi_2.o(.text)
    .text                                    0x08000258   Section        0  noretval__2printf.o(.text)
    .text                                    0x08000270   Section        0  __printf.o(.text)
    .text                                    0x080002d8   Section        0  _printf_hex_int.o(.text)
    .text                                    0x08000330   Section      100  rt_memcpy_w.o(.text)
    .text                                    0x08000394   Section        0  heapauxi.o(.text)
    .text                                    0x0800039a   Section        2  use_no_semi.o(.text)
    .text                                    0x0800039c   Section        0  _printf_intcommon.o(.text)
    .text                                    0x08000450   Section        0  _printf_char_file.o(.text)
    .text                                    0x08000474   Section        0  _printf_char_common.o(.text)
    _printf_input_char                       0x08000475   Thumb Code    10  _printf_char_common.o(.text)
    .text                                    0x080004a4   Section        0  ferror.o(.text)
    .text                                    0x080004ac   Section       74  sys_stackheap_outer.o(.text)
    .text                                    0x080004f6   Section        0  exit.o(.text)
    .text                                    0x08000508   Section        8  libspace.o(.text)
    i.BusFault_Handler                       0x08000510   Section        0  stm32f10x_it.o(i.BusFault_Handler)
    i.DebugMon_Handler                       0x08000514   Section        0  stm32f10x_it.o(i.DebugMon_Handler)
    i.EXTI0_IRQHandler                       0x08000518   Section        0  exti.o(i.EXTI0_IRQHandler)
    i.EXTI15_10_IRQHandler                   0x0800053c   Section        0  exti.o(i.EXTI15_10_IRQHandler)
    i.EXTI1_IRQHandler                       0x080005dc   Section        0  exti.o(i.EXTI1_IRQHandler)
    i.EXTI2_IRQHandler                       0x08000600   Section        0  exti.o(i.EXTI2_IRQHandler)
    i.EXTI3_IRQHandler                       0x08000624   Section        0  exti.o(i.EXTI3_IRQHandler)
    i.EXTI4_IRQHandler                       0x08000648   Section        0  exti.o(i.EXTI4_IRQHandler)
    i.EXTI9_5_IRQHandler                     0x0800066c   Section        0  exti.o(i.EXTI9_5_IRQHandler)
    i.EXTI_ClearITPendingBit                 0x080006e8   Section        0  stm32f10x_exti.o(i.EXTI_ClearITPendingBit)
    i.EXTI_Init                              0x080006f4   Section        0  stm32f10x_exti.o(i.EXTI_Init)
    i.FSMC_NORSRAMCmd                        0x08000788   Section        0  stm32f10x_fsmc.o(i.FSMC_NORSRAMCmd)
    i.FSMC_NORSRAMInit                       0x080007bc   Section        0  stm32f10x_fsmc.o(i.FSMC_NORSRAMInit)
    i.GPIO_EXTILineConfig                    0x080008a4   Section        0  stm32f10x_gpio.o(i.GPIO_EXTILineConfig)
    i.GPIO_Init                              0x080008e4   Section        0  stm32f10x_gpio.o(i.GPIO_Init)
    i.GPIO_PinRemapConfig                    0x080009fc   Section        0  stm32f10x_gpio.o(i.GPIO_PinRemapConfig)
    i.GPIO_ReadInputDataBit                  0x08000a8c   Section        0  stm32f10x_gpio.o(i.GPIO_ReadInputDataBit)
    i.HardFault_Handler                      0x08000a9e   Section        0  stm32f10x_it.o(i.HardFault_Handler)
    i.KD_Change                              0x08000aa4   Section        0  pid.o(i.KD_Change)
    i.KI_Change                              0x08000ab8   Section        0  pid.o(i.KI_Change)
    i.KP_Change                              0x08000acc   Section        0  pid.o(i.KP_Change)
    i.LCD_Clear                              0x08000ae0   Section        0  lcd.o(i.LCD_Clear)
    i.LCD_Display_Dir                        0x08000b28   Section        0  lcd.o(i.LCD_Display_Dir)
    i.LCD_DrawFRONT_COLOR                    0x08000b74   Section        0  lcd.o(i.LCD_DrawFRONT_COLOR)
    i.LCD_DrawLine                           0x08000b90   Section        0  lcd.o(i.LCD_DrawLine)
    i.LCD_DrawPoint                          0x08000c40   Section        0  lcd.o(i.LCD_DrawPoint)
    i.LCD_DrawRectangle                      0x08000c60   Section        0  lcd.o(i.LCD_DrawRectangle)
    i.LCD_Fill                               0x08000c9c   Section        0  lcd.o(i.LCD_Fill)
    i.LCD_Pow                                0x08000cf8   Section        0  lcd.o(i.LCD_Pow)
    i.LCD_Set_Window                         0x08000d0e   Section        0  lcd.o(i.LCD_Set_Window)
    i.LCD_ShowChar                           0x08000db4   Section        0  lcd.o(i.LCD_ShowChar)
    i.LCD_ShowNum                            0x08000edc   Section        0  lcd.o(i.LCD_ShowNum)
    i.LCD_ShowString                         0x08000f70   Section        0  lcd.o(i.LCD_ShowString)
    i.LCD_WriteCmd                           0x08000fd8   Section        0  lcd.o(i.LCD_WriteCmd)
    i.LCD_WriteData                          0x08000fe4   Section        0  lcd.o(i.LCD_WriteData)
    i.LCD_WriteData_Color                    0x08000ff0   Section        0  lcd.o(i.LCD_WriteData_Color)
    i.MemManage_Handler                      0x08000ffc   Section        0  stm32f10x_it.o(i.MemManage_Handler)
    i.NMI_Handler                            0x08001000   Section        0  stm32f10x_it.o(i.NMI_Handler)
    i.NVIC_Init                              0x08001004   Section        0  misc.o(i.NVIC_Init)
    i.NVIC_PriorityGroupConfig               0x08001074   Section        0  misc.o(i.NVIC_PriorityGroupConfig)
    i.PID_init                               0x08001088   Section        0  pid.o(i.PID_init)
    i.PendSV_Handler                         0x080010b4   Section        0  stm32f10x_it.o(i.PendSV_Handler)
    i.RCC_AHBPeriphClockCmd                  0x080010b8   Section        0  stm32f10x_rcc.o(i.RCC_AHBPeriphClockCmd)
    i.RCC_APB1PeriphClockCmd                 0x080010d8   Section        0  stm32f10x_rcc.o(i.RCC_APB1PeriphClockCmd)
    i.RCC_APB2PeriphClockCmd                 0x080010f8   Section        0  stm32f10x_rcc.o(i.RCC_APB2PeriphClockCmd)
    i.RCC_GetClocksFreq                      0x08001118   Section        0  stm32f10x_rcc.o(i.RCC_GetClocksFreq)
    i.SVC_Handler                            0x080011ec   Section        0  stm32f10x_it.o(i.SVC_Handler)
    i.SetSysClock                            0x080011ee   Section        0  system_stm32f10x.o(i.SetSysClock)
    SetSysClock                              0x080011ef   Thumb Code     8  system_stm32f10x.o(i.SetSysClock)
    i.SetSysClockTo72                        0x080011f8   Section        0  system_stm32f10x.o(i.SetSysClockTo72)
    SetSysClockTo72                          0x080011f9   Thumb Code   214  system_stm32f10x.o(i.SetSysClockTo72)
    i.Speed_Change                           0x080012d8   Section        0  pid.o(i.Speed_Change)
    i.SysTick_CLKSourceConfig                0x080012ec   Section        0  misc.o(i.SysTick_CLKSourceConfig)
    i.SysTick_Handler                        0x08001314   Section        0  stm32f10x_it.o(i.SysTick_Handler)
    i.SystemInit                             0x08001318   Section        0  system_stm32f10x.o(i.SystemInit)
    i.TFTLCD_FSMC_Init                       0x08001378   Section        0  lcd.o(i.TFTLCD_FSMC_Init)
    i.TFTLCD_GPIO_Init                       0x080013f8   Section        0  lcd.o(i.TFTLCD_GPIO_Init)
    i.TFTLCD_Init                            0x08001468   Section        0  lcd.o(i.TFTLCD_Init)
    i.TI1_Config                             0x080016d0   Section        0  stm32f10x_tim.o(i.TI1_Config)
    TI1_Config                               0x080016d1   Thumb Code   108  stm32f10x_tim.o(i.TI1_Config)
    i.TI2_Config                             0x08001750   Section        0  stm32f10x_tim.o(i.TI2_Config)
    TI2_Config                               0x08001751   Thumb Code   130  stm32f10x_tim.o(i.TI2_Config)
    i.TI3_Config                             0x080017e8   Section        0  stm32f10x_tim.o(i.TI3_Config)
    TI3_Config                               0x080017e9   Thumb Code   122  stm32f10x_tim.o(i.TI3_Config)
    i.TI4_Config                             0x08001878   Section        0  stm32f10x_tim.o(i.TI4_Config)
    TI4_Config                               0x08001879   Thumb Code   130  stm32f10x_tim.o(i.TI4_Config)
    i.TIM5_IRQHandler                        0x08001910   Section        0  encoder_tim5.o(i.TIM5_IRQHandler)
    i.TIM6_IRQHandler                        0x0800193c   Section        0  base_tim6.o(i.TIM6_IRQHandler)
    i.TIM_ARRPreloadConfig                   0x08001a08   Section        0  stm32f10x_tim.o(i.TIM_ARRPreloadConfig)
    i.TIM_ClearFlag                          0x08001a20   Section        0  stm32f10x_tim.o(i.TIM_ClearFlag)
    i.TIM_ClearITPendingBit                  0x08001a26   Section        0  stm32f10x_tim.o(i.TIM_ClearITPendingBit)
    i.TIM_Cmd                                0x08001a2c   Section        0  stm32f10x_tim.o(i.TIM_Cmd)
    i.TIM_CtrlPWMOutputs                     0x08001a44   Section        0  stm32f10x_tim.o(i.TIM_CtrlPWMOutputs)
    i.TIM_GetITStatus                        0x08001a62   Section        0  stm32f10x_tim.o(i.TIM_GetITStatus)
    i.TIM_ICInit                             0x08001a84   Section        0  stm32f10x_tim.o(i.TIM_ICInit)
    i.TIM_ITConfig                           0x08001b30   Section        0  stm32f10x_tim.o(i.TIM_ITConfig)
    i.TIM_OC1Init                            0x08001b44   Section        0  stm32f10x_tim.o(i.TIM_OC1Init)
    i.TIM_OC1PreloadConfig                   0x08001bdc   Section        0  stm32f10x_tim.o(i.TIM_OC1PreloadConfig)
    i.TIM_SetCompare1                        0x08001bee   Section        0  stm32f10x_tim.o(i.TIM_SetCompare1)
    i.TIM_SetIC1Prescaler                    0x08001bf2   Section        0  stm32f10x_tim.o(i.TIM_SetIC1Prescaler)
    i.TIM_SetIC2Prescaler                    0x08001c04   Section        0  stm32f10x_tim.o(i.TIM_SetIC2Prescaler)
    i.TIM_SetIC3Prescaler                    0x08001c1e   Section        0  stm32f10x_tim.o(i.TIM_SetIC3Prescaler)
    i.TIM_SetIC4Prescaler                    0x08001c30   Section        0  stm32f10x_tim.o(i.TIM_SetIC4Prescaler)
    i.TIM_TimeBaseInit                       0x08001c4c   Section        0  stm32f10x_tim.o(i.TIM_TimeBaseInit)
    i.USART1_IRQHandler                      0x08001cf0   Section        0  usart.o(i.USART1_IRQHandler)
    i.USART_Cmd                              0x08001d78   Section        0  stm32f10x_usart.o(i.USART_Cmd)
    i.USART_GetFlagStatus                    0x08001d90   Section        0  stm32f10x_usart.o(i.USART_GetFlagStatus)
    i.USART_GetITStatus                      0x08001daa   Section        0  stm32f10x_usart.o(i.USART_GetITStatus)
    i.USART_ITConfig                         0x08001dfe   Section        0  stm32f10x_usart.o(i.USART_ITConfig)
    i.USART_Init                             0x08001e48   Section        0  stm32f10x_usart.o(i.USART_Init)
    i.USART_ReceiveData                      0x08001f20   Section        0  stm32f10x_usart.o(i.USART_ReceiveData)
    i.USART_SendData                         0x08001f2a   Section        0  stm32f10x_usart.o(i.USART_SendData)
    i.UsageFault_Handler                     0x08001f32   Section        0  stm32f10x_it.o(i.UsageFault_Handler)
    i._sys_exit                              0x08001f36   Section        0  usart.o(i._sys_exit)
    i.delay_init                             0x08001f3c   Section        0  delay.o(i.delay_init)
    i.delay_ms                               0x08001f80   Section        0  delay.o(i.delay_ms)
    i.encoder_init                           0x08001fcc   Section        0  encoder_tim5.o(i.encoder_init)
    i.exti_key16_init                        0x0800207c   Section        0  exti.o(i.exti_key16_init)
    i.fputc                                  0x0800247c   Section        0  usart.o(i.fputc)
    i.key0_number_zero                       0x08002498   Section        0  key.o(i.key0_number_zero)
    i.key10_Kp_change                        0x0800253c   Section        0  key.o(i.key10_Kp_change)
    i.key11_Ki_change                        0x08002654   Section        0  key.o(i.key11_Ki_change)
    i.key12_Kd_change                        0x0800276c   Section        0  key.o(i.key12_Kd_change)
    i.key13_speed_set                        0x08002884   Section        0  key.o(i.key13_speed_set)
    i.key14_usart_pid_speed_angle_change     0x08002930   Section        0  key.o(i.key14_usart_pid_speed_angle_change)
    i.key15_decimal_point                    0x08002b10   Section        0  key.o(i.key15_decimal_point)
    i.key16_init                             0x08002b64   Section        0  key.o(i.key16_init)
    i.key1_number_one                        0x08002b8c   Section        0  key.o(i.key1_number_one)
    i.key2_number_two                        0x08002c30   Section        0  key.o(i.key2_number_two)
    i.key3_number_three                      0x08002cd4   Section        0  key.o(i.key3_number_three)
    i.key4_number_four                       0x08002d78   Section        0  key.o(i.key4_number_four)
    i.key5_number_five                       0x08002e1c   Section        0  key.o(i.key5_number_five)
    i.key6_number_six                        0x08002ebc   Section        0  key.o(i.key6_number_six)
    i.key7_number_seven                      0x08002f60   Section        0  key.o(i.key7_number_seven)
    i.key8_number_eight                      0x08003004   Section        0  key.o(i.key8_number_eight)
    i.key9_number_nine                       0x080030a8   Section        0  key.o(i.key9_number_nine)
    i.lcd_show_PID                           0x0800314c   Section        0  pid.o(i.lcd_show_PID)
    i.lcd_show_Speed_angle                   0x0800333c   Section        0  base_tim6.o(i.lcd_show_Speed_angle)
    i.lcd_show_really_speed                  0x0800344c   Section        0  pid.o(i.lcd_show_really_speed)
    i.lcd_show_set_speed                     0x080034c8   Section        0  pid.o(i.lcd_show_set_speed)
    i.main                                   0x080034f4   Section        0  main.o(i.main)
    i.out_scan                               0x08003624   Section        0  pid.o(i.out_scan)
    i.pid_rectify                            0x08003874   Section        0  pid.o(i.pid_rectify)
    i.tim4_motor_init                        0x08003958   Section        0  motor_time1.o(i.tim4_motor_init)
    i.tim6_base_init                         0x080039e8   Section        0  base_tim6.o(i.tim6_base_init)
    i.time1_motor_init                       0x08003a44   Section        0  motor_time1.o(i.time1_motor_init)
    i.uart_init                              0x08003b10   Section        0  usart.o(i.uart_init)
    i.usart1_send_string                     0x08003bb0   Section        0  usart_one.o(i.usart1_send_string)
    i.usart_angle_change                     0x08003bec   Section        0  pid.o(i.usart_angle_change)
    i.usart_kd_change                        0x08003bf0   Section        0  pid.o(i.usart_kd_change)
    i.usart_ki_change                        0x08003c44   Section        0  pid.o(i.usart_ki_change)
    i.usart_kp_change                        0x08003c98   Section        0  pid.o(i.usart_kp_change)
    i.usart_order_execute                    0x08003cec   Section        0  usart_one.o(i.usart_order_execute)
    i.usart_speed_change                     0x08003d54   Section        0  pid.o(i.usart_speed_change)
    x$fpl$d2f                                0x08003dac   Section       98  d2f.o(x$fpl$d2f)
    x$fpl$dadd                               0x08003e10   Section      336  daddsub_clz.o(x$fpl$dadd)
    _dadd1                                   0x08003e21   Thumb Code     0  daddsub_clz.o(x$fpl$dadd)
    x$fpl$ddiv                               0x08003f60   Section      688  ddiv.o(x$fpl$ddiv)
    ddiv_entry                               0x08003f67   Thumb Code     0  ddiv.o(x$fpl$ddiv)
    x$fpl$dmul                               0x08004210   Section      340  dmul.o(x$fpl$dmul)
    x$fpl$dnaninf                            0x08004364   Section      156  dnaninf.o(x$fpl$dnaninf)
    x$fpl$dretinf                            0x08004400   Section       12  dretinf.o(x$fpl$dretinf)
    x$fpl$dsub                               0x0800440c   Section      468  daddsub_clz.o(x$fpl$dsub)
    _dsub1                                   0x0800441d   Thumb Code     0  daddsub_clz.o(x$fpl$dsub)
    x$fpl$f2d                                0x080045e0   Section       86  f2d.o(x$fpl$f2d)
    x$fpl$fadd                               0x08004638   Section      196  faddsub_clz.o(x$fpl$fadd)
    _fadd1                                   0x08004647   Thumb Code     0  faddsub_clz.o(x$fpl$fadd)
    x$fpl$fdiv                               0x080046fc   Section      388  fdiv.o(x$fpl$fdiv)
    _fdiv1                                   0x080046fd   Thumb Code     0  fdiv.o(x$fpl$fdiv)
    x$fpl$ffix                               0x08004880   Section       54  ffix.o(x$fpl$ffix)
    x$fpl$ffixu                              0x080048b8   Section       62  ffixu.o(x$fpl$ffixu)
    x$fpl$fflt                               0x080048f8   Section       48  fflt_clz.o(x$fpl$fflt)
    x$fpl$ffltu                              0x08004928   Section       38  fflt_clz.o(x$fpl$ffltu)
    x$fpl$fmul                               0x08004950   Section      258  fmul.o(x$fpl$fmul)
    x$fpl$fnaninf                            0x08004a52   Section      140  fnaninf.o(x$fpl$fnaninf)
    x$fpl$fretinf                            0x08004ade   Section       10  fretinf.o(x$fpl$fretinf)
    x$fpl$frsb                               0x08004ae8   Section       20  faddsub_clz.o(x$fpl$frsb)
    x$fpl$fsub                               0x08004afc   Section      234  faddsub_clz.o(x$fpl$fsub)
    _fsub1                                   0x08004b0b   Thumb Code     0  faddsub_clz.o(x$fpl$fsub)
    x$fpl$usenofp                            0x08004be6   Section        0  usenofp.o(x$fpl$usenofp)
    .constdata                               0x08004be8   Section      190  key.o(.constdata)
    .constdata                               0x08004ca6   Section     6080  lcd.o(.constdata)
    .constdata                               0x08006466   Section       40  _printf_hex_int.o(.constdata)
    uc_hextab                                0x08006466   Data          20  _printf_hex_int.o(.constdata)
    lc_hextab                                0x0800647a   Data          20  _printf_hex_int.o(.constdata)
    .data                                    0x20000000   Section        8  main.o(.data)
    .data                                    0x20000008   Section       20  system_stm32f10x.o(.data)
    .data                                    0x2000001c   Section       20  stm32f10x_rcc.o(.data)
    APBAHBPrescTable                         0x2000001c   Data          16  stm32f10x_rcc.o(.data)
    ADCPrescTable                            0x2000002c   Data           4  stm32f10x_rcc.o(.data)
    .data                                    0x20000030   Section        4  delay.o(.data)
    fac_us                                   0x20000030   Data           1  delay.o(.data)
    fac_ms                                   0x20000032   Data           2  delay.o(.data)
    .data                                    0x20000034   Section        6  usart.o(.data)
    .data                                    0x2000003c   Section       57  base_tim6.o(.data)
    time_1s_flag                             0x2000006c   Data           4  base_tim6.o(.data)
    time_250ms_flag                          0x20000070   Data           4  base_tim6.o(.data)
    tim_10ms_flag                            0x20000074   Data           1  base_tim6.o(.data)
    .data                                    0x20000078   Section       56  pid.o(.data)
    i                                        0x200000a4   Data           4  pid.o(.data)
    j                                        0x200000a8   Data           4  pid.o(.data)
    z                                        0x200000ac   Data           4  pid.o(.data)
    .data                                    0x200000b0   Section      548  key.o(.data)
    i                                        0x200002d3   Data           1  key.o(.data)
    .data                                    0x200002d4   Section       12  lcd.o(.data)
    .data                                    0x200002e0   Section        5  usart_one.o(.data)
    .bss                                     0x200002e8   Section      200  usart.o(.bss)
    .bss                                     0x200003b0   Section       28  pid.o(.bss)
    .bss                                     0x200003cc   Section       96  libspace.o(.bss)
    HEAP                                     0x20000430   Section      512  startup_stm32f10x_hd.o(HEAP)
    Heap_Mem                                 0x20000430   Data         512  startup_stm32f10x_hd.o(HEAP)
    STACK                                    0x20000630   Section     1024  startup_stm32f10x_hd.o(STACK)
    Stack_Mem                                0x20000630   Data        1024  startup_stm32f10x_hd.o(STACK)
    __initial_sp                             0x20000a30   Data           0  startup_stm32f10x_hd.o(STACK)

    Global Symbols

    Symbol Name                              Value     Ov Type        Size  Object(Section)

    BuildAttributes$$THM_ISAv4$P$D$K$B$S$PE$A:L22UL41UL21$X:L11$S22US41US21$IEEE1$IW$USESV6$~STKCKD$USESV7$~SHL$OSPACE$ROPI$EBA8$UX$STANDARDLIB$REQ8$PRES8$EABIv2 0x00000000   Number         0  anon$$obj.o ABSOLUTE
    __ARM_use_no_argv                        0x00000000   Number         0  main.o ABSOLUTE
    __ARM_exceptions_init                     - Undefined Weak Reference
    __alloca_initialize                       - Undefined Weak Reference
    __arm_preinit_                            - Undefined Weak Reference
    __cpp_initialize__aeabi_                  - Undefined Weak Reference
    __cxa_finalize                            - Undefined Weak Reference
    __rt_locale                               - Undefined Weak Reference
    __sigvec_lookup                           - Undefined Weak Reference
    _atexit_init                              - Undefined Weak Reference
    _call_atexit_fns                          - Undefined Weak Reference
    _clock_init                               - Undefined Weak Reference
    _fp_trap_init                             - Undefined Weak Reference
    _fp_trap_shutdown                         - Undefined Weak Reference
    _get_lc_collate                           - Undefined Weak Reference
    _get_lc_ctype                             - Undefined Weak Reference
    _get_lc_monetary                          - Undefined Weak Reference
    _get_lc_numeric                           - Undefined Weak Reference
    _get_lc_time                              - Undefined Weak Reference
    _getenv_init                              - Undefined Weak Reference
    _handle_redirection                       - Undefined Weak Reference
    _init_alloc                               - Undefined Weak Reference
    _init_user_alloc                          - Undefined Weak Reference
    _initio                                   - Undefined Weak Reference
    _mutex_acquire                            - Undefined Weak Reference
    _mutex_release                            - Undefined Weak Reference
    _printf_post_padding                      - Undefined Weak Reference
    _printf_pre_padding                       - Undefined Weak Reference
    _printf_truncate_unsigned                 - Undefined Weak Reference
    _rand_init                                - Undefined Weak Reference
    _signal_finish                            - Undefined Weak Reference
    _signal_init                              - Undefined Weak Reference
    _terminate_alloc                          - Undefined Weak Reference
    _terminate_user_alloc                     - Undefined Weak Reference
    _terminateio                              - Undefined Weak Reference
    __Vectors_Size                           0x00000130   Number         0  startup_stm32f10x_hd.o ABSOLUTE
    __Vectors                                0x08000000   Data           4  startup_stm32f10x_hd.o(RESET)
    __Vectors_End                            0x08000130   Data           0  startup_stm32f10x_hd.o(RESET)
    __main                                   0x08000131   Thumb Code     8  __main.o(!!!main)
    __scatterload                            0x08000139   Thumb Code     0  __scatter.o(!!!scatter)
    __scatterload_rt2                        0x08000139   Thumb Code    44  __scatter.o(!!!scatter)
    __scatterload_rt2_thumb_only             0x08000139   Thumb Code     0  __scatter.o(!!!scatter)
    __scatterload_null                       0x08000147   Thumb Code     0  __scatter.o(!!!scatter)
    __decompress                             0x0800016d   Thumb Code    90  __dczerorl2.o(!!dczerorl2)
    __decompress1                            0x0800016d   Thumb Code     0  __dczerorl2.o(!!dczerorl2)
    __scatterload_zeroinit                   0x080001c9   Thumb Code    28  __scatter_zi.o(!!handler_zi)
    _printf_percent                          0x080001e5   Thumb Code     0  _printf_percent.o(.ARM.Collect$$_printf_percent$$00000000)
    _printf_x                                0x080001e5   Thumb Code     0  _printf_x.o(.ARM.Collect$$_printf_percent$$0000000C)
    _printf_percent_end                      0x080001eb   Thumb Code     0  _printf_percent_end.o(.ARM.Collect$$_printf_percent$$00000017)
    __rt_lib_init                            0x080001ef   Thumb Code     0  libinit.o(.ARM.Collect$$libinit$$00000000)
    __rt_lib_init_alloca_1                   0x080001f1   Thumb Code     0  libinit2.o(.ARM.Collect$$libinit$$0000002E)
    __rt_lib_init_argv_1                     0x080001f1   Thumb Code     0  libinit2.o(.ARM.Collect$$libinit$$0000002C)
    __rt_lib_init_atexit_1                   0x080001f1   Thumb Code     0  libinit2.o(.ARM.Collect$$libinit$$0000001B)
    __rt_lib_init_clock_1                    0x080001f1   Thumb Code     0  libinit2.o(.ARM.Collect$$libinit$$00000021)
    __rt_lib_init_cpp_1                      0x080001f1   Thumb Code     0  libinit2.o(.ARM.Collect$$libinit$$00000032)
    __rt_lib_init_exceptions_1               0x080001f1   Thumb Code     0  libinit2.o(.ARM.Collect$$libinit$$00000030)
    __rt_lib_init_fp_1                       0x080001f1   Thumb Code     0  libinit2.o(.ARM.Collect$$libinit$$00000002)
    __rt_lib_init_fp_trap_1                  0x080001f1   Thumb Code     0  libinit2.o(.ARM.Collect$$libinit$$0000001F)
    __rt_lib_init_getenv_1                   0x080001f1   Thumb Code     0  libinit2.o(.ARM.Collect$$libinit$$00000023)
    __rt_lib_init_heap_1                     0x080001f1   Thumb Code     0  libinit2.o(.ARM.Collect$$libinit$$0000000A)
    __rt_lib_init_lc_collate_1               0x080001f1   Thumb Code     0  libinit2.o(.ARM.Collect$$libinit$$00000011)
    __rt_lib_init_lc_ctype_1                 0x080001f1   Thumb Code     0  libinit2.o(.ARM.Collect$$libinit$$00000013)
    __rt_lib_init_lc_monetary_1              0x080001f1   Thumb Code     0  libinit2.o(.ARM.Collect$$libinit$$00000015)
    __rt_lib_init_lc_numeric_1               0x080001f1   Thumb Code     0  libinit2.o(.ARM.Collect$$libinit$$00000017)
    __rt_lib_init_lc_time_1                  0x080001f1   Thumb Code     0  libinit2.o(.ARM.Collect$$libinit$$00000019)
    __rt_lib_init_preinit_1                  0x080001f1   Thumb Code     0  libinit2.o(.ARM.Collect$$libinit$$00000004)
    __rt_lib_init_rand_1                     0x080001f1   Thumb Code     0  libinit2.o(.ARM.Collect$$libinit$$0000000E)
    __rt_lib_init_return                     0x080001f1   Thumb Code     0  libinit2.o(.ARM.Collect$$libinit$$00000033)
    __rt_lib_init_signal_1                   0x080001f1   Thumb Code     0  libinit2.o(.ARM.Collect$$libinit$$0000001D)
    __rt_lib_init_stdio_1                    0x080001f1   Thumb Code     0  libinit2.o(.ARM.Collect$$libinit$$00000025)
    __rt_lib_init_user_alloc_1               0x080001f1   Thumb Code     0  libinit2.o(.ARM.Collect$$libinit$$0000000C)
    __rt_lib_shutdown                        0x080001f3   Thumb Code     0  libshutdown.o(.ARM.Collect$$libshutdown$$00000000)
    __rt_lib_shutdown_cpp_1                  0x080001f5   Thumb Code     0  libshutdown2.o(.ARM.Collect$$libshutdown$$00000002)
    __rt_lib_shutdown_fp_trap_1              0x080001f5   Thumb Code     0  libshutdown2.o(.ARM.Collect$$libshutdown$$00000007)
    __rt_lib_shutdown_heap_1                 0x080001f5   Thumb Code     0  libshutdown2.o(.ARM.Collect$$libshutdown$$0000000F)
    __rt_lib_shutdown_return                 0x080001f5   Thumb Code     0  libshutdown2.o(.ARM.Collect$$libshutdown$$00000010)
    __rt_lib_shutdown_signal_1               0x080001f5   Thumb Code     0  libshutdown2.o(.ARM.Collect$$libshutdown$$0000000A)
    __rt_lib_shutdown_stdio_1                0x080001f5   Thumb Code     0  libshutdown2.o(.ARM.Collect$$libshutdown$$00000004)
    __rt_lib_shutdown_user_alloc_1           0x080001f5   Thumb Code     0  libshutdown2.o(.ARM.Collect$$libshutdown$$0000000C)
    __rt_entry                               0x080001f7   Thumb Code     0  __rtentry.o(.ARM.Collect$$rtentry$$00000000)
    __rt_entry_presh_1                       0x080001f7   Thumb Code     0  __rtentry2.o(.ARM.Collect$$rtentry$$00000002)
    __rt_entry_sh                            0x080001f7   Thumb Code     0  __rtentry4.o(.ARM.Collect$$rtentry$$00000004)
    __rt_entry_li                            0x080001fd   Thumb Code     0  __rtentry2.o(.ARM.Collect$$rtentry$$0000000A)
    __rt_entry_postsh_1                      0x080001fd   Thumb Code     0  __rtentry2.o(.ARM.Collect$$rtentry$$00000009)
    __rt_entry_main                          0x08000201   Thumb Code     0  __rtentry2.o(.ARM.Collect$$rtentry$$0000000D)
    __rt_entry_postli_1                      0x08000201   Thumb Code     0  __rtentry2.o(.ARM.Collect$$rtentry$$0000000C)
    __rt_exit                                0x08000209   Thumb Code     0  rtexit.o(.ARM.Collect$$rtexit$$00000000)
    __rt_exit_ls                             0x0800020b   Thumb Code     0  rtexit2.o(.ARM.Collect$$rtexit$$00000003)
    __rt_exit_prels_1                        0x0800020b   Thumb Code     0  rtexit2.o(.ARM.Collect$$rtexit$$00000002)
    __rt_exit_exit                           0x0800020f   Thumb Code     0  rtexit2.o(.ARM.Collect$$rtexit$$00000004)
    Reset_Handler                            0x08000215   Thumb Code     8  startup_stm32f10x_hd.o(.text)
    ADC1_2_IRQHandler                        0x0800022f   Thumb Code     0  startup_stm32f10x_hd.o(.text)
    ADC3_IRQHandler                          0x0800022f   Thumb Code     0  startup_stm32f10x_hd.o(.text)
    CAN1_RX1_IRQHandler                      0x0800022f   Thumb Code     0  startup_stm32f10x_hd.o(.text)
    CAN1_SCE_IRQHandler                      0x0800022f   Thumb Code     0  startup_stm32f10x_hd.o(.text)
    DMA1_Channel1_IRQHandler                 0x0800022f   Thumb Code     0  startup_stm32f10x_hd.o(.text)
    DMA1_Channel2_IRQHandler                 0x0800022f   Thumb Code     0  startup_stm32f10x_hd.o(.text)
    DMA1_Channel3_IRQHandler                 0x0800022f   Thumb Code     0  startup_stm32f10x_hd.o(.text)
    DMA1_Channel4_IRQHandler                 0x0800022f   Thumb Code     0  startup_stm32f10x_hd.o(.text)
    DMA1_Channel5_IRQHandler                 0x0800022f   Thumb Code     0  startup_stm32f10x_hd.o(.text)
    DMA1_Channel6_IRQHandler                 0x0800022f   Thumb Code     0  startup_stm32f10x_hd.o(.text)
    DMA1_Channel7_IRQHandler                 0x0800022f   Thumb Code     0  startup_stm32f10x_hd.o(.text)
    DMA2_Channel1_IRQHandler                 0x0800022f   Thumb Code     0  startup_stm32f10x_hd.o(.text)
    DMA2_Channel2_IRQHandler                 0x0800022f   Thumb Code     0  startup_stm32f10x_hd.o(.text)
    DMA2_Channel3_IRQHandler                 0x0800022f   Thumb Code     0  startup_stm32f10x_hd.o(.text)
    DMA2_Channel4_5_IRQHandler               0x0800022f   Thumb Code     0  startup_stm32f10x_hd.o(.text)
    FLASH_IRQHandler                         0x0800022f   Thumb Code     0  startup_stm32f10x_hd.o(.text)
    FSMC_IRQHandler                          0x0800022f   Thumb Code     0  startup_stm32f10x_hd.o(.text)
    I2C1_ER_IRQHandler                       0x0800022f   Thumb Code     0  startup_stm32f10x_hd.o(.text)
    I2C1_EV_IRQHandler                       0x0800022f   Thumb Code     0  startup_stm32f10x_hd.o(.text)
    I2C2_ER_IRQHandler                       0x0800022f   Thumb Code     0  startup_stm32f10x_hd.o(.text)
    I2C2_EV_IRQHandler                       0x0800022f   Thumb Code     0  startup_stm32f10x_hd.o(.text)
    PVD_IRQHandler                           0x0800022f   Thumb Code     0  startup_stm32f10x_hd.o(.text)
    RCC_IRQHandler                           0x0800022f   Thumb Code     0  startup_stm32f10x_hd.o(.text)
    RTCAlarm_IRQHandler                      0x0800022f   Thumb Code     0  startup_stm32f10x_hd.o(.text)
    RTC_IRQHandler                           0x0800022f   Thumb Code     0  startup_stm32f10x_hd.o(.text)
    SDIO_IRQHandler                          0x0800022f   Thumb Code     0  startup_stm32f10x_hd.o(.text)
    SPI1_IRQHandler                          0x0800022f   Thumb Code     0  startup_stm32f10x_hd.o(.text)
    SPI2_IRQHandler                          0x0800022f   Thumb Code     0  startup_stm32f10x_hd.o(.text)
    SPI3_IRQHandler                          0x0800022f   Thumb Code     0  startup_stm32f10x_hd.o(.text)
    TAMPER_IRQHandler                        0x0800022f   Thumb Code     0  startup_stm32f10x_hd.o(.text)
    TIM1_BRK_IRQHandler                      0x0800022f   Thumb Code     0  startup_stm32f10x_hd.o(.text)
    TIM1_CC_IRQHandler                       0x0800022f   Thumb Code     0  startup_stm32f10x_hd.o(.text)
    TIM1_TRG_COM_IRQHandler                  0x0800022f   Thumb Code     0  startup_stm32f10x_hd.o(.text)
    TIM1_UP_IRQHandler                       0x0800022f   Thumb Code     0  startup_stm32f10x_hd.o(.text)
    TIM2_IRQHandler                          0x0800022f   Thumb Code     0  startup_stm32f10x_hd.o(.text)
    TIM3_IRQHandler                          0x0800022f   Thumb Code     0  startup_stm32f10x_hd.o(.text)
    TIM4_IRQHandler                          0x0800022f   Thumb Code     0  startup_stm32f10x_hd.o(.text)
    TIM7_IRQHandler                          0x0800022f   Thumb Code     0  startup_stm32f10x_hd.o(.text)
    TIM8_BRK_IRQHandler                      0x0800022f   Thumb Code     0  startup_stm32f10x_hd.o(.text)
    TIM8_CC_IRQHandler                       0x0800022f   Thumb Code     0  startup_stm32f10x_hd.o(.text)
    TIM8_TRG_COM_IRQHandler                  0x0800022f   Thumb Code     0  startup_stm32f10x_hd.o(.text)
    TIM8_UP_IRQHandler                       0x0800022f   Thumb Code     0  startup_stm32f10x_hd.o(.text)
    UART4_IRQHandler                         0x0800022f   Thumb Code     0  startup_stm32f10x_hd.o(.text)
    UART5_IRQHandler                         0x0800022f   Thumb Code     0  startup_stm32f10x_hd.o(.text)
    USART2_IRQHandler                        0x0800022f   Thumb Code     0  startup_stm32f10x_hd.o(.text)
    USART3_IRQHandler                        0x0800022f   Thumb Code     0  startup_stm32f10x_hd.o(.text)
    USBWakeUp_IRQHandler                     0x0800022f   Thumb Code     0  startup_stm32f10x_hd.o(.text)
    USB_HP_CAN1_TX_IRQHandler                0x0800022f   Thumb Code     0  startup_stm32f10x_hd.o(.text)
    USB_LP_CAN1_RX0_IRQHandler               0x0800022f   Thumb Code     0  startup_stm32f10x_hd.o(.text)
    WWDG_IRQHandler                          0x0800022f   Thumb Code     0  startup_stm32f10x_hd.o(.text)
    __user_initial_stackheap                 0x08000231   Thumb Code     0  startup_stm32f10x_hd.o(.text)
    __use_no_semihosting                     0x08000255   Thumb Code     2  use_no_semi_2.o(.text)
    __2printf                                0x08000259   Thumb Code    20  noretval__2printf.o(.text)
    __printf                                 0x08000271   Thumb Code   104  __printf.o(.text)
    _printf_int_hex                          0x080002d9   Thumb Code    84  _printf_hex_int.o(.text)
    _printf_longlong_hex                     0x080002d9   Thumb Code     0  _printf_hex_int.o(.text)
    __aeabi_memcpy4                          0x08000331   Thumb Code     0  rt_memcpy_w.o(.text)
    __aeabi_memcpy8                          0x08000331   Thumb Code     0  rt_memcpy_w.o(.text)
    __rt_memcpy_w                            0x08000331   Thumb Code   100  rt_memcpy_w.o(.text)
    _memcpy_lastbytes_aligned                0x08000379   Thumb Code     0  rt_memcpy_w.o(.text)
    __use_two_region_memory                  0x08000395   Thumb Code     2  heapauxi.o(.text)
    __rt_heap_escrow$2region                 0x08000397   Thumb Code     2  heapauxi.o(.text)
    __rt_heap_expand$2region                 0x08000399   Thumb Code     2  heapauxi.o(.text)
    __I$use$semihosting                      0x0800039b   Thumb Code     0  use_no_semi.o(.text)
    __use_no_semihosting_swi                 0x0800039b   Thumb Code     2  use_no_semi.o(.text)
    _printf_int_common                       0x0800039d   Thumb Code   178  _printf_intcommon.o(.text)
    _printf_char_file                        0x08000451   Thumb Code    32  _printf_char_file.o(.text)
    _printf_char_common                      0x0800047f   Thumb Code    32  _printf_char_common.o(.text)
    ferror                                   0x080004a5   Thumb Code     8  ferror.o(.text)
    __user_setup_stackheap                   0x080004ad   Thumb Code    74  sys_stackheap_outer.o(.text)
    exit                                     0x080004f7   Thumb Code    18  exit.o(.text)
    __user_libspace                          0x08000509   Thumb Code     8  libspace.o(.text)
    __user_perproc_libspace                  0x08000509   Thumb Code     0  libspace.o(.text)
    __user_perthread_libspace                0x08000509   Thumb Code     0  libspace.o(.text)
    BusFault_Handler                         0x08000511   Thumb Code     4  stm32f10x_it.o(i.BusFault_Handler)
    DebugMon_Handler                         0x08000515   Thumb Code     2  stm32f10x_it.o(i.DebugMon_Handler)
    EXTI0_IRQHandler                         0x08000519   Thumb Code    30  exti.o(i.EXTI0_IRQHandler)
    EXTI15_10_IRQHandler                     0x0800053d   Thumb Code   154  exti.o(i.EXTI15_10_IRQHandler)
    EXTI1_IRQHandler                         0x080005dd   Thumb Code    30  exti.o(i.EXTI1_IRQHandler)
    EXTI2_IRQHandler                         0x08000601   Thumb Code    30  exti.o(i.EXTI2_IRQHandler)
    EXTI3_IRQHandler                         0x08000625   Thumb Code    30  exti.o(i.EXTI3_IRQHandler)
    EXTI4_IRQHandler                         0x08000649   Thumb Code    30  exti.o(i.EXTI4_IRQHandler)
    EXTI9_5_IRQHandler                       0x0800066d   Thumb Code   118  exti.o(i.EXTI9_5_IRQHandler)
    EXTI_ClearITPendingBit                   0x080006e9   Thumb Code     6  stm32f10x_exti.o(i.EXTI_ClearITPendingBit)
    EXTI_Init                                0x080006f5   Thumb Code   142  stm32f10x_exti.o(i.EXTI_Init)
    FSMC_NORSRAMCmd                          0x08000789   Thumb Code    46  stm32f10x_fsmc.o(i.FSMC_NORSRAMCmd)
    FSMC_NORSRAMInit                         0x080007bd   Thumb Code   230  stm32f10x_fsmc.o(i.FSMC_NORSRAMInit)
    GPIO_EXTILineConfig                      0x080008a5   Thumb Code    60  stm32f10x_gpio.o(i.GPIO_EXTILineConfig)
    GPIO_Init                                0x080008e5   Thumb Code   278  stm32f10x_gpio.o(i.GPIO_Init)
    GPIO_PinRemapConfig                      0x080009fd   Thumb Code   138  stm32f10x_gpio.o(i.GPIO_PinRemapConfig)
    GPIO_ReadInputDataBit                    0x08000a8d   Thumb Code    18  stm32f10x_gpio.o(i.GPIO_ReadInputDataBit)
    HardFault_Handler                        0x08000a9f   Thumb Code     4  stm32f10x_it.o(i.HardFault_Handler)
    KD_Change                                0x08000aa5   Thumb Code    10  pid.o(i.KD_Change)
    KI_Change                                0x08000ab9   Thumb Code    10  pid.o(i.KI_Change)
    KP_Change                                0x08000acd   Thumb Code    10  pid.o(i.KP_Change)
    LCD_Clear                                0x08000ae1   Thumb Code    68  lcd.o(i.LCD_Clear)
    LCD_Display_Dir                          0x08000b29   Thumb Code    70  lcd.o(i.LCD_Display_Dir)
    LCD_DrawFRONT_COLOR                      0x08000b75   Thumb Code    28  lcd.o(i.LCD_DrawFRONT_COLOR)
    LCD_DrawLine                             0x08000b91   Thumb Code   176  lcd.o(i.LCD_DrawLine)
    LCD_DrawPoint                            0x08000c41   Thumb Code    28  lcd.o(i.LCD_DrawPoint)
    LCD_DrawRectangle                        0x08000c61   Thumb Code    60  lcd.o(i.LCD_DrawRectangle)
    LCD_Fill                                 0x08000c9d   Thumb Code    92  lcd.o(i.LCD_Fill)
    LCD_Pow                                  0x08000cf9   Thumb Code    22  lcd.o(i.LCD_Pow)
    LCD_Set_Window                           0x08000d0f   Thumb Code   166  lcd.o(i.LCD_Set_Window)
    LCD_ShowChar                             0x08000db5   Thumb Code   272  lcd.o(i.LCD_ShowChar)
    LCD_ShowNum                              0x08000edd   Thumb Code   148  lcd.o(i.LCD_ShowNum)
    LCD_ShowString                           0x08000f71   Thumb Code   102  lcd.o(i.LCD_ShowString)
    LCD_WriteCmd                             0x08000fd9   Thumb Code     6  lcd.o(i.LCD_WriteCmd)
    LCD_WriteData                            0x08000fe5   Thumb Code     6  lcd.o(i.LCD_WriteData)
    LCD_WriteData_Color                      0x08000ff1   Thumb Code     6  lcd.o(i.LCD_WriteData_Color)
    MemManage_Handler                        0x08000ffd   Thumb Code     4  stm32f10x_it.o(i.MemManage_Handler)
    NMI_Handler                              0x08001001   Thumb Code     2  stm32f10x_it.o(i.NMI_Handler)
    NVIC_Init                                0x08001005   Thumb Code   100  misc.o(i.NVIC_Init)
    NVIC_PriorityGroupConfig                 0x08001075   Thumb Code    10  misc.o(i.NVIC_PriorityGroupConfig)
    PID_init                                 0x08001089   Thumb Code    26  pid.o(i.PID_init)
    PendSV_Handler                           0x080010b5   Thumb Code     2  stm32f10x_it.o(i.PendSV_Handler)
    RCC_AHBPeriphClockCmd                    0x080010b9   Thumb Code    26  stm32f10x_rcc.o(i.RCC_AHBPeriphClockCmd)
    RCC_APB1PeriphClockCmd                   0x080010d9   Thumb Code    26  stm32f10x_rcc.o(i.RCC_APB1PeriphClockCmd)
    RCC_APB2PeriphClockCmd                   0x080010f9   Thumb Code    26  stm32f10x_rcc.o(i.RCC_APB2PeriphClockCmd)
    RCC_GetClocksFreq                        0x08001119   Thumb Code   192  stm32f10x_rcc.o(i.RCC_GetClocksFreq)
    SVC_Handler                              0x080011ed   Thumb Code     2  stm32f10x_it.o(i.SVC_Handler)
    Speed_Change                             0x080012d9   Thumb Code    10  pid.o(i.Speed_Change)
    SysTick_CLKSourceConfig                  0x080012ed   Thumb Code    40  misc.o(i.SysTick_CLKSourceConfig)
    SysTick_Handler                          0x08001315   Thumb Code     2  stm32f10x_it.o(i.SysTick_Handler)
    SystemInit                               0x08001319   Thumb Code    78  system_stm32f10x.o(i.SystemInit)
    TFTLCD_FSMC_Init                         0x08001379   Thumb Code   126  lcd.o(i.TFTLCD_FSMC_Init)
    TFTLCD_GPIO_Init                         0x080013f9   Thumb Code    98  lcd.o(i.TFTLCD_GPIO_Init)
    TFTLCD_Init                              0x08001469   Thumb Code   590  lcd.o(i.TFTLCD_Init)
    TIM5_IRQHandler                          0x08001911   Thumb Code    34  encoder_tim5.o(i.TIM5_IRQHandler)
    TIM6_IRQHandler                          0x0800193d   Thumb Code   168  base_tim6.o(i.TIM6_IRQHandler)
    TIM_ARRPreloadConfig                     0x08001a09   Thumb Code    24  stm32f10x_tim.o(i.TIM_ARRPreloadConfig)
    TIM_ClearFlag                            0x08001a21   Thumb Code     6  stm32f10x_tim.o(i.TIM_ClearFlag)
    TIM_ClearITPendingBit                    0x08001a27   Thumb Code     6  stm32f10x_tim.o(i.TIM_ClearITPendingBit)
    TIM_Cmd                                  0x08001a2d   Thumb Code    24  stm32f10x_tim.o(i.TIM_Cmd)
    TIM_CtrlPWMOutputs                       0x08001a45   Thumb Code    30  stm32f10x_tim.o(i.TIM_CtrlPWMOutputs)
    TIM_GetITStatus                          0x08001a63   Thumb Code    34  stm32f10x_tim.o(i.TIM_GetITStatus)
    TIM_ICInit                               0x08001a85   Thumb Code   150  stm32f10x_tim.o(i.TIM_ICInit)
    TIM_ITConfig                             0x08001b31   Thumb Code    18  stm32f10x_tim.o(i.TIM_ITConfig)
    TIM_OC1Init                              0x08001b45   Thumb Code   132  stm32f10x_tim.o(i.TIM_OC1Init)
    TIM_OC1PreloadConfig                     0x08001bdd   Thumb Code    18  stm32f10x_tim.o(i.TIM_OC1PreloadConfig)
    TIM_SetCompare1                          0x08001bef   Thumb Code     4  stm32f10x_tim.o(i.TIM_SetCompare1)
    TIM_SetIC1Prescaler                      0x08001bf3   Thumb Code    18  stm32f10x_tim.o(i.TIM_SetIC1Prescaler)
    TIM_SetIC2Prescaler                      0x08001c05   Thumb Code    26  stm32f10x_tim.o(i.TIM_SetIC2Prescaler)
    TIM_SetIC3Prescaler                      0x08001c1f   Thumb Code    18  stm32f10x_tim.o(i.TIM_SetIC3Prescaler)
    TIM_SetIC4Prescaler                      0x08001c31   Thumb Code    26  stm32f10x_tim.o(i.TIM_SetIC4Prescaler)
    TIM_TimeBaseInit                         0x08001c4d   Thumb Code   122  stm32f10x_tim.o(i.TIM_TimeBaseInit)
    USART1_IRQHandler                        0x08001cf1   Thumb Code   122  usart.o(i.USART1_IRQHandler)
    USART_Cmd                                0x08001d79   Thumb Code    24  stm32f10x_usart.o(i.USART_Cmd)
    USART_GetFlagStatus                      0x08001d91   Thumb Code    26  stm32f10x_usart.o(i.USART_GetFlagStatus)
    USART_GetITStatus                        0x08001dab   Thumb Code    84  stm32f10x_usart.o(i.USART_GetITStatus)
    USART_ITConfig                           0x08001dff   Thumb Code    74  stm32f10x_usart.o(i.USART_ITConfig)
    USART_Init                               0x08001e49   Thumb Code   210  stm32f10x_usart.o(i.USART_Init)
    USART_ReceiveData                        0x08001f21   Thumb Code    10  stm32f10x_usart.o(i.USART_ReceiveData)
    USART_SendData                           0x08001f2b   Thumb Code     8  stm32f10x_usart.o(i.USART_SendData)
    UsageFault_Handler                       0x08001f33   Thumb Code     4  stm32f10x_it.o(i.UsageFault_Handler)
    _sys_exit                                0x08001f37   Thumb Code     6  usart.o(i._sys_exit)
    delay_init                               0x08001f3d   Thumb Code    50  delay.o(i.delay_init)
    delay_ms                                 0x08001f81   Thumb Code    72  delay.o(i.delay_ms)
    encoder_init                             0x08001fcd   Thumb Code   164  encoder_tim5.o(i.encoder_init)
    exti_key16_init                          0x0800207d   Thumb Code  1022  exti.o(i.exti_key16_init)
    fputc                                    0x0800247d   Thumb Code    24  usart.o(i.fputc)
    key0_number_zero                         0x08002499   Thumb Code   134  key.o(i.key0_number_zero)
    key10_Kp_change                          0x0800253d   Thumb Code   230  key.o(i.key10_Kp_change)
    key11_Ki_change                          0x08002655   Thumb Code   230  key.o(i.key11_Ki_change)
    key12_Kd_change                          0x0800276d   Thumb Code   230  key.o(i.key12_Kd_change)
    key13_speed_set                          0x08002885   Thumb Code   142  key.o(i.key13_speed_set)
    key14_usart_pid_speed_angle_change       0x08002931   Thumb Code   450  key.o(i.key14_usart_pid_speed_angle_change)
    key15_decimal_point                      0x08002b11   Thumb Code    70  key.o(i.key15_decimal_point)
    key16_init                               0x08002b65   Thumb Code    34  key.o(i.key16_init)
    key1_number_one                          0x08002b8d   Thumb Code   134  key.o(i.key1_number_one)
    key2_number_two                          0x08002c31   Thumb Code   134  key.o(i.key2_number_two)
    key3_number_three                        0x08002cd5   Thumb Code   134  key.o(i.key3_number_three)
    key4_number_four                         0x08002d79   Thumb Code   134  key.o(i.key4_number_four)
    key5_number_five                         0x08002e1d   Thumb Code   132  key.o(i.key5_number_five)
    key6_number_six                          0x08002ebd   Thumb Code   134  key.o(i.key6_number_six)
    key7_number_seven                        0x08002f61   Thumb Code   134  key.o(i.key7_number_seven)
    key8_number_eight                        0x08003005   Thumb Code   134  key.o(i.key8_number_eight)
    key9_number_nine                         0x080030a9   Thumb Code   134  key.o(i.key9_number_nine)
    lcd_show_PID                             0x0800314d   Thumb Code   470  pid.o(i.lcd_show_PID)
    lcd_show_Speed_angle                     0x0800333d   Thumb Code   250  base_tim6.o(i.lcd_show_Speed_angle)
    lcd_show_really_speed                    0x0800344d   Thumb Code   110  pid.o(i.lcd_show_really_speed)
    lcd_show_set_speed                       0x080034c9   Thumb Code    44  pid.o(i.lcd_show_set_speed)
    main                                     0x080034f5   Thumb Code   290  main.o(i.main)
    out_scan                                 0x08003625   Thumb Code   576  pid.o(i.out_scan)
    pid_rectify                              0x08003875   Thumb Code   212  pid.o(i.pid_rectify)
    tim4_motor_init                          0x08003959   Thumb Code   134  motor_time1.o(i.tim4_motor_init)
    tim6_base_init                           0x080039e9   Thumb Code    88  base_tim6.o(i.tim6_base_init)
    time1_motor_init                         0x08003a45   Thumb Code   190  motor_time1.o(i.time1_motor_init)
    uart_init                                0x08003b11   Thumb Code   150  usart.o(i.uart_init)
    usart1_send_string                       0x08003bb1   Thumb Code    54  usart_one.o(i.usart1_send_string)
    usart_angle_change                       0x08003bed   Thumb Code     2  pid.o(i.usart_angle_change)
    usart_kd_change                          0x08003bf1   Thumb Code    70  pid.o(i.usart_kd_change)
    usart_ki_change                          0x08003c45   Thumb Code    70  pid.o(i.usart_ki_change)
    usart_kp_change                          0x08003c99   Thumb Code    70  pid.o(i.usart_kp_change)
    usart_order_execute                      0x08003ced   Thumb Code    80  usart_one.o(i.usart_order_execute)
    usart_speed_change                       0x08003d55   Thumb Code    80  pid.o(i.usart_speed_change)
    __aeabi_d2f                              0x08003dad   Thumb Code     0  d2f.o(x$fpl$d2f)
    _d2f                                     0x08003dad   Thumb Code    98  d2f.o(x$fpl$d2f)
    __aeabi_dadd                             0x08003e11   Thumb Code     0  daddsub_clz.o(x$fpl$dadd)
    _dadd                                    0x08003e11   Thumb Code   332  daddsub_clz.o(x$fpl$dadd)
    __aeabi_ddiv                             0x08003f61   Thumb Code     0  ddiv.o(x$fpl$ddiv)
    _ddiv                                    0x08003f61   Thumb Code   552  ddiv.o(x$fpl$ddiv)
    __aeabi_dmul                             0x08004211   Thumb Code     0  dmul.o(x$fpl$dmul)
    _dmul                                    0x08004211   Thumb Code   332  dmul.o(x$fpl$dmul)
    __fpl_dnaninf                            0x08004365   Thumb Code   156  dnaninf.o(x$fpl$dnaninf)
    __fpl_dretinf                            0x08004401   Thumb Code    12  dretinf.o(x$fpl$dretinf)
    __aeabi_dsub                             0x0800440d   Thumb Code     0  daddsub_clz.o(x$fpl$dsub)
    _dsub                                    0x0800440d   Thumb Code   464  daddsub_clz.o(x$fpl$dsub)
    __aeabi_f2d                              0x080045e1   Thumb Code     0  f2d.o(x$fpl$f2d)
    _f2d                                     0x080045e1   Thumb Code    86  f2d.o(x$fpl$f2d)
    __aeabi_fadd                             0x08004639   Thumb Code     0  faddsub_clz.o(x$fpl$fadd)
    _fadd                                    0x08004639   Thumb Code   196  faddsub_clz.o(x$fpl$fadd)
    __aeabi_fdiv                             0x080046fd   Thumb Code     0  fdiv.o(x$fpl$fdiv)
    _fdiv                                    0x080046fd   Thumb Code   384  fdiv.o(x$fpl$fdiv)
    __aeabi_f2iz                             0x08004881   Thumb Code     0  ffix.o(x$fpl$ffix)
    _ffix                                    0x08004881   Thumb Code    54  ffix.o(x$fpl$ffix)
    __aeabi_f2uiz                            0x080048b9   Thumb Code     0  ffixu.o(x$fpl$ffixu)
    _ffixu                                   0x080048b9   Thumb Code    62  ffixu.o(x$fpl$ffixu)
    __aeabi_i2f                              0x080048f9   Thumb Code     0  fflt_clz.o(x$fpl$fflt)
    _fflt                                    0x080048f9   Thumb Code    48  fflt_clz.o(x$fpl$fflt)
    __aeabi_ui2f                             0x08004929   Thumb Code     0  fflt_clz.o(x$fpl$ffltu)
    _ffltu                                   0x08004929   Thumb Code    38  fflt_clz.o(x$fpl$ffltu)
    __aeabi_fmul                             0x08004951   Thumb Code     0  fmul.o(x$fpl$fmul)
    _fmul                                    0x08004951   Thumb Code   258  fmul.o(x$fpl$fmul)
    __fpl_fnaninf                            0x08004a53   Thumb Code   140  fnaninf.o(x$fpl$fnaninf)
    __fpl_fretinf                            0x08004adf   Thumb Code    10  fretinf.o(x$fpl$fretinf)
    __aeabi_frsub                            0x08004ae9   Thumb Code     0  faddsub_clz.o(x$fpl$frsb)
    _frsb                                    0x08004ae9   Thumb Code    20  faddsub_clz.o(x$fpl$frsb)
    __aeabi_fsub                             0x08004afd   Thumb Code     0  faddsub_clz.o(x$fpl$fsub)
    _fsub                                    0x08004afd   Thumb Code   234  faddsub_clz.o(x$fpl$fsub)
    __I$use$fp                               0x08004be6   Number         0  usenofp.o(x$fpl$usenofp)
    ascii_1206                               0x08004ca6   Data        1140  lcd.o(.constdata)
    ascii_1608                               0x0800511a   Data        1520  lcd.o(.constdata)
    ascii_2412                               0x0800570a   Data        3420  lcd.o(.constdata)
    Region$$Table$$Base                      0x08006490   Number         0  anon$$obj.o(Region$$Table)
    Region$$Table$$Limit                     0x080064b0   Number         0  anon$$obj.o(Region$$Table)
    count                                    0x20000000   Data           4  main.o(.data)
    really_speed_angle                       0x20000004   Data           4  main.o(.data)
    SystemCoreClock                          0x20000008   Data           4  system_stm32f10x.o(.data)
    AHBPrescTable                            0x2000000c   Data          16  system_stm32f10x.o(.data)
    __stdout                                 0x20000034   Data           4  usart.o(.data)
    USART_RX_STA                             0x20000038   Data           2  usart.o(.data)
    encoder_number                           0x2000003c   Data           4  base_tim6.o(.data)
    speed_show_lcd                           0x20000040   Data           4  base_tim6.o(.data)
    Speed_String                             0x20000044   Data          20  base_tim6.o(.data)
    angle_String                             0x20000058   Data          20  base_tim6.o(.data)
    pid_change_value_numbeer                 0x20000078   Data           4  pid.o(.data)
    speed_angle_change_value_number          0x2000007c   Data           4  pid.o(.data)
    Kp_String                                0x20000080   Data          10  pid.o(.data)
    Ki_String                                0x2000008a   Data          10  pid.o(.data)
    Kd_String                                0x20000094   Data          10  pid.o(.data)
    really_speed_numbr                       0x200000a0   Data           4  pid.o(.data)
    numbeer_acccumulation                    0x200000b0   Data           4  key.o(.data)
    Kp_flag                                  0x200000b4   Data           1  key.o(.data)
    Ki_flag                                  0x200000b5   Data           1  key.o(.data)
    Kd_flag                                  0x200000b6   Data           1  key.o(.data)
    speed_flag                               0x200000b7   Data           1  key.o(.data)
    angle_flag                               0x200000b8   Data           1  key.o(.data)
    pid_result                               0x200000bc   Data           4  key.o(.data)
    point_sunm                               0x200000c0   Data           1  key.o(.data)
    point_flag                               0x200000c1   Data           1  key.o(.data)
    point_digit                              0x200000c2   Data           1  key.o(.data)
    wait_change_String                       0x200000c3   Data          20  key.o(.data)
    clan_waiting_lcd                         0x200000d7   Data         500  key.o(.data)
    Digit                                    0x200002cc   Data           4  key.o(.data)
    point_lcd_show_String                    0x200002d0   Data           3  key.o(.data)
    FRONT_COLOR                              0x200002d4   Data           2  lcd.o(.data)
    BACK_COLOR                               0x200002d6   Data           2  lcd.o(.data)
    tftlcd_data                              0x200002d8   Data           8  lcd.o(.data)
    kp_usart_change_flag                     0x200002e0   Data           1  usart_one.o(.data)
    ki_usart_change_flag                     0x200002e1   Data           1  usart_one.o(.data)
    kd_usart_change_flag                     0x200002e2   Data           1  usart_one.o(.data)
    speed_usart_change_flag                  0x200002e3   Data           1  usart_one.o(.data)
    angle_usart_change_flag                  0x200002e4   Data           1  usart_one.o(.data)
    USART_RX_BUF                             0x200002e8   Data         200  usart.o(.bss)
    PidParameterString                       0x200003b0   Data          28  pid.o(.bss)
    __libspace_start                         0x200003cc   Data          96  libspace.o(.bss)
    __temporary_stack_top$libspace           0x2000042c   Data           0  libspace.o(.bss)



==============================================================================

Memory Map of the image

  Image Entry point : 0x08000131

  Load Region LR_IROM1 (Base: 0x08000000, Size: 0x00006798, Max: 0x00080000, ABSOLUTE, COMPRESSED[0x00006504])

    Execution Region ER_IROM1 (Base: 0x08000000, Size: 0x000064b0, Max: 0x00080000, ABSOLUTE)

    Base Addr    Size         Type   Attr      Idx    E Section Name        Object

    0x08000000   0x00000130   Data   RO          253    RESET               startup_stm32f10x_hd.o
    0x08000130   0x00000008   Code   RO         3943  * !!!main             c_w.l(__main.o)
    0x08000138   0x00000034   Code   RO         4164    !!!scatter          c_w.l(__scatter.o)
    0x0800016c   0x0000005a   Code   RO         4162    !!dczerorl2         c_w.l(__dczerorl2.o)
    0x080001c6   0x00000002   PAD
    0x080001c8   0x0000001c   Code   RO         4166    !!handler_zi        c_w.l(__scatter_zi.o)
    0x080001e4   0x00000000   Code   RO         3938    .ARM.Collect$$_printf_percent$$00000000  c_w.l(_printf_percent.o)
    0x080001e4   0x00000006   Code   RO         3937    .ARM.Collect$$_printf_percent$$0000000C  c_w.l(_printf_x.o)
    0x080001ea   0x00000004   Code   RO         3994    .ARM.Collect$$_printf_percent$$00000017  c_w.l(_printf_percent_end.o)
    0x080001ee   0x00000002   Code   RO         4036    .ARM.Collect$$libinit$$00000000  c_w.l(libinit.o)
    0x080001f0   0x00000000   Code   RO         4043    .ARM.Collect$$libinit$$00000002  c_w.l(libinit2.o)
    0x080001f0   0x00000000   Code   RO         4045    .ARM.Collect$$libinit$$00000004  c_w.l(libinit2.o)
    0x080001f0   0x00000000   Code   RO         4048    .ARM.Collect$$libinit$$0000000A  c_w.l(libinit2.o)
    0x080001f0   0x00000000   Code   RO         4050    .ARM.Collect$$libinit$$0000000C  c_w.l(libinit2.o)
    0x080001f0   0x00000000   Code   RO         4052    .ARM.Collect$$libinit$$0000000E  c_w.l(libinit2.o)
    0x080001f0   0x00000000   Code   RO         4055    .ARM.Collect$$libinit$$00000011  c_w.l(libinit2.o)
    0x080001f0   0x00000000   Code   RO         4057    .ARM.Collect$$libinit$$00000013  c_w.l(libinit2.o)
    0x080001f0   0x00000000   Code   RO         4059    .ARM.Collect$$libinit$$00000015  c_w.l(libinit2.o)
    0x080001f0   0x00000000   Code   RO         4061    .ARM.Collect$$libinit$$00000017  c_w.l(libinit2.o)
    0x080001f0   0x00000000   Code   RO         4063    .ARM.Collect$$libinit$$00000019  c_w.l(libinit2.o)
    0x080001f0   0x00000000   Code   RO         4065    .ARM.Collect$$libinit$$0000001B  c_w.l(libinit2.o)
    0x080001f0   0x00000000   Code   RO         4067    .ARM.Collect$$libinit$$0000001D  c_w.l(libinit2.o)
    0x080001f0   0x00000000   Code   RO         4069    .ARM.Collect$$libinit$$0000001F  c_w.l(libinit2.o)
    0x080001f0   0x00000000   Code   RO         4071    .ARM.Collect$$libinit$$00000021  c_w.l(libinit2.o)
    0x080001f0   0x00000000   Code   RO         4073    .ARM.Collect$$libinit$$00000023  c_w.l(libinit2.o)
    0x080001f0   0x00000000   Code   RO         4075    .ARM.Collect$$libinit$$00000025  c_w.l(libinit2.o)
    0x080001f0   0x00000000   Code   RO         4079    .ARM.Collect$$libinit$$0000002C  c_w.l(libinit2.o)
    0x080001f0   0x00000000   Code   RO         4081    .ARM.Collect$$libinit$$0000002E  c_w.l(libinit2.o)
    0x080001f0   0x00000000   Code   RO         4083    .ARM.Collect$$libinit$$00000030  c_w.l(libinit2.o)
    0x080001f0   0x00000000   Code   RO         4085    .ARM.Collect$$libinit$$00000032  c_w.l(libinit2.o)
    0x080001f0   0x00000002   Code   RO         4086    .ARM.Collect$$libinit$$00000033  c_w.l(libinit2.o)
    0x080001f2   0x00000002   Code   RO         4104    .ARM.Collect$$libshutdown$$00000000  c_w.l(libshutdown.o)
    0x080001f4   0x00000000   Code   RO         4114    .ARM.Collect$$libshutdown$$00000002  c_w.l(libshutdown2.o)
    0x080001f4   0x00000000   Code   RO         4116    .ARM.Collect$$libshutdown$$00000004  c_w.l(libshutdown2.o)
    0x080001f4   0x00000000   Code   RO         4119    .ARM.Collect$$libshutdown$$00000007  c_w.l(libshutdown2.o)
    0x080001f4   0x00000000   Code   RO         4122    .ARM.Collect$$libshutdown$$0000000A  c_w.l(libshutdown2.o)
    0x080001f4   0x00000000   Code   RO         4124    .ARM.Collect$$libshutdown$$0000000C  c_w.l(libshutdown2.o)
    0x080001f4   0x00000000   Code   RO         4127    .ARM.Collect$$libshutdown$$0000000F  c_w.l(libshutdown2.o)
    0x080001f4   0x00000002   Code   RO         4128    .ARM.Collect$$libshutdown$$00000010  c_w.l(libshutdown2.o)
    0x080001f6   0x00000000   Code   RO         3989    .ARM.Collect$$rtentry$$00000000  c_w.l(__rtentry.o)
    0x080001f6   0x00000000   Code   RO         4005    .ARM.Collect$$rtentry$$00000002  c_w.l(__rtentry2.o)
    0x080001f6   0x00000006   Code   RO         4017    .ARM.Collect$$rtentry$$00000004  c_w.l(__rtentry4.o)
    0x080001fc   0x00000000   Code   RO         4007    .ARM.Collect$$rtentry$$00000009  c_w.l(__rtentry2.o)
    0x080001fc   0x00000004   Code   RO         4008    .ARM.Collect$$rtentry$$0000000A  c_w.l(__rtentry2.o)
    0x08000200   0x00000000   Code   RO         4010    .ARM.Collect$$rtentry$$0000000C  c_w.l(__rtentry2.o)
    0x08000200   0x00000008   Code   RO         4011    .ARM.Collect$$rtentry$$0000000D  c_w.l(__rtentry2.o)
    0x08000208   0x00000002   Code   RO         4040    .ARM.Collect$$rtexit$$00000000  c_w.l(rtexit.o)
    0x0800020a   0x00000000   Code   RO         4088    .ARM.Collect$$rtexit$$00000002  c_w.l(rtexit2.o)
    0x0800020a   0x00000004   Code   RO         4089    .ARM.Collect$$rtexit$$00000003  c_w.l(rtexit2.o)
    0x0800020e   0x00000006   Code   RO         4090    .ARM.Collect$$rtexit$$00000004  c_w.l(rtexit2.o)
    0x08000214   0x00000040   Code   RO          254    .text               startup_stm32f10x_hd.o
    0x08000254   0x00000002   Code   RO         3888    .text               c_w.l(use_no_semi_2.o)
    0x08000256   0x00000002   PAD
    0x08000258   0x00000018   Code   RO         3892    .text               c_w.l(noretval__2printf.o)
    0x08000270   0x00000068   Code   RO         3894    .text               c_w.l(__printf.o)
    0x080002d8   0x00000058   Code   RO         3899    .text               c_w.l(_printf_hex_int.o)
    0x08000330   0x00000064   Code   RO         3939    .text               c_w.l(rt_memcpy_w.o)
    0x08000394   0x00000006   Code   RO         3941    .text               c_w.l(heapauxi.o)
    0x0800039a   0x00000002   Code   RO         3987    .text               c_w.l(use_no_semi.o)
    0x0800039c   0x000000b2   Code   RO         3990    .text               c_w.l(_printf_intcommon.o)
    0x0800044e   0x00000002   PAD
    0x08000450   0x00000024   Code   RO         3992    .text               c_w.l(_printf_char_file.o)
    0x08000474   0x00000030   Code   RO         4019    .text               c_w.l(_printf_char_common.o)
    0x080004a4   0x00000008   Code   RO         4021    .text               c_w.l(ferror.o)
    0x080004ac   0x0000004a   Code   RO         4025    .text               c_w.l(sys_stackheap_outer.o)
    0x080004f6   0x00000012   Code   RO         4029    .text               c_w.l(exit.o)
    0x08000508   0x00000008   Code   RO         4037    .text               c_w.l(libspace.o)
    0x08000510   0x00000004   Code   RO          143    i.BusFault_Handler  stm32f10x_it.o
    0x08000514   0x00000002   Code   RO          144    i.DebugMon_Handler  stm32f10x_it.o
    0x08000516   0x00000002   PAD
    0x08000518   0x00000024   Code   RO         3639    i.EXTI0_IRQHandler  exti.o
    0x0800053c   0x000000a0   Code   RO         3640    i.EXTI15_10_IRQHandler  exti.o
    0x080005dc   0x00000024   Code   RO         3641    i.EXTI1_IRQHandler  exti.o
    0x08000600   0x00000024   Code   RO         3642    i.EXTI2_IRQHandler  exti.o
    0x08000624   0x00000024   Code   RO         3643    i.EXTI3_IRQHandler  exti.o
    0x08000648   0x00000024   Code   RO         3644    i.EXTI4_IRQHandler  exti.o
    0x0800066c   0x0000007c   Code   RO         3645    i.EXTI9_5_IRQHandler  exti.o
    0x080006e8   0x0000000c   Code   RO         1082    i.EXTI_ClearITPendingBit  stm32f10x_exti.o
    0x080006f4   0x00000094   Code   RO         1087    i.EXTI_Init         stm32f10x_exti.o
    0x08000788   0x00000034   Code   RO         1320    i.FSMC_NORSRAMCmd   stm32f10x_fsmc.o
    0x080007bc   0x000000e6   Code   RO         1322    i.FSMC_NORSRAMInit  stm32f10x_fsmc.o
    0x080008a2   0x00000002   PAD
    0x080008a4   0x00000040   Code   RO         1432    i.GPIO_EXTILineConfig  stm32f10x_gpio.o
    0x080008e4   0x00000116   Code   RO         1435    i.GPIO_Init         stm32f10x_gpio.o
    0x080009fa   0x00000002   PAD
    0x080009fc   0x00000090   Code   RO         1437    i.GPIO_PinRemapConfig  stm32f10x_gpio.o
    0x08000a8c   0x00000012   Code   RO         1439    i.GPIO_ReadInputDataBit  stm32f10x_gpio.o
    0x08000a9e   0x00000004   Code   RO          145    i.HardFault_Handler  stm32f10x_it.o
    0x08000aa2   0x00000002   PAD
    0x08000aa4   0x00000014   Code   RO         3420    i.KD_Change         pid.o
    0x08000ab8   0x00000014   Code   RO         3421    i.KI_Change         pid.o
    0x08000acc   0x00000014   Code   RO         3422    i.KP_Change         pid.o
    0x08000ae0   0x00000048   Code   RO         3693    i.LCD_Clear         lcd.o
    0x08000b28   0x0000004c   Code   RO         3694    i.LCD_Display_Dir   lcd.o
    0x08000b74   0x0000001c   Code   RO         3695    i.LCD_DrawFRONT_COLOR  lcd.o
    0x08000b90   0x000000b0   Code   RO         3696    i.LCD_DrawLine      lcd.o
    0x08000c40   0x00000020   Code   RO         3698    i.LCD_DrawPoint     lcd.o
    0x08000c60   0x0000003c   Code   RO         3699    i.LCD_DrawRectangle  lcd.o
    0x08000c9c   0x0000005c   Code   RO         3702    i.LCD_Fill          lcd.o
    0x08000cf8   0x00000016   Code   RO         3703    i.LCD_Pow           lcd.o
    0x08000d0e   0x000000a6   Code   RO         3707    i.LCD_Set_Window    lcd.o
    0x08000db4   0x00000128   Code   RO         3708    i.LCD_ShowChar      lcd.o
    0x08000edc   0x00000094   Code   RO         3709    i.LCD_ShowNum       lcd.o
    0x08000f70   0x00000066   Code   RO         3710    i.LCD_ShowString    lcd.o
    0x08000fd6   0x00000002   PAD
    0x08000fd8   0x0000000c   Code   RO         3712    i.LCD_WriteCmd      lcd.o
    0x08000fe4   0x0000000c   Code   RO         3714    i.LCD_WriteData     lcd.o
    0x08000ff0   0x0000000c   Code   RO         3715    i.LCD_WriteData_Color  lcd.o
    0x08000ffc   0x00000004   Code   RO          146    i.MemManage_Handler  stm32f10x_it.o
    0x08001000   0x00000002   Code   RO          147    i.NMI_Handler       stm32f10x_it.o
    0x08001002   0x00000002   PAD
    0x08001004   0x00000070   Code   RO          258    i.NVIC_Init         misc.o
    0x08001074   0x00000014   Code   RO          259    i.NVIC_PriorityGroupConfig  misc.o
    0x08001088   0x0000002c   Code   RO         3423    i.PID_init          pid.o
    0x080010b4   0x00000002   Code   RO          148    i.PendSV_Handler    stm32f10x_it.o
    0x080010b6   0x00000002   PAD
    0x080010b8   0x00000020   Code   RO         1850    i.RCC_AHBPeriphClockCmd  stm32f10x_rcc.o
    0x080010d8   0x00000020   Code   RO         1851    i.RCC_APB1PeriphClockCmd  stm32f10x_rcc.o
    0x080010f8   0x00000020   Code   RO         1853    i.RCC_APB2PeriphClockCmd  stm32f10x_rcc.o
    0x08001118   0x000000d4   Code   RO         1861    i.RCC_GetClocksFreq  stm32f10x_rcc.o
    0x080011ec   0x00000002   Code   RO          149    i.SVC_Handler       stm32f10x_it.o
    0x080011ee   0x00000008   Code   RO          206    i.SetSysClock       system_stm32f10x.o
    0x080011f6   0x00000002   PAD
    0x080011f8   0x000000e0   Code   RO          207    i.SetSysClockTo72   system_stm32f10x.o
    0x080012d8   0x00000014   Code   RO         3424    i.Speed_Change      pid.o
    0x080012ec   0x00000028   Code   RO          262    i.SysTick_CLKSourceConfig  misc.o
    0x08001314   0x00000002   Code   RO          150    i.SysTick_Handler   stm32f10x_it.o
    0x08001316   0x00000002   PAD
    0x08001318   0x00000060   Code   RO          209    i.SystemInit        system_stm32f10x.o
    0x08001378   0x0000007e   Code   RO         3716    i.TFTLCD_FSMC_Init  lcd.o
    0x080013f6   0x00000002   PAD
    0x080013f8   0x00000070   Code   RO         3717    i.TFTLCD_GPIO_Init  lcd.o
    0x08001468   0x00000268   Code   RO         3718    i.TFTLCD_Init       lcd.o
    0x080016d0   0x00000080   Code   RO         2469    i.TI1_Config        stm32f10x_tim.o
    0x08001750   0x00000098   Code   RO         2470    i.TI2_Config        stm32f10x_tim.o
    0x080017e8   0x00000090   Code   RO         2471    i.TI3_Config        stm32f10x_tim.o
    0x08001878   0x00000098   Code   RO         2472    i.TI4_Config        stm32f10x_tim.o
    0x08001910   0x0000002c   Code   RO         3364    i.TIM5_IRQHandler   encoder_tim5.o
    0x0800193c   0x000000cc   Code   RO         3383    i.TIM6_IRQHandler   base_tim6.o
    0x08001a08   0x00000018   Code   RO         2473    i.TIM_ARRPreloadConfig  stm32f10x_tim.o
    0x08001a20   0x00000006   Code   RO         2479    i.TIM_ClearFlag     stm32f10x_tim.o
    0x08001a26   0x00000006   Code   RO         2480    i.TIM_ClearITPendingBit  stm32f10x_tim.o
    0x08001a2c   0x00000018   Code   RO         2485    i.TIM_Cmd           stm32f10x_tim.o
    0x08001a44   0x0000001e   Code   RO         2487    i.TIM_CtrlPWMOutputs  stm32f10x_tim.o
    0x08001a62   0x00000022   Code   RO         2506    i.TIM_GetITStatus   stm32f10x_tim.o
    0x08001a84   0x000000ac   Code   RO         2508    i.TIM_ICInit        stm32f10x_tim.o
    0x08001b30   0x00000012   Code   RO         2510    i.TIM_ITConfig      stm32f10x_tim.o
    0x08001b42   0x00000002   PAD
    0x08001b44   0x00000098   Code   RO         2514    i.TIM_OC1Init       stm32f10x_tim.o
    0x08001bdc   0x00000012   Code   RO         2517    i.TIM_OC1PreloadConfig  stm32f10x_tim.o
    0x08001bee   0x00000004   Code   RO         2546    i.TIM_SetCompare1   stm32f10x_tim.o
    0x08001bf2   0x00000012   Code   RO         2551    i.TIM_SetIC1Prescaler  stm32f10x_tim.o
    0x08001c04   0x0000001a   Code   RO         2552    i.TIM_SetIC2Prescaler  stm32f10x_tim.o
    0x08001c1e   0x00000012   Code   RO         2553    i.TIM_SetIC3Prescaler  stm32f10x_tim.o
    0x08001c30   0x0000001a   Code   RO         2554    i.TIM_SetIC4Prescaler  stm32f10x_tim.o
    0x08001c4a   0x00000002   PAD
    0x08001c4c   0x000000a4   Code   RO         2556    i.TIM_TimeBaseInit  stm32f10x_tim.o
    0x08001cf0   0x00000088   Code   RO         3305    i.USART1_IRQHandler  usart.o
    0x08001d78   0x00000018   Code   RO         3021    i.USART_Cmd         stm32f10x_usart.o
    0x08001d90   0x0000001a   Code   RO         3024    i.USART_GetFlagStatus  stm32f10x_usart.o
    0x08001daa   0x00000054   Code   RO         3025    i.USART_GetITStatus  stm32f10x_usart.o
    0x08001dfe   0x0000004a   Code   RO         3027    i.USART_ITConfig    stm32f10x_usart.o
    0x08001e48   0x000000d8   Code   RO         3028    i.USART_Init        stm32f10x_usart.o
    0x08001f20   0x0000000a   Code   RO         3035    i.USART_ReceiveData  stm32f10x_usart.o
    0x08001f2a   0x00000008   Code   RO         3038    i.USART_SendData    stm32f10x_usart.o
    0x08001f32   0x00000004   Code   RO          151    i.UsageFault_Handler  stm32f10x_it.o
    0x08001f36   0x00000006   Code   RO         3306    i._sys_exit         usart.o
    0x08001f3c   0x00000044   Code   RO         3251    i.delay_init        delay.o
    0x08001f80   0x0000004c   Code   RO         3252    i.delay_ms          delay.o
    0x08001fcc   0x000000b0   Code   RO         3365    i.encoder_init      encoder_tim5.o
    0x0800207c   0x000003fe   Code   RO         3646    i.exti_key16_init   exti.o
    0x0800247a   0x00000002   PAD
    0x0800247c   0x0000001c   Code   RO         3307    i.fputc             usart.o
    0x08002498   0x000000a4   Code   RO         3526    i.key0_number_zero  key.o
    0x0800253c   0x00000118   Code   RO         3527    i.key10_Kp_change   key.o
    0x08002654   0x00000118   Code   RO         3528    i.key11_Ki_change   key.o
    0x0800276c   0x00000118   Code   RO         3529    i.key12_Kd_change   key.o
    0x08002884   0x000000ac   Code   RO         3530    i.key13_speed_set   key.o
    0x08002930   0x000001e0   Code   RO         3531    i.key14_usart_pid_speed_angle_change  key.o
    0x08002b10   0x00000054   Code   RO         3532    i.key15_decimal_point  key.o
    0x08002b64   0x00000028   Code   RO         3533    i.key16_init        key.o
    0x08002b8c   0x000000a4   Code   RO         3534    i.key1_number_one   key.o
    0x08002c30   0x000000a4   Code   RO         3535    i.key2_number_two   key.o
    0x08002cd4   0x000000a4   Code   RO         3536    i.key3_number_three  key.o
    0x08002d78   0x000000a4   Code   RO         3537    i.key4_number_four  key.o
    0x08002e1c   0x000000a0   Code   RO         3538    i.key5_number_five  key.o
    0x08002ebc   0x000000a4   Code   RO         3539    i.key6_number_six   key.o
    0x08002f60   0x000000a4   Code   RO         3540    i.key7_number_seven  key.o
    0x08003004   0x000000a4   Code   RO         3541    i.key8_number_eight  key.o
    0x080030a8   0x000000a4   Code   RO         3542    i.key9_number_nine  key.o
    0x0800314c   0x000001f0   Code   RO         3425    i.lcd_show_PID      pid.o
    0x0800333c   0x00000110   Code   RO         3384    i.lcd_show_Speed_angle  base_tim6.o
    0x0800344c   0x0000007c   Code   RO         3426    i.lcd_show_really_speed  pid.o
    0x080034c8   0x0000002c   Code   RO         3427    i.lcd_show_set_speed  pid.o
    0x080034f4   0x00000130   Code   RO            1    i.main              main.o
    0x08003624   0x00000250   Code   RO         3428    i.out_scan          pid.o
    0x08003874   0x000000e4   Code   RO         3429    i.pid_rectify       pid.o
    0x08003958   0x00000090   Code   RO         3346    i.tim4_motor_init   motor_time1.o
    0x080039e8   0x0000005c   Code   RO         3385    i.tim6_base_init    base_tim6.o
    0x08003a44   0x000000cc   Code   RO         3347    i.time1_motor_init  motor_time1.o
    0x08003b10   0x000000a0   Code   RO         3308    i.uart_init         usart.o
    0x08003bb0   0x0000003c   Code   RO         3865    i.usart1_send_string  usart_one.o
    0x08003bec   0x00000002   Code   RO         3430    i.usart_angle_change  pid.o
    0x08003bee   0x00000002   PAD
    0x08003bf0   0x00000054   Code   RO         3431    i.usart_kd_change   pid.o
    0x08003c44   0x00000054   Code   RO         3432    i.usart_ki_change   pid.o
    0x08003c98   0x00000054   Code   RO         3433    i.usart_kp_change   pid.o
    0x08003cec   0x00000068   Code   RO         3866    i.usart_order_execute  usart_one.o
    0x08003d54   0x00000058   Code   RO         3434    i.usart_speed_change  pid.o
    0x08003dac   0x00000062   Code   RO         3945    x$fpl$d2f           fz_ws.l(d2f.o)
    0x08003e0e   0x00000002   PAD
    0x08003e10   0x00000150   Code   RO         3947    x$fpl$dadd          fz_ws.l(daddsub_clz.o)
    0x08003f60   0x000002b0   Code   RO         3954    x$fpl$ddiv          fz_ws.l(ddiv.o)
    0x08004210   0x00000154   Code   RO         3957    x$fpl$dmul          fz_ws.l(dmul.o)
    0x08004364   0x0000009c   Code   RO         3995    x$fpl$dnaninf       fz_ws.l(dnaninf.o)
    0x08004400   0x0000000c   Code   RO         3997    x$fpl$dretinf       fz_ws.l(dretinf.o)
    0x0800440c   0x000001d4   Code   RO         3949    x$fpl$dsub          fz_ws.l(daddsub_clz.o)
    0x080045e0   0x00000056   Code   RO         3959    x$fpl$f2d           fz_ws.l(f2d.o)
    0x08004636   0x00000002   PAD
    0x08004638   0x000000c4   Code   RO         3961    x$fpl$fadd          fz_ws.l(faddsub_clz.o)
    0x080046fc   0x00000184   Code   RO         3968    x$fpl$fdiv          fz_ws.l(fdiv.o)
    0x08004880   0x00000036   Code   RO         3971    x$fpl$ffix          fz_ws.l(ffix.o)
    0x080048b6   0x00000002   PAD
    0x080048b8   0x0000003e   Code   RO         3975    x$fpl$ffixu         fz_ws.l(ffixu.o)
    0x080048f6   0x00000002   PAD
    0x080048f8   0x00000030   Code   RO         3980    x$fpl$fflt          fz_ws.l(fflt_clz.o)
    0x08004928   0x00000026   Code   RO         3979    x$fpl$ffltu         fz_ws.l(fflt_clz.o)
    0x0800494e   0x00000002   PAD
    0x08004950   0x00000102   Code   RO         3985    x$fpl$fmul          fz_ws.l(fmul.o)
    0x08004a52   0x0000008c   Code   RO         3999    x$fpl$fnaninf       fz_ws.l(fnaninf.o)
    0x08004ade   0x0000000a   Code   RO         4001    x$fpl$fretinf       fz_ws.l(fretinf.o)
    0x08004ae8   0x00000014   Code   RO         3962    x$fpl$frsb          fz_ws.l(faddsub_clz.o)
    0x08004afc   0x000000ea   Code   RO         3963    x$fpl$fsub          fz_ws.l(faddsub_clz.o)
    0x08004be6   0x00000000   Code   RO         4003    x$fpl$usenofp       fz_ws.l(usenofp.o)
    0x08004be6   0x00000002   PAD
    0x08004be8   0x000000be   Data   RO         3543    .constdata          key.o
    0x08004ca6   0x000017c0   Data   RO         3719    .constdata          lcd.o
    0x08006466   0x00000028   Data   RO         3900    .constdata          c_w.l(_printf_hex_int.o)
    0x0800648e   0x00000002   PAD
    0x08006490   0x00000020   Data   RO         4160    Region$$Table       anon$$obj.o


    Execution Region RW_IRAM1 (Base: 0x20000000, Size: 0x00000a30, Max: 0x00010000, ABSOLUTE, COMPRESSED[0x00000054])

    Base Addr    Size         Type   Attr      Idx    E Section Name        Object

    0x20000000   0x00000008   Data   RW            2    .data               main.o
    0x20000008   0x00000014   Data   RW          210    .data               system_stm32f10x.o
    0x2000001c   0x00000014   Data   RW         1881    .data               stm32f10x_rcc.o
    0x20000030   0x00000004   Data   RW         3254    .data               delay.o
    0x20000034   0x00000006   Data   RW         3310    .data               usart.o
    0x2000003a   0x00000002   PAD
    0x2000003c   0x00000039   Data   RW         3386    .data               base_tim6.o
    0x20000075   0x00000003   PAD
    0x20000078   0x00000038   Data   RW         3436    .data               pid.o
    0x200000b0   0x00000224   Data   RW         3544    .data               key.o
    0x200002d4   0x0000000c   Data   RW         3720    .data               lcd.o
    0x200002e0   0x00000005   Data   RW         3867    .data               usart_one.o
    0x200002e5   0x00000003   PAD
    0x200002e8   0x000000c8   Zero   RW         3309    .bss                usart.o
    0x200003b0   0x0000001c   Zero   RW         3435    .bss                pid.o
    0x200003cc   0x00000060   Zero   RW         4038    .bss                c_w.l(libspace.o)
    0x2000042c   0x00000004   PAD
    0x20000430   0x00000200   Zero   RW          252    HEAP                startup_stm32f10x_hd.o
    0x20000630   0x00000400   Zero   RW          251    STACK               startup_stm32f10x_hd.o


==============================================================================

Image component sizes


      Code (inc. data)   RO Data    RW Data    ZI Data      Debug   Object Name

       568         62          0         57          0       2650   base_tim6.o
         0          0          0          0          0         32   core_cm3.o
       144         22          0          4          0       1184   delay.o
       220         22          0          0          0       1169   encoder_tim5.o
      1486         42          0          0          0       4629   exti.o
      3252        534        190        548          0      11007   key.o
      2160         96       6080         12          0      13518   lcd.o
       304         14          0          8          0      56738   main.o
       172         22          0          0          0     208985   misc.o
       348         24          0          0          0       1329   motor_time1.o
      1950        180          0         56         28       8459   pid.o
        64         26        304          0       1536        792   startup_stm32f10x_hd.o
       160         12          0          0          0       1485   stm32f10x_exti.o
       282          6          0          0          0       1797   stm32f10x_fsmc.o
       504         10          0          0          0       4008   stm32f10x_gpio.o
        26          0          0          0          0       3662   stm32f10x_it.o
       308         38          0         20          0       4970   stm32f10x_rcc.o
      1316        170          0          0          0      12902   stm32f10x_tim.o
       442          6          0          0          0       6117   stm32f10x_usart.o
       328         28          0         20          0       2057   system_stm32f10x.o
       330         28          0          6        200       4136   usart.o
       164         30          0          5          0       1648   usart_one.o

    ----------------------------------------------------------------------
     14556       1372       6606        744       1764     353274   Object Totals
         0          0         32          0          0          0   (incl. Generated)
        28          0          0          8          0          0   (incl. Padding)

    ----------------------------------------------------------------------

      Code (inc. data)   RO Data    RW Data    ZI Data      Debug   Library Member Name

        90          0          0          0          0          0   __dczerorl2.o
         8          0          0          0          0         68   __main.o
       104          0          0          0          0         84   __printf.o
         0          0          0          0          0          0   __rtentry.o
        12          0          0          0          0          0   __rtentry2.o
         6          0          0          0          0          0   __rtentry4.o
        52          8          0          0          0          0   __scatter.o
        28          0          0          0          0          0   __scatter_zi.o
        48          6          0          0          0         96   _printf_char_common.o
        36          4          0          0          0         80   _printf_char_file.o
        88          4         40          0          0         88   _printf_hex_int.o
       178          0          0          0          0         88   _printf_intcommon.o
         0          0          0          0          0          0   _printf_percent.o
         4          0          0          0          0          0   _printf_percent_end.o
         6          0          0          0          0          0   _printf_x.o
        18          0          0          0          0         80   exit.o
         8          0          0          0          0         68   ferror.o
         6          0          0          0          0        152   heapauxi.o
         2          0          0          0          0          0   libinit.o
         2          0          0          0          0          0   libinit2.o
         2          0          0          0          0          0   libshutdown.o
         2          0          0          0          0          0   libshutdown2.o
         8          4          0          0         96         68   libspace.o
        24          4          0          0          0         84   noretval__2printf.o
       100          0          0          0          0         80   rt_memcpy_w.o
         2          0          0          0          0          0   rtexit.o
        10          0          0          0          0          0   rtexit2.o
        74          0          0          0          0         80   sys_stackheap_outer.o
         2          0          0          0          0         68   use_no_semi.o
         2          0          0          0          0         68   use_no_semi_2.o
        98          4          0          0          0         92   d2f.o
       804         16          0          0          0        272   daddsub_clz.o
       688        140          0          0          0        208   ddiv.o
       340         12          0          0          0        104   dmul.o
       156          4          0          0          0         92   dnaninf.o
        12          0          0          0          0         68   dretinf.o
        86          4          0          0          0         84   f2d.o
       450          8          0          0          0        236   faddsub_clz.o
       388         76          0          0          0         96   fdiv.o
        54          4          0          0          0         84   ffix.o
        62          4          0          0          0         84   ffixu.o
        86          0          0          0          0        136   fflt_clz.o
       258          4          0          0          0         84   fmul.o
       140          4          0          0          0         84   fnaninf.o
        10          0          0          0          0         68   fretinf.o
         0          0          0          0          0          0   usenofp.o

    ----------------------------------------------------------------------
      4572        310         42          0        100       3044   Library Totals
        18          0          2          0          4          0   (incl. Padding)

    ----------------------------------------------------------------------

      Code (inc. data)   RO Data    RW Data    ZI Data      Debug   Library Name

       922         30         40          0         96       1252   c_w.l
      3632        280          0          0          0       1792   fz_ws.l

    ----------------------------------------------------------------------
      4572        310         42          0        100       3044   Library Totals

    ----------------------------------------------------------------------

==============================================================================


      Code (inc. data)   RO Data    RW Data    ZI Data      Debug   

     19128       1682       6648        744       1864     348306   Grand Totals
     19128       1682       6648         84       1864     348306   ELF Image Totals (compressed)
     19128       1682       6648         84          0          0   ROM Totals

==============================================================================

    Total RO  Size (Code + RO Data)                25776 (  25.17kB)
    Total RW  Size (RW Data + ZI Data)              2608 (   2.55kB)
    Total ROM Size (Code + RO Data + RW Data)      25860 (  25.25kB)

==============================================================================

